Component: ARM Compiler 5.06 update 7 (build 960) Tool: armlink [4d3601]

==============================================================================

Section Cross References

    startup_stm32f103xb.o(STACK) refers (Special) to heapauxi.o(.text) for __use_two_region_memory
    startup_stm32f103xb.o(HEAP) refers (Special) to heapauxi.o(.text) for __use_two_region_memory
    startup_stm32f103xb.o(RESET) refers (Special) to heapauxi.o(.text) for __use_two_region_memory
    startup_stm32f103xb.o(RESET) refers to startup_stm32f103xb.o(STACK) for __initial_sp
    startup_stm32f103xb.o(RESET) refers to startup_stm32f103xb.o(.text) for Reset_Handler
    startup_stm32f103xb.o(RESET) refers to stm32f1xx_it.o(i.NMI_Handler) for NMI_Handler
    startup_stm32f103xb.o(RESET) refers to stm32f1xx_it.o(i.HardFault_Handler) for HardFault_Handler
    startup_stm32f103xb.o(RESET) refers to stm32f1xx_it.o(i.MemManage_Handler) for MemManage_Handler
    startup_stm32f103xb.o(RESET) refers to stm32f1xx_it.o(i.BusFault_Handler) for BusFault_Handler
    startup_stm32f103xb.o(RESET) refers to stm32f1xx_it.o(i.UsageFault_Handler) for UsageFault_Handler
    startup_stm32f103xb.o(RESET) refers to stm32f1xx_it.o(i.SVC_Handler) for SVC_Handler
    startup_stm32f103xb.o(RESET) refers to stm32f1xx_it.o(i.DebugMon_Handler) for DebugMon_Handler
    startup_stm32f103xb.o(RESET) refers to stm32f1xx_it.o(i.PendSV_Handler) for PendSV_Handler
    startup_stm32f103xb.o(RESET) refers to stm32f1xx_it.o(i.SysTick_Handler) for SysTick_Handler
    startup_stm32f103xb.o(RESET) refers to stm32f1xx_it.o(i.DMA1_Channel2_IRQHandler) for DMA1_Channel2_IRQHandler
    startup_stm32f103xb.o(RESET) refers to stm32f1xx_it.o(i.DMA1_Channel3_IRQHandler) for DMA1_Channel3_IRQHandler
    startup_stm32f103xb.o(RESET) refers to stm32f1xx_it.o(i.DMA1_Channel6_IRQHandler) for DMA1_Channel6_IRQHandler
    startup_stm32f103xb.o(RESET) refers to stm32f1xx_it.o(i.DMA1_Channel7_IRQHandler) for DMA1_Channel7_IRQHandler
    startup_stm32f103xb.o(RESET) refers to stm32f1xx_it.o(i.TIM1_CC_IRQHandler) for TIM1_CC_IRQHandler
    startup_stm32f103xb.o(RESET) refers to stm32f1xx_it.o(i.USART3_IRQHandler) for USART3_IRQHandler
    startup_stm32f103xb.o(.text) refers (Special) to heapauxi.o(.text) for __use_two_region_memory
    startup_stm32f103xb.o(.text) refers to system_stm32f1xx.o(i.SystemInit) for SystemInit
    startup_stm32f103xb.o(.text) refers to __main.o(!!!main) for __main
    startup_stm32f103xb.o(.text) refers to startup_stm32f103xb.o(HEAP) for Heap_Mem
    startup_stm32f103xb.o(.text) refers to startup_stm32f103xb.o(STACK) for Stack_Mem
    mpu6050.o(i.Kalman_Init) refers to stm32f1xx_hal.o(i.HAL_GetTick) for HAL_GetTick
    mpu6050.o(i.Kalman_Init) refers to mpu6050.o(.bss) for .bss
    mpu6050.o(i.Kalman_Init) refers to mpu6050.o(.data) for .data
    mpu6050.o(i.Kalman_getAngle) refers to daddsub_clz.o(x$fpl$dsub) for __aeabi_dsub
    mpu6050.o(i.Kalman_getAngle) refers to dmul.o(x$fpl$dmul) for __aeabi_dmul
    mpu6050.o(i.Kalman_getAngle) refers to daddsub_clz.o(x$fpl$dadd) for __aeabi_dadd
    mpu6050.o(i.Kalman_getAngle) refers to daddsub_clz.o(x$fpl$drsb) for __aeabi_drsub
    mpu6050.o(i.Kalman_getAngle) refers to ddiv.o(x$fpl$ddiv) for __aeabi_ddiv
    mpu6050.o(i.MPU6050_Init) refers to stm32f1xx_hal_i2c.o(i.HAL_I2C_Mem_Read) for HAL_I2C_Mem_Read
    mpu6050.o(i.MPU6050_Init) refers to stm32f1xx_hal_i2c.o(i.HAL_I2C_Mem_Write) for HAL_I2C_Mem_Write
    mpu6050.o(i.MPU6050_Init) refers to mpu6050.o(.data) for .data
    mpu6050.o(i.MPU_Get_Accelerometer) refers to mpu6050.o(i.MPU_Get_RAW_Accelerometer) for MPU_Get_RAW_Accelerometer
    mpu6050.o(i.MPU_Get_Accelerometer) refers to fflt_clz.o(x$fpl$fflt) for __aeabi_i2f
    mpu6050.o(i.MPU_Get_Accelerometer) refers to scalbnf.o(x$fpl$scalbnf) for __ARM_scalbnf
    mpu6050.o(i.MPU_Get_Filtered_Angles) refers to mpu6050.o(i.MPU_Get_Accelerometer) for MPU_Get_Accelerometer
    mpu6050.o(i.MPU_Get_Filtered_Angles) refers to mpu6050.o(i.MPU_Get_Gyroscope) for MPU_Get_Gyroscope
    mpu6050.o(i.MPU_Get_Filtered_Angles) refers to fmul.o(x$fpl$fmul) for __aeabi_fmul
    mpu6050.o(i.MPU_Get_Filtered_Angles) refers to faddsub_clz.o(x$fpl$fadd) for __aeabi_fadd
    mpu6050.o(i.MPU_Get_Filtered_Angles) refers to sqrtf.o(i.sqrtf) for sqrtf
    mpu6050.o(i.MPU_Get_Filtered_Angles) refers to atan2f.o(i.atan2f) for atan2f
    mpu6050.o(i.MPU_Get_Filtered_Angles) refers to f2d.o(x$fpl$f2d) for __aeabi_f2d
    mpu6050.o(i.MPU_Get_Filtered_Angles) refers to ddiv.o(x$fpl$ddiv) for __aeabi_ddiv
    mpu6050.o(i.MPU_Get_Filtered_Angles) refers to d2f.o(x$fpl$d2f) for __aeabi_d2f
    mpu6050.o(i.MPU_Get_Filtered_Angles) refers to stm32f1xx_hal.o(i.HAL_GetTick) for HAL_GetTick
    mpu6050.o(i.MPU_Get_Filtered_Angles) refers to fflt_clz.o(x$fpl$ffltu) for __aeabi_ui2f
    mpu6050.o(i.MPU_Get_Filtered_Angles) refers to fdiv.o(x$fpl$fdiv) for __aeabi_fdiv
[...]
    I2C1_ER_IRQHandler                       0x080001d3   Thumb Code     0  startup_stm32f103xb.o(.text)
    I2C1_EV_IRQHandler                       0x080001d3   Thumb Code     0  startup_stm32f103xb.o(.text)
    I2C2_ER_IRQHandler                       0x080001d3   Thumb Code     0  startup_stm32f103xb.o(.text)
    I2C2_EV_IRQHandler                       0x080001d3   Thumb Code     0  startup_stm32f103xb.o(.text)
    PVD_IRQHandler                           0x080001d3   Thumb Code     0  startup_stm32f103xb.o(.text)
    RCC_IRQHandler                           0x080001d3   Thumb Code     0  startup_stm32f103xb.o(.text)
    RTC_Alarm_IRQHandler                     0x080001d3   Thumb Code     0  startup_stm32f103xb.o(.text)
    RTC_IRQHandler                           0x080001d3   Thumb Code     0  startup_stm32f103xb.o(.text)
    SPI1_IRQHandler                          0x080001d3   Thumb Code     0  startup_stm32f103xb.o(.text)
    SPI2_IRQHandler                          0x080001d3   Thumb Code     0  startup_stm32f103xb.o(.text)
    TAMPER_IRQHandler                        0x080001d3   Thumb Code     0  startup_stm32f103xb.o(.text)
    TIM1_BRK_IRQHandler                      0x080001d3   Thumb Code     0  startup_stm32f103xb.o(.text)
    TIM1_TRG_COM_IRQHandler                  0x080001d3   Thumb Code     0  startup_stm32f103xb.o(.text)
    TIM1_UP_IRQHandler                       0x080001d3   Thumb Code     0  startup_stm32f103xb.o(.text)
    TIM2_IRQHandler                          0x080001d3   Thumb Code     0  startup_stm32f103xb.o(.text)
    TIM3_IRQHandler                          0x080001d3   Thumb Code     0  startup_stm32f103xb.o(.text)
    TIM4_IRQHandler                          0x080001d3   Thumb Code     0  startup_stm32f103xb.o(.text)
    USART1_IRQHandler                        0x080001d3   Thumb Code     0  startup_stm32f103xb.o(.text)
    USART2_IRQHandler                        0x080001d3   Thumb Code     0  startup_stm32f103xb.o(.text)
    USBWakeUp_IRQHandler                     0x080001d3   Thumb Code     0  startup_stm32f103xb.o(.text)
    USB_HP_CAN1_TX_IRQHandler                0x080001d3   Thumb Code     0  startup_stm32f103xb.o(.text)
    USB_LP_CAN1_RX0_IRQHandler               0x080001d3   Thumb Code     0  startup_stm32f103xb.o(.text)
    WWDG_IRQHandler                          0x080001d3   Thumb Code     0  startup_stm32f103xb.o(.text)
    __user_initial_stackheap                 0x080001d5   Thumb Code     0  startup_stm32f103xb.o(.text)
    __2sprintf                               0x080001f9   Thumb Code    34  noretval__2sprintf.o(.text)
    __2snprintf                              0x08000221   Thumb Code    48  noretval__2snprintf.o(.text)
    _printf_str                              0x08000255   Thumb Code    82  _printf_str.o(.text)
    _printf_int_dec                          0x080002a9   Thumb Code   104  _printf_dec.o(.text)
    __printf                                 0x08000321   Thumb Code   270  __printf_wp.o(.text)
    __0sscanf                                0x08000431   Thumb Code    52  __0sscanf.o(.text)
    atoi                                     0x0800046d   Thumb Code    26  atoi.o(.text)
    strchr                                   0x08000487   Thumb Code    20  strchr.o(.text)
    strlen                                   0x0800049b   Thumb Code    62  strlen.o(.text)
    strncmp                                  0x080004d9   Thumb Code   150  strncmp.o(.text)
    __aeabi_memcpy4                          0x0800056f   Thumb Code     0  rt_memcpy_w.o(.text)
    __aeabi_memcpy8                          0x0800056f   Thumb Code     0  rt_memcpy_w.o(.text)
    __rt_memcpy_w                            0x0800056f   Thumb Code   100  rt_memcpy_w.o(.text)
    _memcpy_lastbytes_aligned                0x080005b7   Thumb Code     0  rt_memcpy_w.o(.text)
    __aeabi_memclr4                          0x080005d3   Thumb Code     0  rt_memclr_w.o(.text)
    __aeabi_memclr8                          0x080005d3   Thumb Code     0  rt_memclr_w.o(.text)
    __rt_memclr_w                            0x080005d3   Thumb Code    78  rt_memclr_w.o(.text)
    _memset_w                                0x080005d7   Thumb Code     0  rt_memclr_w.o(.text)
    strcmp                                   0x08000621   Thumb Code   128  strcmpv7m.o(.text)
    __use_two_region_memory                  0x080006a1   Thumb Code     2  heapauxi.o(.text)
    __rt_heap_escrow$2region                 0x080006a3   Thumb Code     2  heapauxi.o(.text)
    __rt_heap_expand$2region                 0x080006a5   Thumb Code     2  heapauxi.o(.text)
    __aeabi_errno_addr                       0x080006a9   Thumb Code     8  rt_errno_addr_intlibspace.o(.text)
    __errno$intlibspace                      0x080006a9   Thumb Code     0  rt_errno_addr_intlibspace.o(.text)
    __rt_errno_addr$intlibspace              0x080006a9   Thumb Code     0  rt_errno_addr_intlibspace.o(.text)
    __read_errno                             0x080006b1   Thumb Code    10  _rserrno.o(.text)
    __set_errno                              0x080006bb   Thumb Code    12  _rserrno.o(.text)
    _printf_int_common                       0x080006c7   Thumb Code   178  _printf_intcommon.o(.text)
    __lib_sel_fp_printf                      0x08000779   Thumb Code     2  _printf_fp_dec.o(.text)
    _printf_fp_dec_real                      0x0800092b   Thumb Code   620  _printf_fp_dec.o(.text)
    _printf_char_common                      0x08000ba3   Thumb Code    32  _printf_char_common.o(.text)
    _sputc                                   0x08000bc9   Thumb Code    10  _sputc.o(.text)
    _snputc                                  0x08000bd3   Thumb Code    16  _snputc.o(.text)
    _printf_cs_common                        0x08000be3   Thumb Code    20  _printf_char.o(.text)
    _printf_char                             0x08000bf7   Thumb Code    16  _printf_char.o(.text)
    _printf_string                           0x08000c07   Thumb Code     8  _printf_char.o(.text)
    _scanf_really_real                       0x08000e5d   Thumb Code   684  scanf_fp.o(.text)
    __vfscanf_char                           0x08001115   Thumb Code    24  scanf_char.o(.text)
    _sgetc                                   0x08001135   Thumb Code    30  _sgetc.o(.text)
    _sbackspace                              0x08001153   Thumb Code    34  _sgetc.o(.text)
    __strtod_int                             0x080011b1   Thumb Code    90  strtod.o(.text)
    strtol                                   0x08001219   Thumb Code   112  strtol.o(.text)
    __user_libspace                          0x08001289   Thumb Code     8  libspace.o(.text)
    __user_perproc_libspace                  0x08001289   Thumb Code     0  libspace.o(.text)
    __user_perthread_libspace                0x08001289   Thumb Code     0  libspace.o(.text)
    __rt_ctype_table                         0x08001291   Thumb Code    16  rt_ctype_table.o(.text)
    __rt_locale                              0x080012a1   Thumb Code     8  rt_locale_intlibspace.o(.text)
    _ll_udiv10                               0x080012a9   Thumb Code   138  lludiv10.o(.text)
    isspace                                  0x08001333   Thumb Code    18  isspace.o(.text)
    _printf_fp_infnan                        0x08001345   Thumb Code   112  _printf_fp_infnan.o(.text)
    __vfscanf                                0x080013c5   Thumb Code   880  _scanf.o(.text)
    _strtoul                                 0x08001739   Thumb Code   158  _strtoul.o(.text)
    _btod_etento                             0x080017d9   Thumb Code   224  bigflt0.o(.text)
    __user_setup_stackheap                   0x080018bd   Thumb Code    74  sys_stackheap_outer.o(.text)
    _chval                                   0x08001907   Thumb Code    28  _chval.o(.text)
    _scanf_really_hex_real                   0x08001925   Thumb Code   786  scanf_hexfp.o(.text)
    _scanf_really_infnan                     0x08001c45   Thumb Code   292  scanf_infnan.o(.text)
    exit                                     0x08001d79   Thumb Code    18  exit.o(.text)
    __aeabi_llsl                             0x08001d8b   Thumb Code     0  llshl.o(.text)
    _ll_shift_l                              0x08001d8b   Thumb Code    38  llshl.o(.text)
    _sys_exit                                0x08001db1   Thumb Code     8  sys_exit.o(.text)
    __I$use$semihosting                      0x08001dbd   Thumb Code     0  use_no_semi.o(.text)
    __use_no_semihosting_swi                 0x08001dbd   Thumb Code     2  use_no_semi.o(.text)
    __semihosting_library_function           0x08001dbf   Thumb Code     0  indicate_semi.o(.text)
    _btod_d2e                                0x08001dbf   Thumb Code    62  btod.o(CL$$btod_d2e)
    _d2e_denorm_low                          0x08001dfd   Thumb Code    70  btod.o(CL$$btod_d2e_denorm_low)
    _d2e_norm_op1                            0x08001e43   Thumb Code    96  btod.o(CL$$btod_d2e_norm_op1)
    __btod_div_common                        0x08001ea3   Thumb Code   696  btod.o(CL$$btod_div_common)
    _e2d                                     0x080021dd   Thumb Code   122  btod.o(CL$$btod_e2d)
    _e2e                                     0x08002261   Thumb Code   220  btod.o(CL$$btod_e2e)
    _btod_ediv                               0x0800233d   Thumb Code    42  btod.o(CL$$btod_ediv)
    _btod_edivd                              0x08002367   Thumb Code    42  btod.o(CL$$btod_edivd)
    _btod_emul                               0x08002391   Thumb Code    42  btod.o(CL$$btod_emul)
    _btod_emuld                              0x080023bb   Thumb Code    42  btod.o(CL$$btod_emuld)
    __btod_mult_common                       0x080023e5   Thumb Code   580  btod.o(CL$$btod_mult_common)
    BalanceControl_EmergencyStop             0x08002629   Thumb Code    40  balance_control.o(i.BalanceControl_EmergencyStop)
    BalanceControl_Enable                    0x08002659   Thumb Code    44  balance_control.o(i.BalanceControl_Enable)
    BalanceControl_GetState                  0x0800268d   Thumb Code     4  balance_control.o(i.BalanceControl_GetState)
    BalanceControl_Init                      0x08002695   Thumb Code    54  balance_control.o(i.BalanceControl_Init)
    BalanceControl_ObstacleAvoidance         0x080026d1   Thumb Code    54  balance_control.o(i.BalanceControl_ObstacleAvoidance)
    BalanceControl_PID_Reset                 0x08002711   Thumb Code    10  balance_control.o(i.BalanceControl_PID_Reset)
    BalanceControl_PID_Update                0x0800271b   Thumb Code   162  balance_control.o(i.BalanceControl_PID_Update)
    BalanceControl_SetTargetAngle            0x080027bd   Thumb Code     6  balance_control.o(i.BalanceControl_SetTargetAngle)
    BalanceControl_SetTargetSpeed            0x080027c9   Thumb Code     6  balance_control.o(i.BalanceControl_SetTargetSpeed)
    BalanceControl_SetVisionMode             0x080027d5   Thumb Code    14  balance_control.o(i.BalanceControl_SetVisionMode)
    BalanceControl_Update                    0x080027e9   Thumb Code   312  balance_control.o(i.BalanceControl_Update)
    BalanceControl_VisionUpdate              0x0800293d   Thumb Code     2  balance_control.o(i.BalanceControl_VisionUpdate)
    Bluetooth_HandleRxData                   0x08002dc5   Thumb Code    92  bluetooth.o(i.Bluetooth_HandleRxData)
    Bluetooth_Init                           0x08002e25   Thumb Code    86  bluetooth.o(i.Bluetooth_Init)
    Bluetooth_ProcessCommand                 0x08002e89   Thumb Code    36  bluetooth.o(i.Bluetooth_ProcessCommand)
    Bluetooth_SendMessage                    0x08002eb1   Thumb Code    72  bluetooth.o(i.Bluetooth_SendMessage)
    Bluetooth_SendStatus                     0x08002efd   Thumb Code   184  bluetooth.o(i.Bluetooth_SendStatus)
    Bluetooth_Update                         0x08002fcd   Thumb Code    72  bluetooth.o(i.Bluetooth_Update)
    BusFault_Handler                         0x0800301d   Thumb Code     2  stm32f1xx_it.o(i.BusFault_Handler)
    DMA1_Channel2_IRQHandler                 0x08003021   Thumb Code     6  stm32f1xx_it.o(i.DMA1_Channel2_IRQHandler)
    DMA1_Channel3_IRQHandler                 0x0800302d   Thumb Code     6  stm32f1xx_it.o(i.DMA1_Channel3_IRQHandler)
    DMA1_Channel6_IRQHandler                 0x08003039   Thumb Code     6  stm32f1xx_it.o(i.DMA1_Channel6_IRQHandler)
    DMA1_Channel7_IRQHandler                 0x08003045   Thumb Code     6  stm32f1xx_it.o(i.DMA1_Channel7_IRQHandler)
    DebugMon_Handler                         0x0800307b   Thumb Code     2  stm32f1xx_it.o(i.DebugMon_Handler)
    Error_Handler                            0x0800307d   Thumb Code     4  main.o(i.Error_Handler)
    HAL_DMA_Abort                            0x08003081   Thumb Code    70  stm32f1xx_hal_dma.o(i.HAL_DMA_Abort)
    HAL_DMA_Abort_IT                         0x080030c9   Thumb Code   148  stm32f1xx_hal_dma.o(i.HAL_DMA_Abort_IT)
    HAL_DMA_IRQHandler                       0x08003161   Thumb Code   316  stm32f1xx_hal_dma.o(i.HAL_DMA_IRQHandler)
    HAL_DMA_Init                             0x080032b5   Thumb Code    84  stm32f1xx_hal_dma.o(i.HAL_DMA_Init)
    HAL_DMA_Start_IT                         0x08003311   Thumb Code   112  stm32f1xx_hal_dma.o(i.HAL_DMA_Start_IT)
    HAL_Delay                                0x08003381   Thumb Code    32  stm32f1xx_hal.o(i.HAL_Delay)
    HAL_GPIO_Init                            0x080033a5   Thumb Code   446  stm32f1xx_hal_gpio.o(i.HAL_GPIO_Init)
    HAL_GPIO_WritePin                        0x08003585   Thumb Code    10  stm32f1xx_hal_gpio.o(i.HAL_GPIO_WritePin)
    HAL_GetTick                              0x08003591   Thumb Code     6  stm32f1xx_hal.o(i.HAL_GetTick)
    HAL_I2C_Init                             0x0800359d   Thumb Code   376  stm32f1xx_hal_i2c.o(i.HAL_I2C_Init)
    HAL_I2C_Mem_Read                         0x08003725   Thumb Code   586  stm32f1xx_hal_i2c.o(i.HAL_I2C_Mem_Read)
    HAL_I2C_Mem_Write                        0x08003981   Thumb Code   294  stm32f1xx_hal_i2c.o(i.HAL_I2C_Mem_Write)
    HAL_I2C_MspInit                          0x08003ab1   Thumb Code    96  i2c.o(i.HAL_I2C_MspInit)
    HAL_IncTick                              0x08003b21   Thumb Code    12  stm32f1xx_hal.o(i.HAL_IncTick)
    HAL_Init                                 0x08003b31   Thumb Code    32  stm32f1xx_hal.o(i.HAL_Init)
    HAL_InitTick                             0x08003b55   Thumb Code    54  stm32f1xx_hal.o(i.HAL_InitTick)
    HAL_MspInit                              0x08003b95   Thumb Code    52  stm32f1xx_hal_msp.o(i.HAL_MspInit)
    HAL_NVIC_EnableIRQ                       0x08003bd1   Thumb Code    26  stm32f1xx_hal_cortex.o(i.HAL_NVIC_EnableIRQ)
    HAL_NVIC_SetPriority                     0x08003bed   Thumb Code    60  stm32f1xx_hal_cortex.o(i.HAL_NVIC_SetPriority)
    HAL_NVIC_SetPriorityGrouping             0x08003c2d   Thumb Code    26  stm32f1xx_hal_cortex.o(i.HAL_NVIC_SetPriorityGrouping)
    HAL_RCC_ClockConfig                      0x08003c51   Thumb Code   280  stm32f1xx_hal_rcc.o(i.HAL_RCC_ClockConfig)
    HAL_RCC_GetPCLK1Freq                     0x08003d7d   Thumb Code    20  stm32f1xx_hal_rcc.o(i.HAL_RCC_GetPCLK1Freq)
    HAL_RCC_GetPCLK2Freq                     0x08003d9d   Thumb Code    20  stm32f1xx_hal_rcc.o(i.HAL_RCC_GetPCLK2Freq)
    HAL_RCC_GetSysClockFreq                  0x08003dbd   Thumb Code    58  stm32f1xx_hal_rcc.o(i.HAL_RCC_GetSysClockFreq)
    HAL_RCC_OscConfig                        0x08003e09   Thumb Code   778  stm32f1xx_hal_rcc.o(i.HAL_RCC_OscConfig)
    HAL_SYSTICK_Config                       0x08004129   Thumb Code    40  stm32f1xx_hal_cortex.o(i.HAL_SYSTICK_Config)
    HAL_TIMEx_BreakCallback                  0x08004151   Thumb Code     2  stm32f1xx_hal_tim_ex.o(i.HAL_TIMEx_BreakCallback)
    HAL_TIMEx_CommutCallback                 0x08004153   Thumb Code     2  stm32f1xx_hal_tim_ex.o(i.HAL_TIMEx_CommutCallback)
    HAL_TIMEx_MasterConfigSynchronization    0x08004155   Thumb Code    92  stm32f1xx_hal_tim_ex.o(i.HAL_TIMEx_MasterConfigSynchronization)
    HAL_TIM_Base_Init                        0x080041bd   Thumb Code    90  stm32f1xx_hal_tim.o(i.HAL_TIM_Base_Init)
    HAL_TIM_Base_MspInit                     0x08004219   Thumb Code   112  tim.o(i.HAL_TIM_Base_MspInit)
    HAL_TIM_ConfigClockSource                0x08004299   Thumb Code   220  stm32f1xx_hal_tim.o(i.HAL_TIM_ConfigClockSource)
    HAL_TIM_Encoder_Init                     0x08004375   Thumb Code   164  stm32f1xx_hal_tim.o(i.HAL_TIM_Encoder_Init)
    HAL_TIM_Encoder_MspInit                  0x08004419   Thumb Code   122  tim.o(i.HAL_TIM_Encoder_MspInit)
    HAL_TIM_Encoder_Start                    0x080044a5   Thumb Code   142  stm32f1xx_hal_tim.o(i.HAL_TIM_Encoder_Start)
    HAL_TIM_IC_CaptureCallback               0x08004535   Thumb Code    76  ultrasonic.o(i.HAL_TIM_IC_CaptureCallback)
    HAL_TIM_IC_ConfigChannel                 0x08004589   Thumb Code   292  stm32f1xx_hal_tim.o(i.HAL_TIM_IC_ConfigChannel)
    HAL_TIM_IC_Init                          0x080046ad   Thumb Code    90  stm32f1xx_hal_tim.o(i.HAL_TIM_IC_Init)
    HAL_TIM_IC_MspInit                       0x08004707   Thumb Code     2  stm32f1xx_hal_tim.o(i.HAL_TIM_IC_MspInit)
    HAL_TIM_IC_Start_IT                      0x08004709   Thumb Code   216  stm32f1xx_hal_tim.o(i.HAL_TIM_IC_Start_IT)
    HAL_TIM_IRQHandler                       0x080047ed   Thumb Code   304  stm32f1xx_hal_tim.o(i.HAL_TIM_IRQHandler)
    HAL_TIM_MspPostInit                      0x0800491d   Thumb Code    62  tim.o(i.HAL_TIM_MspPostInit)
    HAL_TIM_OC_DelayElapsedCallback          0x08004969   Thumb Code     2  stm32f1xx_hal_tim.o(i.HAL_TIM_OC_DelayElapsedCallback)
    HAL_TIM_PWM_ConfigChannel                0x0800496b   Thumb Code   204  stm32f1xx_hal_tim.o(i.HAL_TIM_PWM_ConfigChannel)
    HAL_TIM_PWM_Init                         0x08004a37   Thumb Code    90  stm32f1xx_hal_tim.o(i.HAL_TIM_PWM_Init)
    HAL_TIM_PWM_MspInit                      0x08004a91   Thumb Code     2  stm32f1xx_hal_tim.o(i.HAL_TIM_PWM_MspInit)
    HAL_TIM_PWM_PulseFinishedCallback        0x08004a93   Thumb Code     2  stm32f1xx_hal_tim.o(i.HAL_TIM_PWM_PulseFinishedCallback)
    HAL_TIM_PWM_Start                        0x08004a95   Thumb Code   144  stm32f1xx_hal_tim.o(i.HAL_TIM_PWM_Start)
    HAL_TIM_PeriodElapsedCallback            0x08004b31   Thumb Code     2  stm32f1xx_hal_tim.o(i.HAL_TIM_PeriodElapsedCallback)
    HAL_TIM_ReadCapturedValue                0x08004b33   Thumb Code    42  stm32f1xx_hal_tim.o(i.HAL_TIM_ReadCapturedValue)
    HAL_TIM_TriggerCallback                  0x08004b5d   Thumb Code     2  stm32f1xx_hal_tim.o(i.HAL_TIM_TriggerCallback)
    HAL_UARTEx_RxEventCallback               0x08004b5f   Thumb Code     2  stm32f1xx_hal_uart.o(i.HAL_UARTEx_RxEventCallback)
    HAL_UART_ErrorCallback                   0x08004b61   Thumb Code     2  stm32f1xx_hal_uart.o(i.HAL_UART_ErrorCallback)
    HAL_UART_GetState                        0x08004b63   Thumb Code    10  stm32f1xx_hal_uart.o(i.HAL_UART_GetState)
    HAL_UART_IRQHandler                      0x08004b6d   Thumb Code   616  stm32f1xx_hal_uart.o(i.HAL_UART_IRQHandler)
    HAL_UART_Init                            0x08004dd9   Thumb Code   100  stm32f1xx_hal_uart.o(i.HAL_UART_Init)
    HAL_UART_MspInit                         0x08004e3d   Thumb Code   356  usart.o(i.HAL_UART_MspInit)
    HAL_UART_Receive_IT                      0x08004fbd   Thumb Code    28  stm32f1xx_hal_uart.o(i.HAL_UART_Receive_IT)
    HAL_UART_RxCpltCallback                  0x08004fd9   Thumb Code    56  main.o(i.HAL_UART_RxCpltCallback)
    HAL_UART_Transmit                        0x08005029   Thumb Code   160  stm32f1xx_hal_uart.o(i.HAL_UART_Transmit)
    HAL_UART_Transmit_DMA                    0x080050c9   Thumb Code   106  stm32f1xx_hal_uart.o(i.HAL_UART_Transmit_DMA)
    HAL_UART_TxCpltCallback                  0x08005141   Thumb Code     2  stm32f1xx_hal_uart.o(i.HAL_UART_TxCpltCallback)
    HAL_UART_TxHalfCpltCallback              0x08005143   Thumb Code     2  stm32f1xx_hal_uart.o(i.HAL_UART_TxHalfCpltCallback)
    HardFault_Handler                        0x08005145   Thumb Code     2  stm32f1xx_it.o(i.HardFault_Handler)
    K230_Vision_Init                         0x08005665   Thumb Code    40  k230_vision.o(i.K230_Vision_Init)
    K230_Vision_IsLineDetected               0x08005695   Thumb Code    18  k230_vision.o(i.K230_Vision_IsLineDetected)
    K230_Vision_IsObjectDetected             0x080056ad   Thumb Code    18  k230_vision.o(i.K230_Vision_IsObjectDetected)
    K230_Vision_ReceiveData                  0x080056c5   Thumb Code    78  k230_vision.o(i.K230_Vision_ReceiveData)
    K230_Vision_Update                       0x0800571d   Thumb Code   100  k230_vision.o(i.K230_Vision_Update)
    Kalman_Init                              0x08005789   Thumb Code   120  mpu6050.o(i.Kalman_Init)
    Kalman_getAngle                          0x08005815   Thumb Code   396  mpu6050.o(i.Kalman_getAngle)
    MPU6050_Init                             0x080059a1   Thumb Code   156  mpu6050.o(i.MPU6050_Init)
    MPU_Get_Accelerometer                    0x08005a41   Thumb Code    84  mpu6050.o(i.MPU_Get_Accelerometer)
    MPU_Get_Filtered_Angles                  0x08005a95   Thumb Code   304  mpu6050.o(i.MPU_Get_Filtered_Angles)
    MPU_Get_Gyroscope                        0x08005be1   Thumb Code    82  mpu6050.o(i.MPU_Get_Gyroscope)
    MPU_Get_RAW_Accelerometer                0x08005c39   Thumb Code    72  mpu6050.o(i.MPU_Get_RAW_Accelerometer)
    MPU_Get_RAW_Gyroscope                    0x08005c85   Thumb Code    72  mpu6050.o(i.MPU_Get_RAW_Gyroscope)
    MX_DMA_Init                              0x08005cd1   Thumb Code    88  dma.o(i.MX_DMA_Init)
    MX_GPIO_Init                             0x08005d2d   Thumb Code   144  gpio.o(i.MX_GPIO_Init)
    MX_I2C1_Init                             0x08005dc9   Thumb Code    50  i2c.o(i.MX_I2C1_Init)
    MX_TIM1_Init                             0x08005e09   Thumb Code   164  tim.o(i.MX_TIM1_Init)
    MX_TIM2_Init                             0x08005eb5   Thumb Code    98  tim.o(i.MX_TIM2_Init)
    MX_TIM3_Init                             0x08005f1d   Thumb Code   164  tim.o(i.MX_TIM3_Init)
    MX_TIM4_Init                             0x08005fc9   Thumb Code    96  tim.o(i.MX_TIM4_Init)
    MX_USART2_UART_Init                      0x08006031   Thumb Code    48  usart.o(i.MX_USART2_UART_Init)
    MX_USART3_UART_Init                      0x08006069   Thumb Code    48  usart.o(i.MX_USART3_UART_Init)
    MemManage_Handler                        0x080060a1   Thumb Code     2  stm32f1xx_it.o(i.MemManage_Handler)
    MotorEncoder_GetSpeedMPS                 0x080060a3   Thumb Code     4  motorencoder.o(i.MotorEncoder_GetSpeedMPS)
    MotorEncoder_Init                        0x080060a9   Thumb Code    52  motorencoder.o(i.MotorEncoder_Init)
    MotorEncoder_Reset                       0x080060e9   Thumb Code    54  motorencoder.o(i.MotorEncoder_Reset)
    MotorEncoder_Update                      0x0800612d   Thumb Code   330  motorencoder.o(i.MotorEncoder_Update)
    NMI_Handler                              0x080062a1   Thumb Code     2  stm32f1xx_it.o(i.NMI_Handler)
    PendSV_Handler                           0x080062a3   Thumb Code     2  stm32f1xx_it.o(i.PendSV_Handler)
    SVC_Handler                              0x080062a5   Thumb Code     2  stm32f1xx_it.o(i.SVC_Handler)
    SysTick_Handler                          0x080062a7   Thumb Code     4  stm32f1xx_it.o(i.SysTick_Handler)
    SystemClock_Config                       0x080062ab   Thumb Code    94  main.o(i.SystemClock_Config)
    SystemInit                               0x08006309   Thumb Code     2  system_stm32f1xx.o(i.SystemInit)
    TB6612_BrakeAllMotors                    0x0800630d   Thumb Code    36  tb6612.o(i.TB6612_BrakeAllMotors)
    TB6612_Init                              0x08006339   Thumb Code    26  tb6612.o(i.TB6612_Init)
    TB6612_SetBothMotors                     0x08006359   Thumb Code    26  tb6612.o(i.TB6612_SetBothMotors)
    TB6612_SetMotorDirection                 0x08006379   Thumb Code    78  tb6612.o(i.TB6612_SetMotorDirection)
    TB6612_SetMotorSpeed                     0x080063c9   Thumb Code   166  tb6612.o(i.TB6612_SetMotorSpeed)
    TB6612_StopAllMotors                     0x08006479   Thumb Code    24  tb6612.o(i.TB6612_StopAllMotors)
    TIM1_CC_IRQHandler                       0x08006495   Thumb Code     6  stm32f1xx_it.o(i.TIM1_CC_IRQHandler)
    TIM_Base_SetConfig                       0x080064a1   Thumb Code   108  stm32f1xx_hal_tim.o(i.TIM_Base_SetConfig)
    TIM_CCxChannelCmd                        0x08006519   Thumb Code    26  stm32f1xx_hal_tim.o(i.TIM_CCxChannelCmd)
    TIM_ETR_SetConfig                        0x08006533   Thumb Code    20  stm32f1xx_hal_tim.o(i.TIM_ETR_SetConfig)
    TIM_OC2_SetConfig                        0x080065a9   Thumb Code    84  stm32f1xx_hal_tim.o(i.TIM_OC2_SetConfig)
    TIM_TI1_SetConfig                        0x080066c1   Thumb Code    76  stm32f1xx_hal_tim.o(i.TIM_TI1_SetConfig)
    UART_Start_Receive_IT                    0x080069fd   Thumb Code    54  stm32f1xx_hal_uart.o(i.UART_Start_Receive_IT)
    USART3_IRQHandler                        0x08006aa5   Thumb Code     6  stm32f1xx_it.o(i.USART3_IRQHandler)
    Ultrasonic_GetDistance                   0x08006ab1   Thumb Code     6  ultrasonic.o(i.Ultrasonic_GetDistance)
    Ultrasonic_GetState                      0x08006abd   Thumb Code     6  ultrasonic.o(i.Ultrasonic_GetState)
    Ultrasonic_Init                          0x08006ac9   Thumb Code    54  ultrasonic.o(i.Ultrasonic_Init)
    Ultrasonic_StartMeasurement              0x08006b11   Thumb Code   156  ultrasonic.o(i.Ultrasonic_StartMeasurement)
    Ultrasonic_Update                        0x08006bc1   Thumb Code   124  ultrasonic.o(i.Ultrasonic_Update)
    UsageFault_Handler                       0x08006c49   Thumb Code     2  stm32f1xx_it.o(i.UsageFault_Handler)
    __ARM_fpclassify                         0x08006c4b   Thumb Code    40  fpclassify.o(i.__ARM_fpclassify)
    __ARM_fpclassifyf                        0x08006c73   Thumb Code    38  fpclassifyf.o(i.__ARM_fpclassifyf)
    __mathlib_dbl_overflow                   0x08006cb9   Thumb Code    14  dunder.o(i.__mathlib_dbl_overflow)
    __mathlib_dbl_underflow                  0x08006cc9   Thumb Code    10  dunder.o(i.__mathlib_dbl_underflow)
    __mathlib_flt_infnan2                    0x08006cd9   Thumb Code     4  funder.o(i.__mathlib_flt_infnan2)
    __mathlib_flt_underflow                  0x08006cdd   Thumb Code    10  funder.o(i.__mathlib_flt_underflow)
    __mathlib_narrow                         0x08006ce7   Thumb Code    16  narrow.o(i.__mathlib_narrow)
    __mathlib_tofloat                        0x08006cf9   Thumb Code   184  narrow.o(i.__mathlib_tofloat)
    __support_ldexp                          0x08006db5   Thumb Code    22  ldexp.o(i.__support_ldexp)
    _is_digit                                0x08006dcb   Thumb Code    14  __printf_wp.o(i._is_digit)
    atan2f                                   0x08006dd9   Thumb Code   598  atan2f.o(i.atan2f)
    atof                                     0x0800707d   Thumb Code    42  atof.o(i.atof)
    frexp                                    0x080070a9   Thumb Code    80  frexp.o(i.frexp)
    ldexp                                    0x08007101   Thumb Code   116  ldexp.o(i.ldexp)
    main                                     0x08007175   Thumb Code   508  main.o(i.main)
    sqrtf                                    0x08007509   Thumb Code    44  sqrtf.o(i.sqrtf)
    _get_lc_numeric                          0x08007535   Thumb Code    44  lc_numeric_c.o(locale$$code)
    _get_lc_ctype                            0x08007561   Thumb Code    44  lc_ctype_c.o(locale$$code)
    __aeabi_d2f                              0x0800758d   Thumb Code     0  d2f.o(x$fpl$d2f)
    _d2f                                     0x0800758d   Thumb Code    98  d2f.o(x$fpl$d2f)
    __aeabi_dadd                             0x080075f1   Thumb Code     0  daddsub_clz.o(x$fpl$dadd)
    _dadd                                    0x080075f1   Thumb Code   332  daddsub_clz.o(x$fpl$dadd)
    __fpl_dcheck_NaN1                        0x08007741   Thumb Code    10  dcheck1.o(x$fpl$dcheck1)
    __fpl_dcmp_Inf                           0x08007751   Thumb Code    24  dcmpi.o(x$fpl$dcmpinf)
    __aeabi_ddiv                             0x08007769   Thumb Code     0  ddiv.o(x$fpl$ddiv)
    _ddiv                                    0x08007769   Thumb Code   552  ddiv.o(x$fpl$ddiv)
    __aeabi_cdcmpeq                          0x08007a19   Thumb Code     0  deqf.o(x$fpl$deqf)
    _dcmpeq                                  0x08007a19   Thumb Code   120  deqf.o(x$fpl$deqf)
    __aeabi_cdcmple                          0x08007a91   Thumb Code     0  dleqf.o(x$fpl$dleqf)
    _dcmple                                  0x08007a91   Thumb Code   120  dleqf.o(x$fpl$dleqf)
    __fpl_dcmple_InfNaN                      0x08007af3   Thumb Code     0  dleqf.o(x$fpl$dleqf)
    __aeabi_dmul                             0x08007b09   Thumb Code     0  dmul.o(x$fpl$dmul)
    _dmul                                    0x08007b09   Thumb Code   332  dmul.o(x$fpl$dmul)
    __fpl_dnaninf                            0x08007c5d   Thumb Code   156  dnaninf.o(x$fpl$dnaninf)
    __fpl_dretinf                            0x08007cf9   Thumb Code    12  dretinf.o(x$fpl$dretinf)
    __aeabi_cdrcmple                         0x08007d05   Thumb Code     0  drleqf.o(x$fpl$drleqf)
    _drcmple                                 0x08007d05   Thumb Code   108  drleqf.o(x$fpl$drleqf)
    __aeabi_drsub                            0x08007d71   Thumb Code     0  daddsub_clz.o(x$fpl$drsb)
    _drsb                                    0x08007d71   Thumb Code    22  daddsub_clz.o(x$fpl$drsb)
    __aeabi_dsub                             0x08007d89   Thumb Code     0  daddsub_clz.o(x$fpl$dsub)
    _dsub                                    0x08007d89   Thumb Code   464  daddsub_clz.o(x$fpl$dsub)
    __aeabi_f2d                              0x08007f5d   Thumb Code     0  f2d.o(x$fpl$f2d)
    _f2d                                     0x08007f5d   Thumb Code    86  f2d.o(x$fpl$f2d)
    __aeabi_fadd                             0x08007fb5   Thumb Code     0  faddsub_clz.o(x$fpl$fadd)
    _fadd                                    0x08007fb5   Thumb Code   196  faddsub_clz.o(x$fpl$fadd)
    __fpl_fcheck_NaN1                        0x08008079   Thumb Code     6  fcheck1.o(x$fpl$fcheck1)
    __fpl_fcmp_Inf                           0x08008085   Thumb Code    24  fcmpi.o(x$fpl$fcmpinf)
    __aeabi_fdiv                             0x0800809d   Thumb Code     0  fdiv.o(x$fpl$fdiv)
    _fdiv                                    0x0800809d   Thumb Code   384  fdiv.o(x$fpl$fdiv)
    __aeabi_f2iz                             0x08008221   Thumb Code     0  ffix.o(x$fpl$ffix)
    _ffix                                    0x08008221   Thumb Code    54  ffix.o(x$fpl$ffix)
    __aeabi_i2f                              0x08008259   Thumb Code     0  fflt_clz.o(x$fpl$fflt)
    _fflt                                    0x08008259   Thumb Code    48  fflt_clz.o(x$fpl$fflt)
    __aeabi_ui2f                             0x08008289   Thumb Code     0  fflt_clz.o(x$fpl$ffltu)
    _ffltu                                   0x08008289   Thumb Code    38  fflt_clz.o(x$fpl$ffltu)
    __aeabi_cfcmple                          0x080082b1   Thumb Code     0  fleqf.o(x$fpl$fleqf)
    _fcmple                                  0x080082b1   Thumb Code   104  fleqf.o(x$fpl$fleqf)
    __fpl_fcmple_InfNaN                      0x08008303   Thumb Code     0  fleqf.o(x$fpl$fleqf)
    __aeabi_fmul                             0x08008319   Thumb Code     0  fmul.o(x$fpl$fmul)
    _fmul                                    0x08008319   Thumb Code   258  fmul.o(x$fpl$fmul)
    __fpl_fnaninf                            0x0800841b   Thumb Code   140  fnaninf.o(x$fpl$fnaninf)
    __fpl_fretinf                            0x080084a7   Thumb Code    10  fretinf.o(x$fpl$fretinf)
    __aeabi_cfrcmple                         0x080084b1   Thumb Code     0  frleqf.o(x$fpl$frleqf)
    _frcmple                                 0x080084b1   Thumb Code    98  frleqf.o(x$fpl$frleqf)
    __aeabi_frsub                            0x08008513   Thumb Code     0  faddsub_clz.o(x$fpl$frsb)
    _frsb                                    0x08008513   Thumb Code    20  faddsub_clz.o(x$fpl$frsb)
    _fsqrt                                   0x08008529   Thumb Code   272  fsqrt.o(x$fpl$fsqrt)
    __aeabi_fsub                             0x08008639   Thumb Code     0  faddsub_clz.o(x$fpl$fsub)
    _fsub                                    0x08008639   Thumb Code   234  faddsub_clz.o(x$fpl$fsub)
    __ieee_status                            0x08008723   Thumb Code     6  istatus.o(x$fpl$ieeestatus)
    _printf_fp_dec                           0x08008729   Thumb Code     4  printf1.o(x$fpl$printf1)
    __fpl_return_NaN                         0x0800872d   Thumb Code   100  retnan.o(x$fpl$retnan)
    __ARM_scalbn                             0x08008791   Thumb Code    92  scalbn.o(x$fpl$scalbn)
    __ARM_scalbnf                            0x080087ed   Thumb Code    76  scalbnf.o(x$fpl$scalbnf)
    _scanf_real                              0x08008839   Thumb Code     4  scanf1.o(x$fpl$scanf1)
    _scanf_hex_real                          0x0800883d   Thumb Code     4  scanf2.o(x$fpl$scanf2)
    _scanf_infnan                            0x08008841   Thumb Code     4  scanf2.o(x$fpl$scanf2)
    __fpl_cmpreturn                          0x08008845   Thumb Code    48  trapv.o(x$fpl$trapveneer)
    __I$use$fp                               0x08008874   Number         0  usenofp.o(x$fpl$usenofp)
    AHBPrescTable                            0x0800888c   Data          16  system_stm32f1xx.o(.constdata)
    APBPrescTable                            0x0800889c   Data           8  system_stm32f1xx.o(.constdata)
    Region$$Table$$Base                      0x08008a14   Number         0  anon$$obj.o(Region$$Table)
    Region$$Table$$Limit                     0x08008a34   Number         0  anon$$obj.o(Region$$Table)
    __aeabi_HUGE_VAL                         0x08008a34   Data           0  fpconst.o(c$$dinf)
    __aeabi_HUGE_VALL                        0x08008a34   Data           0  fpconst.o(c$$dinf)
    __aeabi_INFINITY                         0x08008a34   Data           0  fpconst.o(c$$dinf)
    __dInf                                   0x08008a34   Data           0  fpconst.o(c$$dinf)
    __huge_val                               0x08008a34   Data           0  fpconst.o(c$$dinf)
    __dbl_max                                0x08008a3c   Data           0  fpconst.o(c$$dmax)
    __ctype                                  0x08008a6d   Data           0  lc_ctype_c.o(locale$$data)
    AnglePID                                 0x2000000c   Data          40  balance_control.o(.data)
    SpeedPID                                 0x20000034   Data          40  balance_control.o(.data)
    TurnPID                                  0x2000005c   Data          40  balance_control.o(.data)
    EncoderA                                 0x20000088   Data          28  motorencoder.o(.data)
    EncoderB                                 0x200000a4   Data          28  motorencoder.o(.data)
    SystemCoreClock                          0x200000c0   Data           4  system_stm32f1xx.o(.data)
    MotorA                                   0x200000c4   Data          24  tb6612.o(.data)
    MotorB                                   0x200000dc   Data          24  tb6612.o(.data)
    system_initialized                       0x200000f8   Data           1  main.o(.data)
    last_balance_update                      0x200000fc   Data           4  main.o(.data)
    last_encoder_update                      0x20000100   Data           4  main.o(.data)
    last_ultrasonic_update                   0x20000104   Data           4  main.o(.data)
    last_bluetooth_update                    0x20000108   Data           4  main.o(.data)
    last_status_send                         0x2000010c   Data           4  main.o(.data)
    last_vision_update                       0x20000110   Data           4  main.o(.data)
    uwTickFreq                               0x20000114   Data           1  stm32f1xx_hal.o(.data)
    uwTickPrio                               0x20000118   Data           4  stm32f1xx_hal.o(.data)
    uwTick                                   0x2000011c   Data           4  stm32f1xx_hal.o(.data)
    BalanceState                             0x200001b0   Data          48  balance_control.o(.bss)
    Bluetooth                                0x200001e0   Data         236  bluetooth.o(.bss)
    Ultrasonic                               0x200002cc   Data          56  ultrasonic.o(.bss)
    rx_buffer                                0x2000035c   Data          10  main.o(.bss)
    hi2c1                                    0x20000368   Data          84  i2c.o(.bss)
    htim1                                    0x200003bc   Data          72  tim.o(.bss)
    htim2                                    0x20000404   Data          72  tim.o(.bss)
    htim3                                    0x2000044c   Data          72  tim.o(.bss)
    htim4                                    0x20000494   Data          72  tim.o(.bss)
    huart2                                   0x200004dc   Data          72  usart.o(.bss)
    huart3                                   0x20000524   Data          72  usart.o(.bss)
    hdma_usart2_rx                           0x2000056c   Data          68  usart.o(.bss)
    hdma_usart2_tx                           0x200005b0   Data          68  usart.o(.bss)
    hdma_usart3_rx                           0x200005f4   Data          68  usart.o(.bss)
    hdma_usart3_tx                           0x20000638   Data          68  usart.o(.bss)
    __libspace_start                         0x2000067c   Data          96  libspace.o(.bss)
    __temporary_stack_top$libspace           0x200006dc   Data           0  libspace.o(.bss)



==============================================================================

Memory Map of the image

  Image Entry point : 0x080000ed

  Load Region LR_IROM1 (Base: 0x08000000, Size: 0x00008c90, Max: 0x00010000, ABSOLUTE)

    Execution Region ER_IROM1 (Exec base: 0x08000000, Load base: 0x08000000, Size: 0x00008b70, Max: 0x00010000, ABSOLUTE)

    Exec Addr    Load Addr    Size         Type   Attr      Idx    E Section Name        Object

    0x08000000   0x08000000   0x000000ec   Data   RO            3    RESET               startup_stm32f103xb.o
    0x080000ec   0x080000ec   0x00000008   Code   RO         4028  * !!!main             c_w.l(__main.o)
    0x080000f4   0x080000f4   0x00000034   Code   RO         4447    !!!scatter          c_w.l(__scatter.o)
    0x08000128   0x08000128   0x0000001a   Code   RO         4449    !!handler_copy      c_w.l(__scatter_copy.o)
    0x08000142   0x08000142   0x00000002   PAD
    0x08000144   0x08000144   0x0000001c   Code   RO         4451    !!handler_zi        c_w.l(__scatter_zi.o)
    0x08000160   0x08000160   0x00000000   Code   RO         4009    .ARM.Collect$$_printf_percent$$00000000  c_w.l(_printf_percent.o)
    0x08000160   0x08000160   0x00000006   Code   RO         4008    .ARM.Collect$$_printf_percent$$00000003  c_w.l(_printf_f.o)
    0x08000166   0x08000166   0x00000006   Code   RO         4007    .ARM.Collect$$_printf_percent$$00000009  c_w.l(_printf_d.o)
    0x0800016c   0x0800016c   0x00000006   Code   RO         4006    .ARM.Collect$$_printf_percent$$00000014  c_w.l(_printf_s.o)
    0x08000172   0x08000172   0x00000004   Code   RO         4124    .ARM.Collect$$_printf_percent$$00000017  c_w.l(_printf_percent_end.o)
    0x08000176   0x08000176   0x00000002   Code   RO         4271    .ARM.Collect$$libinit$$00000000  c_w.l(libinit.o)
    0x08000178   0x08000178   0x00000000   Code   RO         4273    .ARM.Collect$$libinit$$00000002  c_w.l(libinit2.o)
    0x08000178   0x08000178   0x00000000   Code   RO         4275    .ARM.Collect$$libinit$$00000004  c_w.l(libinit2.o)
    0x08000178   0x08000178   0x00000000   Code   RO         4278    .ARM.Collect$$libinit$$0000000A  c_w.l(libinit2.o)
    0x08000178   0x08000178   0x00000000   Code   RO         4280    .ARM.Collect$$libinit$$0000000C  c_w.l(libinit2.o)
    0x08000178   0x08000178   0x00000000   Code   RO         4282    .ARM.Collect$$libinit$$0000000E  c_w.l(libinit2.o)
    0x08000178   0x08000178   0x00000006   Code   RO         4283    .ARM.Collect$$libinit$$0000000F  c_w.l(libinit2.o)
    0x0800017e   0x0800017e   0x00000000   Code   RO         4285    .ARM.Collect$$libinit$$00000011  c_w.l(libinit2.o)
    0x0800017e   0x0800017e   0x0000000c   Code   RO         4286    .ARM.Collect$$libinit$$00000012  c_w.l(libinit2.o)
    0x0800018a   0x0800018a   0x00000000   Code   RO         4287    .ARM.Collect$$libinit$$00000013  c_w.l(libinit2.o)
    0x0800018a   0x0800018a   0x00000000   Code   RO         4289    .ARM.Collect$$libinit$$00000015  c_w.l(libinit2.o)
    0x0800018a   0x0800018a   0x0000000a   Code   RO         4290    .ARM.Collect$$libinit$$00000016  c_w.l(libinit2.o)
    0x08000194   0x08000194   0x00000000   Code   RO         4291    .ARM.Collect$$libinit$$00000017  c_w.l(libinit2.o)
    0x08000194   0x08000194   0x00000000   Code   RO         4293    .ARM.Collect$$libinit$$00000019  c_w.l(libinit2.o)
    0x08000194   0x08000194   0x00000000   Code   RO         4295    .ARM.Collect$$libinit$$0000001B  c_w.l(libinit2.o)
    0x08000194   0x08000194   0x00000000   Code   RO         4297    .ARM.Collect$$libinit$$0000001D  c_w.l(libinit2.o)
    0x08000194   0x08000194   0x00000000   Code   RO         4299    .ARM.Collect$$libinit$$0000001F  c_w.l(libinit2.o)
    0x08000194   0x08000194   0x00000000   Code   RO         4301    .ARM.Collect$$libinit$$00000021  c_w.l(libinit2.o)
    0x08000194   0x08000194   0x00000000   Code   RO         4303    .ARM.Collect$$libinit$$00000023  c_w.l(libinit2.o)
    0x08000194   0x08000194   0x00000000   Code   RO         4305    .ARM.Collect$$libinit$$00000025  c_w.l(libinit2.o)
    0x08000194   0x08000194   0x00000000   Code   RO         4309    .ARM.Collect$$libinit$$0000002C  c_w.l(libinit2.o)
    0x08000194   0x08000194   0x00000000   Code   RO         4311    .ARM.Collect$$libinit$$0000002E  c_w.l(libinit2.o)
    0x08000194   0x08000194   0x00000000   Code   RO         4313    .ARM.Collect$$libinit$$00000030  c_w.l(libinit2.o)
    0x08000194   0x08000194   0x00000000   Code   RO         4315    .ARM.Collect$$libinit$$00000032  c_w.l(libinit2.o)
    0x08000194   0x08000194   0x00000002   Code   RO         4316    .ARM.Collect$$libinit$$00000033  c_w.l(libinit2.o)
    0x08000196   0x08000196   0x00000002   Code   RO         4393    .ARM.Collect$$libshutdown$$00000000  c_w.l(libshutdown.o)
    0x08000198   0x08000198   0x00000000   Code   RO         4404    .ARM.Collect$$libshutdown$$00000002  c_w.l(libshutdown2.o)
    0x08000198   0x08000198   0x00000000   Code   RO         4406    .ARM.Collect$$libshutdown$$00000004  c_w.l(libshutdown2.o)
    0x08000198   0x08000198   0x00000000   Code   RO         4408    .ARM.Collect$$libshutdown$$00000006  c_w.l(libshutdown2.o)
    0x08000198   0x08000198   0x00000000   Code   RO         4411    .ARM.Collect$$libshutdown$$00000009  c_w.l(libshutdown2.o)
    0x08000198   0x08000198   0x00000000   Code   RO         4414    .ARM.Collect$$libshutdown$$0000000C  c_w.l(libshutdown2.o)
    0x08000198   0x08000198   0x00000000   Code   RO         4416    .ARM.Collect$$libshutdown$$0000000E  c_w.l(libshutdown2.o)
    0x08000198   0x08000198   0x00000000   Code   RO         4419    .ARM.Collect$$libshutdown$$00000011  c_w.l(libshutdown2.o)
    0x08000198   0x08000198   0x00000002   Code   RO         4420    .ARM.Collect$$libshutdown$$00000012  c_w.l(libshutdown2.o)
    0x0800019a   0x0800019a   0x00000000   Code   RO         4104    .ARM.Collect$$rtentry$$00000000  c_w.l(__rtentry.o)
    0x0800019a   0x0800019a   0x00000000   Code   RO         4170    .ARM.Collect$$rtentry$$00000002  c_w.l(__rtentry2.o)
    0x0800019a   0x0800019a   0x00000006   Code   RO         4182    .ARM.Collect$$rtentry$$00000004  c_w.l(__rtentry4.o)
    0x080001a0   0x080001a0   0x00000000   Code   RO         4172    .ARM.Collect$$rtentry$$00000009  c_w.l(__rtentry2.o)
    0x080001a0   0x080001a0   0x00000004   Code   RO         4173    .ARM.Collect$$rtentry$$0000000A  c_w.l(__rtentry2.o)
    0x080001a4   0x080001a4   0x00000000   Code   RO         4175    .ARM.Collect$$rtentry$$0000000C  c_w.l(__rtentry2.o)
    0x080001a4   0x080001a4   0x00000008   Code   RO         4176    .ARM.Collect$$rtentry$$0000000D  c_w.l(__rtentry2.o)
    0x080001ac   0x080001ac   0x00000002   Code   RO         4327    .ARM.Collect$$rtexit$$00000000  c_w.l(rtexit.o)
    0x080001ae   0x080001ae   0x00000000   Code   RO         4354    .ARM.Collect$$rtexit$$00000002  c_w.l(rtexit2.o)
    0x080001ae   0x080001ae   0x00000004   Code   RO         4355    .ARM.Collect$$rtexit$$00000003  c_w.l(rtexit2.o)
    0x080001b2   0x080001b2   0x00000006   Code   RO         4356    .ARM.Collect$$rtexit$$00000004  c_w.l(rtexit2.o)
    0x080001b8   0x080001b8   0x00000040   Code   RO            4    .text               startup_stm32f103xb.o
    0x080001f8   0x080001f8   0x00000028   Code   RO         3976    .text               c_w.l(noretval__2sprintf.o)
    0x08000220   0x08000220   0x00000034   Code   RO         3978    .text               c_w.l(noretval__2snprintf.o)
    0x08000254   0x08000254   0x00000052   Code   RO         3982    .text               c_w.l(_printf_str.o)
    0x080002a6   0x080002a6   0x00000002   PAD
    0x080002a8   0x080002a8   0x00000078   Code   RO         3984    .text               c_w.l(_printf_dec.o)
    0x08000320   0x08000320   0x0000010e   Code   RO         3994    .text               c_w.l(__printf_wp.o)
    0x0800042e   0x0800042e   0x00000002   PAD
    0x08000430   0x08000430   0x0000003c   Code   RO         4010    .text               c_w.l(__0sscanf.o)
    0x0800046c   0x0800046c   0x0000001a   Code   RO         4012    .text               c_w.l(atoi.o)
    0x08000486   0x08000486   0x00000014   Code   RO         4014    .text               c_w.l(strchr.o)
    0x0800049a   0x0800049a   0x0000003e   Code   RO         4016    .text               c_w.l(strlen.o)
    0x080004d8   0x080004d8   0x00000096   Code   RO         4018    .text               c_w.l(strncmp.o)
    0x0800056e   0x0800056e   0x00000064   Code   RO         4020    .text               c_w.l(rt_memcpy_w.o)
    0x080005d2   0x080005d2   0x0000004e   Code   RO         4022    .text               c_w.l(rt_memclr_w.o)
    0x08000620   0x08000620   0x00000080   Code   RO         4024    .text               c_w.l(strcmpv7m.o)
    0x080006a0   0x080006a0   0x00000006   Code   RO         4026    .text               c_w.l(heapauxi.o)
    0x080006a6   0x080006a6   0x00000002   PAD
    0x080006a8   0x080006a8   0x00000008   Code   RO         4108    .text               c_w.l(rt_errno_addr_intlibspace.o)
    0x080006b0   0x080006b0   0x00000016   Code   RO         4110    .text               c_w.l(_rserrno.o)
    0x080006c6   0x080006c6   0x000000b2   Code   RO         4112    .text               c_w.l(_printf_intcommon.o)
    0x08000778   0x08000778   0x0000041e   Code   RO         4114    .text               c_w.l(_printf_fp_dec.o)
    0x08000b96   0x08000b96   0x00000002   PAD
    0x08000b98   0x08000b98   0x00000030   Code   RO         4116    .text               c_w.l(_printf_char_common.o)
    0x08000bc8   0x08000bc8   0x0000000a   Code   RO         4118    .text               c_w.l(_sputc.o)
    0x08000bd2   0x08000bd2   0x00000010   Code   RO         4120    .text               c_w.l(_snputc.o)
    0x08000be2   0x08000be2   0x0000002c   Code   RO         4122    .text               c_w.l(_printf_char.o)
    0x08000c0e   0x08000c0e   0x00000002   PAD
    0x08000c10   0x08000c10   0x000004f8   Code   RO         4125    .text               c_w.l(scanf_fp.o)
    0x08001108   0x08001108   0x0000002c   Code   RO         4127    .text               c_w.l(scanf_char.o)
    0x08001134   0x08001134   0x00000040   Code   RO         4129    .text               c_w.l(_sgetc.o)
    0x08001174   0x08001174   0x000000a4   Code   RO         4131    .text               c_w.l(strtod.o)
    0x08001218   0x08001218   0x00000070   Code   RO         4133    .text               c_w.l(strtol.o)
    0x08001288   0x08001288   0x00000008   Code   RO         4166    .text               c_w.l(libspace.o)
    0x08001290   0x08001290   0x00000010   Code   RO         4184    .text               c_w.l(rt_ctype_table.o)
    0x080012a0   0x080012a0   0x00000008   Code   RO         4189    .text               c_w.l(rt_locale_intlibspace.o)
    0x080012a8   0x080012a8   0x0000008a   Code   RO         4191    .text               c_w.l(lludiv10.o)
    0x08001332   0x08001332   0x00000012   Code   RO         4193    .text               c_w.l(isspace.o)
    0x08001344   0x08001344   0x00000080   Code   RO         4195    .text               c_w.l(_printf_fp_infnan.o)
    0x080013c4   0x080013c4   0x00000374   Code   RO         4199    .text               c_w.l(_scanf.o)
    0x08001738   0x08001738   0x0000009e   Code   RO         4201    .text               c_w.l(_strtoul.o)
    0x080017d6   0x080017d6   0x00000002   PAD
    0x080017d8   0x080017d8   0x000000e4   Code   RO         4203    .text               c_w.l(bigflt0.o)
    0x080018bc   0x080018bc   0x0000004a   Code   RO         4253    .text               c_w.l(sys_stackheap_outer.o)
    0x08001906   0x08001906   0x0000001c   Code   RO         4255    .text               c_w.l(_chval.o)
    0x08001922   0x08001922   0x00000002   PAD
    0x08001924   0x08001924   0x00000320   Code   RO         4257    .text               c_w.l(scanf_hexfp.o)
    0x08001c44   0x08001c44   0x00000134   Code   RO         4259    .text               c_w.l(scanf_infnan.o)
    0x08001d78   0x08001d78   0x00000012   Code   RO         4264    .text               c_w.l(exit.o)
    0x08001d8a   0x08001d8a   0x00000026   Code   RO         4329    .text               c_w.l(llshl.o)
    0x08001db0   0x08001db0   0x0000000c   Code   RO         4383    .text               c_w.l(sys_exit.o)
    0x08001dbc   0x08001dbc   0x00000002   Code   RO         4394    .text               c_w.l(use_no_semi.o)
    0x08001dbe   0x08001dbe   0x00000000   Code   RO         4396    .text               c_w.l(indicate_semi.o)
    0x08001dbe   0x08001dbe   0x0000003e   Code   RO         4206    CL$$btod_d2e        c_w.l(btod.o)
    0x08001dfc   0x08001dfc   0x00000046   Code   RO         4208    CL$$btod_d2e_denorm_low  c_w.l(btod.o)
    0x08001e42   0x08001e42   0x00000060   Code   RO         4207    CL$$btod_d2e_norm_op1  c_w.l(btod.o)
    0x08001ea2   0x08001ea2   0x00000338   Code   RO         4216    CL$$btod_div_common  c_w.l(btod.o)
    0x080021da   0x080021da   0x00000002   PAD
    0x080021dc   0x080021dc   0x00000084   Code   RO         4214    CL$$btod_e2d        c_w.l(btod.o)
    0x08002260   0x08002260   0x000000dc   Code   RO         4213    CL$$btod_e2e        c_w.l(btod.o)
    0x0800233c   0x0800233c   0x0000002a   Code   RO         4210    CL$$btod_ediv       c_w.l(btod.o)
    0x08002366   0x08002366   0x0000002a   Code   RO         4212    CL$$btod_edivd      c_w.l(btod.o)
    0x08002390   0x08002390   0x0000002a   Code   RO         4209    CL$$btod_emul       c_w.l(btod.o)
    0x080023ba   0x080023ba   0x0000002a   Code   RO         4211    CL$$btod_emuld      c_w.l(btod.o)
    0x080023e4   0x080023e4   0x00000244   Code   RO         4215    CL$$btod_mult_common  c_w.l(btod.o)
    0x08002628   0x08002628   0x00000030   Code   RO          190    i.BalanceControl_EmergencyStop  balance_control.o
    0x08002658   0x08002658   0x00000034   Code   RO          191    i.BalanceControl_Enable  balance_control.o
    0x0800268c   0x0800268c   0x00000008   Code   RO          192    i.BalanceControl_GetState  balance_control.o
    0x08002694   0x08002694   0x0000003c   Code   RO          193    i.BalanceControl_Init  balance_control.o
    0x080026d0   0x080026d0   0x00000040   Code   RO          196    i.BalanceControl_ObstacleAvoidance  balance_control.o
    0x08002710   0x08002710   0x0000000a   Code   RO          197    i.BalanceControl_PID_Reset  balance_control.o
    0x0800271a   0x0800271a   0x000000a2   Code   RO          198    i.BalanceControl_PID_Update  balance_control.o
    0x080027bc   0x080027bc   0x0000000c   Code   RO          199    i.BalanceControl_SetTargetAngle  balance_control.o
    0x080027c8   0x080027c8   0x0000000c   Code   RO          200    i.BalanceControl_SetTargetSpeed  balance_control.o
    0x080027d4   0x080027d4   0x00000014   Code   RO          201    i.BalanceControl_SetVisionMode  balance_control.o
    0x080027e8   0x080027e8   0x00000154   Code   RO          202    i.BalanceControl_Update  balance_control.o
    0x0800293c   0x0800293c   0x00000002   Code   RO          203    i.BalanceControl_VisionUpdate  balance_control.o
    0x0800293e   0x0800293e   0x00000002   PAD
    0x08002940   0x08002940   0x00000484   Code   RO          331    i.Bluetooth_ExecuteCommand  bluetooth.o
    0x08002dc4   0x08002dc4   0x00000060   Code   RO          333    i.Bluetooth_HandleRxData  bluetooth.o
    0x08002e24   0x08002e24   0x00000064   Code   RO          334    i.Bluetooth_Init    bluetooth.o
    0x08002e88   0x08002e88   0x00000028   Code   RO          336    i.Bluetooth_ProcessCommand  bluetooth.o
    0x08002eb0   0x08002eb0   0x0000004c   Code   RO          340    i.Bluetooth_SendMessage  bluetooth.o
    0x08002efc   0x08002efc   0x000000d0   Code   RO          341    i.Bluetooth_SendStatus  bluetooth.o
    0x08002fcc   0x08002fcc   0x00000050   Code   RO          342    i.Bluetooth_Update  bluetooth.o
    0x0800301c   0x0800301c   0x00000002   Code   RO         1049    i.BusFault_Handler  stm32f1xx_it.o
    0x0800301e   0x0800301e   0x00000002   PAD
    0x08003020   0x08003020   0x0000000c   Code   RO         1050    i.DMA1_Channel2_IRQHandler  stm32f1xx_it.o
    0x0800302c   0x0800302c   0x0000000c   Code   RO         1051    i.DMA1_Channel3_IRQHandler  stm32f1xx_it.o
    0x08003038   0x08003038   0x0000000c   Code   RO         1052    i.DMA1_Channel6_IRQHandler  stm32f1xx_it.o
    0x08003044   0x08003044   0x0000000c   Code   RO         1053    i.DMA1_Channel7_IRQHandler  stm32f1xx_it.o
    0x08003050   0x08003050   0x0000002a   Code   RO         2038    i.DMA_SetConfig     stm32f1xx_hal_dma.o
    0x0800307a   0x0800307a   0x00000002   Code   RO         1054    i.DebugMon_Handler  stm32f1xx_it.o
    0x0800307c   0x0800307c   0x00000004   Code   RO          778    i.Error_Handler     main.o
    0x08003080   0x08003080   0x00000046   Code   RO         2039    i.HAL_DMA_Abort     stm32f1xx_hal_dma.o
    0x080030c6   0x080030c6   0x00000002   PAD
    0x080030c8   0x080030c8   0x00000098   Code   RO         2040    i.HAL_DMA_Abort_IT  stm32f1xx_hal_dma.o
    0x08003160   0x08003160   0x00000154   Code   RO         2044    i.HAL_DMA_IRQHandler  stm32f1xx_hal_dma.o
    0x080032b4   0x080032b4   0x0000005c   Code   RO         2045    i.HAL_DMA_Init      stm32f1xx_hal_dma.o
    0x08003310   0x08003310   0x00000070   Code   RO         2049    i.HAL_DMA_Start_IT  stm32f1xx_hal_dma.o
    0x08003380   0x08003380   0x00000024   Code   RO         1665    i.HAL_Delay         stm32f1xx_hal.o
    0x080033a4   0x080033a4   0x000001e0   Code   RO         1975    i.HAL_GPIO_Init     stm32f1xx_hal_gpio.o
    0x08003584   0x08003584   0x0000000a   Code   RO         1979    i.HAL_GPIO_WritePin  stm32f1xx_hal_gpio.o
    0x0800358e   0x0800358e   0x00000002   PAD
    0x08003590   0x08003590   0x0000000c   Code   RO         1669    i.HAL_GetTick       stm32f1xx_hal.o
    0x0800359c   0x0800359c   0x00000188   Code   RO         1232    i.HAL_I2C_Init      stm32f1xx_hal_i2c.o
    0x08003724   0x08003724   0x0000025c   Code   RO         1250    i.HAL_I2C_Mem_Read  stm32f1xx_hal_i2c.o
    0x08003980   0x08003980   0x00000130   Code   RO         1253    i.HAL_I2C_Mem_Write  stm32f1xx_hal_i2c.o
    0x08003ab0   0x08003ab0   0x00000070   Code   RO          882    i.HAL_I2C_MspInit   i2c.o
    0x08003b20   0x08003b20   0x00000010   Code   RO         1675    i.HAL_IncTick       stm32f1xx_hal.o
    0x08003b30   0x08003b30   0x00000024   Code   RO         1676    i.HAL_Init          stm32f1xx_hal.o
    0x08003b54   0x08003b54   0x00000040   Code   RO         1677    i.HAL_InitTick      stm32f1xx_hal.o
    0x08003b94   0x08003b94   0x0000003c   Code   RO         1161    i.HAL_MspInit       stm32f1xx_hal_msp.o
    0x08003bd0   0x08003bd0   0x0000001a   Code   RO         2135    i.HAL_NVIC_EnableIRQ  stm32f1xx_hal_cortex.o
    0x08003bea   0x08003bea   0x00000002   PAD
    0x08003bec   0x08003bec   0x00000040   Code   RO         2141    i.HAL_NVIC_SetPriority  stm32f1xx_hal_cortex.o
    0x08003c2c   0x08003c2c   0x00000024   Code   RO         2142    i.HAL_NVIC_SetPriorityGrouping  stm32f1xx_hal_cortex.o
    0x08003c50   0x08003c50   0x0000012c   Code   RO         1833    i.HAL_RCC_ClockConfig  stm32f1xx_hal_rcc.o
    0x08003d7c   0x08003d7c   0x00000020   Code   RO         1840    i.HAL_RCC_GetPCLK1Freq  stm32f1xx_hal_rcc.o
    0x08003d9c   0x08003d9c   0x00000020   Code   RO         1841    i.HAL_RCC_GetPCLK2Freq  stm32f1xx_hal_rcc.o
    0x08003dbc   0x08003dbc   0x0000004c   Code   RO         1842    i.HAL_RCC_GetSysClockFreq  stm32f1xx_hal_rcc.o
    0x08003e08   0x08003e08   0x00000320   Code   RO         1845    i.HAL_RCC_OscConfig  stm32f1xx_hal_rcc.o
    0x08004128   0x08004128   0x00000028   Code   RO         2146    i.HAL_SYSTICK_Config  stm32f1xx_hal_cortex.o
    0x08004150   0x08004150   0x00000002   Code   RO         3341    i.HAL_TIMEx_BreakCallback  stm32f1xx_hal_tim_ex.o
    0x08004152   0x08004152   0x00000002   Code   RO         3342    i.HAL_TIMEx_CommutCallback  stm32f1xx_hal_tim_ex.o
    0x08004154   0x08004154   0x00000068   Code   RO         3360    i.HAL_TIMEx_MasterConfigSynchronization  stm32f1xx_hal_tim_ex.o
    0x080041bc   0x080041bc   0x0000005a   Code   RO         2637    i.HAL_TIM_Base_Init  stm32f1xx_hal_tim.o
    0x08004216   0x08004216   0x00000002   PAD
    0x08004218   0x08004218   0x00000080   Code   RO          924    i.HAL_TIM_Base_MspInit  tim.o
    0x08004298   0x08004298   0x000000dc   Code   RO         2646    i.HAL_TIM_ConfigClockSource  stm32f1xx_hal_tim.o
    0x08004374   0x08004374   0x000000a4   Code   RO         2658    i.HAL_TIM_Encoder_Init  stm32f1xx_hal_tim.o
    0x08004418   0x08004418   0x0000008c   Code   RO          926    i.HAL_TIM_Encoder_MspInit  tim.o
    0x080044a4   0x080044a4   0x0000008e   Code   RO         2661    i.HAL_TIM_Encoder_Start  stm32f1xx_hal_tim.o
    0x08004532   0x08004532   0x00000002   PAD
    0x08004534   0x08004534   0x00000054   Code   RO          603    i.HAL_TIM_IC_CaptureCallback  ultrasonic.o
    0x08004588   0x08004588   0x00000124   Code   RO         2673    i.HAL_TIM_IC_ConfigChannel  stm32f1xx_hal_tim.o
    0x080046ac   0x080046ac   0x0000005a   Code   RO         2676    i.HAL_TIM_IC_Init   stm32f1xx_hal_tim.o
    0x08004706   0x08004706   0x00000002   Code   RO         2678    i.HAL_TIM_IC_MspInit  stm32f1xx_hal_tim.o
    0x08004708   0x08004708   0x000000e4   Code   RO         2681    i.HAL_TIM_IC_Start_IT  stm32f1xx_hal_tim.o
    0x080047ec   0x080047ec   0x00000130   Code   RO         2685    i.HAL_TIM_IRQHandler  stm32f1xx_hal_tim.o
    0x0800491c   0x0800491c   0x0000004c   Code   RO          927    i.HAL_TIM_MspPostInit  tim.o
    0x08004968   0x08004968   0x00000002   Code   RO         2688    i.HAL_TIM_OC_DelayElapsedCallback  stm32f1xx_hal_tim.o
    0x0800496a   0x0800496a   0x000000cc   Code   RO         2709    i.HAL_TIM_PWM_ConfigChannel  stm32f1xx_hal_tim.o
    0x08004a36   0x08004a36   0x0000005a   Code   RO         2712    i.HAL_TIM_PWM_Init  stm32f1xx_hal_tim.o
    0x08004a90   0x08004a90   0x00000002   Code   RO         2714    i.HAL_TIM_PWM_MspInit  stm32f1xx_hal_tim.o
    0x08004a92   0x08004a92   0x00000002   Code   RO         2715    i.HAL_TIM_PWM_PulseFinishedCallback  stm32f1xx_hal_tim.o
    0x08004a94   0x08004a94   0x0000009c   Code   RO         2717    i.HAL_TIM_PWM_Start  stm32f1xx_hal_tim.o
    0x08004b30   0x08004b30   0x00000002   Code   RO         2723    i.HAL_TIM_PeriodElapsedCallback  stm32f1xx_hal_tim.o
    0x08004b32   0x08004b32   0x0000002a   Code   RO         2725    i.HAL_TIM_ReadCapturedValue  stm32f1xx_hal_tim.o
    0x08004b5c   0x08004b5c   0x00000002   Code   RO         2728    i.HAL_TIM_TriggerCallback  stm32f1xx_hal_tim.o
    0x08004b5e   0x08004b5e   0x00000002   Code   RO         3620    i.HAL_UARTEx_RxEventCallback  stm32f1xx_hal_uart.o
    0x08004b60   0x08004b60   0x00000002   Code   RO         3634    i.HAL_UART_ErrorCallback  stm32f1xx_hal_uart.o
    0x08004b62   0x08004b62   0x0000000a   Code   RO         3636    i.HAL_UART_GetState  stm32f1xx_hal_uart.o
    0x08004b6c   0x08004b6c   0x0000026c   Code   RO         3637    i.HAL_UART_IRQHandler  stm32f1xx_hal_uart.o
    0x08004dd8   0x08004dd8   0x00000064   Code   RO         3638    i.HAL_UART_Init     stm32f1xx_hal_uart.o
    0x08004e3c   0x08004e3c   0x00000180   Code   RO         1002    i.HAL_UART_MspInit  usart.o
    0x08004fbc   0x08004fbc   0x0000001c   Code   RO         3643    i.HAL_UART_Receive_IT  stm32f1xx_hal_uart.o
    0x08004fd8   0x08004fd8   0x00000050   Code   RO          779    i.HAL_UART_RxCpltCallback  main.o
    0x08005028   0x08005028   0x000000a0   Code   RO         3646    i.HAL_UART_Transmit  stm32f1xx_hal_uart.o
    0x080050c8   0x080050c8   0x00000078   Code   RO         3647    i.HAL_UART_Transmit_DMA  stm32f1xx_hal_uart.o
    0x08005140   0x08005140   0x00000002   Code   RO         3649    i.HAL_UART_TxCpltCallback  stm32f1xx_hal_uart.o
    0x08005142   0x08005142   0x00000002   Code   RO         3650    i.HAL_UART_TxHalfCpltCallback  stm32f1xx_hal_uart.o
    0x08005144   0x08005144   0x00000002   Code   RO         1055    i.HardFault_Handler  stm32f1xx_it.o
    0x08005146   0x08005146   0x0000002e   Code   RO         1275    i.I2C_IsAcknowledgeFailed  stm32f1xx_hal_i2c.o
    0x08005174   0x08005174   0x000000fc   Code   RO         1285    i.I2C_RequestMemoryRead  stm32f1xx_hal_i2c.o
    0x08005270   0x08005270   0x000000a8   Code   RO         1286    i.I2C_RequestMemoryWrite  stm32f1xx_hal_i2c.o
    0x08005318   0x08005318   0x00000056   Code   RO         1290    i.I2C_WaitOnBTFFlagUntilTimeout  stm32f1xx_hal_i2c.o
    0x0800536e   0x0800536e   0x00000002   PAD
    0x08005370   0x08005370   0x00000090   Code   RO         1291    i.I2C_WaitOnFlagUntilTimeout  stm32f1xx_hal_i2c.o
    0x08005400   0x08005400   0x000000bc   Code   RO         1292    i.I2C_WaitOnMasterAddressFlagUntilTimeout  stm32f1xx_hal_i2c.o
    0x080054bc   0x080054bc   0x00000070   Code   RO         1293    i.I2C_WaitOnRXNEFlagUntilTimeout  stm32f1xx_hal_i2c.o
    0x0800552c   0x0800552c   0x00000056   Code   RO         1294    i.I2C_WaitOnTXEFlagUntilTimeout  stm32f1xx_hal_i2c.o
    0x08005582   0x08005582   0x00000002   PAD
    0x08005584   0x08005584   0x0000001c   Code   RO          669    i.K230_ClearBuffer  k230_vision.o
    0x080055a0   0x080055a0   0x000000c4   Code   RO          677    i.K230_ParseData    k230_vision.o
    0x08005664   0x08005664   0x00000030   Code   RO          679    i.K230_Vision_Init  k230_vision.o
    0x08005694   0x08005694   0x00000018   Code   RO          680    i.K230_Vision_IsLineDetected  k230_vision.o
    0x080056ac   0x080056ac   0x00000018   Code   RO          681    i.K230_Vision_IsObjectDetected  k230_vision.o
    0x080056c4   0x080056c4   0x00000058   Code   RO          682    i.K230_Vision_ReceiveData  k230_vision.o
    0x0800571c   0x0800571c   0x0000006c   Code   RO          683    i.K230_Vision_Update  k230_vision.o
    0x08005788   0x08005788   0x0000008c   Code   RO           13    i.Kalman_Init       mpu6050.o
    0x08005814   0x08005814   0x0000018c   Code   RO           14    i.Kalman_getAngle   mpu6050.o
    0x080059a0   0x080059a0   0x000000a0   Code   RO           15    i.MPU6050_Init      mpu6050.o
    0x08005a40   0x08005a40   0x00000054   Code   RO           16    i.MPU_Get_Accelerometer  mpu6050.o
    0x08005a94   0x08005a94   0x0000014c   Code   RO           17    i.MPU_Get_Filtered_Angles  mpu6050.o
    0x08005be0   0x08005be0   0x00000058   Code   RO           18    i.MPU_Get_Gyroscope  mpu6050.o
    0x08005c38   0x08005c38   0x0000004c   Code   RO           19    i.MPU_Get_RAW_Accelerometer  mpu6050.o
    0x08005c84   0x08005c84   0x0000004c   Code   RO           20    i.MPU_Get_RAW_Gyroscope  mpu6050.o
    0x08005cd0   0x08005cd0   0x0000005c   Code   RO          857    i.MX_DMA_Init       dma.o
    0x08005d2c   0x08005d2c   0x0000009c   Code   RO          833    i.MX_GPIO_Init      gpio.o
    0x08005dc8   0x08005dc8   0x00000040   Code   RO          883    i.MX_I2C1_Init      i2c.o
    0x08005e08   0x08005e08   0x000000ac   Code   RO          928    i.MX_TIM1_Init      tim.o
    0x08005eb4   0x08005eb4   0x00000068   Code   RO          929    i.MX_TIM2_Init      tim.o
    0x08005f1c   0x08005f1c   0x000000ac   Code   RO          930    i.MX_TIM3_Init      tim.o
    0x08005fc8   0x08005fc8   0x00000068   Code   RO          931    i.MX_TIM4_Init      tim.o
    0x08006030   0x08006030   0x00000038   Code   RO         1003    i.MX_USART2_UART_Init  usart.o
    0x08006068   0x08006068   0x00000038   Code   RO         1004    i.MX_USART3_UART_Init  usart.o
    0x080060a0   0x080060a0   0x00000002   Code   RO         1056    i.MemManage_Handler  stm32f1xx_it.o
    0x080060a2   0x080060a2   0x00000004   Code   RO          435    i.MotorEncoder_GetSpeedMPS  motorencoder.o
    0x080060a6   0x080060a6   0x00000002   PAD
    0x080060a8   0x080060a8   0x00000040   Code   RO          437    i.MotorEncoder_Init  motorencoder.o
    0x080060e8   0x080060e8   0x00000044   Code   RO          438    i.MotorEncoder_Reset  motorencoder.o
    0x0800612c   0x0800612c   0x00000174   Code   RO          440    i.MotorEncoder_Update  motorencoder.o
    0x080062a0   0x080062a0   0x00000002   Code   RO         1057    i.NMI_Handler       stm32f1xx_it.o
    0x080062a2   0x080062a2   0x00000002   Code   RO         1058    i.PendSV_Handler    stm32f1xx_it.o
    0x080062a4   0x080062a4   0x00000002   Code   RO         1059    i.SVC_Handler       stm32f1xx_it.o
    0x080062a6   0x080062a6   0x00000004   Code   RO         1060    i.SysTick_Handler   stm32f1xx_it.o
    0x080062aa   0x080062aa   0x0000005e   Code   RO          780    i.SystemClock_Config  main.o
    0x08006308   0x08006308   0x00000002   Code   RO          506    i.SystemInit        system_stm32f1xx.o
    0x0800630a   0x0800630a   0x00000002   PAD
    0x0800630c   0x0800630c   0x0000002c   Code   RO          543    i.TB6612_BrakeAllMotors  tb6612.o
    0x08006338   0x08006338   0x00000020   Code   RO          544    i.TB6612_Init       tb6612.o
    0x08006358   0x08006358   0x00000020   Code   RO          545    i.TB6612_SetBothMotors  tb6612.o
    0x08006378   0x08006378   0x0000004e   Code   RO          546    i.TB6612_SetMotorDirection  tb6612.o
    0x080063c6   0x080063c6   0x00000002   PAD
    0x080063c8   0x080063c8   0x000000b0   Code   RO          547    i.TB6612_SetMotorSpeed  tb6612.o
    0x08006478   0x08006478   0x0000001c   Code   RO          548    i.TB6612_StopAllMotors  tb6612.o
    0x08006494   0x08006494   0x0000000c   Code   RO         1061    i.TIM1_CC_IRQHandler  stm32f1xx_it.o
    0x080064a0   0x080064a0   0x00000078   Code   RO         2730    i.TIM_Base_SetConfig  stm32f1xx_hal_tim.o
    0x08006518   0x08006518   0x0000001a   Code   RO         2731    i.TIM_CCxChannelCmd  stm32f1xx_hal_tim.o
    0x08006532   0x08006532   0x00000014   Code   RO         2741    i.TIM_ETR_SetConfig  stm32f1xx_hal_tim.o
    0x08006546   0x08006546   0x00000010   Code   RO         2742    i.TIM_ITRx_SetConfig  stm32f1xx_hal_tim.o
    0x08006556   0x08006556   0x00000002   PAD
    0x08006558   0x08006558   0x00000050   Code   RO         2743    i.TIM_OC1_SetConfig  stm32f1xx_hal_tim.o
    0x080065a8   0x080065a8   0x00000058   Code   RO         2744    i.TIM_OC2_SetConfig  stm32f1xx_hal_tim.o
    0x08006600   0x08006600   0x00000058   Code   RO         2745    i.TIM_OC3_SetConfig  stm32f1xx_hal_tim.o
    0x08006658   0x08006658   0x00000044   Code   RO         2746    i.TIM_OC4_SetConfig  stm32f1xx_hal_tim.o
    0x0800669c   0x0800669c   0x00000022   Code   RO         2748    i.TIM_TI1_ConfigInputStage  stm32f1xx_hal_tim.o
    0x080066be   0x080066be   0x00000002   PAD
    0x080066c0   0x080066c0   0x00000058   Code   RO         2749    i.TIM_TI1_SetConfig  stm32f1xx_hal_tim.o
    0x08006718   0x08006718   0x00000024   Code   RO         2750    i.TIM_TI2_ConfigInputStage  stm32f1xx_hal_tim.o
    0x0800673c   0x0800673c   0x00000036   Code   RO         2751    i.TIM_TI2_SetConfig  stm32f1xx_hal_tim.o
    0x08006772   0x08006772   0x00000010   Code   RO         3651    i.UART_DMAAbortOnError  stm32f1xx_hal_uart.o
    0x08006782   0x08006782   0x0000004a   Code   RO         3652    i.UART_DMAError     stm32f1xx_hal_uart.o
    0x080067cc   0x080067cc   0x00000042   Code   RO         3657    i.UART_DMATransmitCplt  stm32f1xx_hal_uart.o
    0x0800680e   0x0800680e   0x0000000a   Code   RO         3659    i.UART_DMATxHalfCplt  stm32f1xx_hal_uart.o
    0x08006818   0x08006818   0x0000004e   Code   RO         3661    i.UART_EndRxTransfer  stm32f1xx_hal_uart.o
    0x08006866   0x08006866   0x0000001c   Code   RO         3662    i.UART_EndTxTransfer  stm32f1xx_hal_uart.o
    0x08006882   0x08006882   0x000000c2   Code   RO         3663    i.UART_Receive_IT   stm32f1xx_hal_uart.o
    0x08006944   0x08006944   0x000000b8   Code   RO         3664    i.UART_SetConfig    stm32f1xx_hal_uart.o
    0x080069fc   0x080069fc   0x00000036   Code   RO         3666    i.UART_Start_Receive_IT  stm32f1xx_hal_uart.o
    0x08006a32   0x08006a32   0x00000072   Code   RO         3667    i.UART_WaitOnFlagUntilTimeout  stm32f1xx_hal_uart.o
    0x08006aa4   0x08006aa4   0x0000000c   Code   RO         1062    i.USART3_IRQHandler  stm32f1xx_it.o
    0x08006ab0   0x08006ab0   0x0000000c   Code   RO          604    i.Ultrasonic_GetDistance  ultrasonic.o
    0x08006abc   0x08006abc   0x0000000c   Code   RO          606    i.Ultrasonic_GetState  ultrasonic.o
    0x08006ac8   0x08006ac8   0x00000048   Code   RO          607    i.Ultrasonic_Init   ultrasonic.o
    0x08006b10   0x08006b10   0x000000b0   Code   RO          608    i.Ultrasonic_StartMeasurement  ultrasonic.o
    0x08006bc0   0x08006bc0   0x00000088   Code   RO          609    i.Ultrasonic_Update  ultrasonic.o
    0x08006c48   0x08006c48   0x00000002   Code   RO         1063    i.UsageFault_Handler  stm32f1xx_it.o
    0x08006c4a   0x08006c4a   0x00000028   Code   RO         4245    i.__ARM_fpclassify  m_ws.l(fpclassify.o)
    0x08006c72   0x08006c72   0x00000026   Code   RO         4150    i.__ARM_fpclassifyf  m_ws.l(fpclassifyf.o)
    0x08006c98   0x08006c98   0x00000020   Code   RO         2148    i.__NVIC_SetPriority  stm32f1xx_hal_cortex.o
    0x08006cb8   0x08006cb8   0x0000000e   Code   RO         4370    i.__mathlib_dbl_overflow  m_ws.l(dunder.o)
    0x08006cc6   0x08006cc6   0x00000002   PAD
    0x08006cc8   0x08006cc8   0x00000010   Code   RO         4372    i.__mathlib_dbl_underflow  m_ws.l(dunder.o)
    0x08006cd8   0x08006cd8   0x00000004   Code   RO         4154    i.__mathlib_flt_infnan2  m_ws.l(funder.o)
    0x08006cdc   0x08006cdc   0x0000000a   Code   RO         4158    i.__mathlib_flt_underflow  m_ws.l(funder.o)
    0x08006ce6   0x08006ce6   0x00000010   Code   RO         4247    i.__mathlib_narrow  m_ws.l(narrow.o)
    0x08006cf6   0x08006cf6   0x00000002   PAD
    0x08006cf8   0x08006cf8   0x000000bc   Code   RO         4248    i.__mathlib_tofloat  m_ws.l(narrow.o)
    0x08006db4   0x08006db4   0x00000016   Code   RO         4342    i.__support_ldexp   m_ws.l(ldexp.o)
    0x08006dca   0x08006dca   0x0000000e   Code   RO         3996    i._is_digit         c_w.l(__printf_wp.o)
    0x08006dd8   0x08006dd8   0x000002a4   Code   RO         4085    i.atan2f            m_ws.l(atan2f.o)
    0x0800707c   0x0800707c   0x0000002a   Code   RO         4093    i.atof              m_ws.l(atof.o)
    0x080070a6   0x080070a6   0x00000002   PAD
    0x080070a8   0x080070a8   0x00000058   Code   RO         4324    i.frexp             m_ws.l(frexp.o)
    0x08007100   0x08007100   0x00000074   Code   RO         4343    i.ldexp             m_ws.l(ldexp.o)
    0x08007174   0x08007174   0x00000394   Code   RO          781    i.main              main.o
    0x08007508   0x08007508   0x0000002c   Code   RO         4097    i.sqrtf             m_ws.l(sqrtf.o)
    0x08007534   0x08007534   0x0000002c   Code   RO         4229    locale$$code        c_w.l(lc_numeric_c.o)
    0x08007560   0x08007560   0x0000002c   Code   RO         4262    locale$$code        c_w.l(lc_ctype_c.o)
    0x0800758c   0x0800758c   0x00000062   Code   RO         4030    x$fpl$d2f           fz_ws.l(d2f.o)
    0x080075ee   0x080075ee   0x00000002   PAD
    0x080075f0   0x080075f0   0x00000150   Code   RO         4032    x$fpl$dadd          fz_ws.l(daddsub_clz.o)
    0x08007740   0x08007740   0x00000010   Code   RO         4364    x$fpl$dcheck1       fz_ws.l(dcheck1.o)
    0x08007750   0x08007750   0x00000018   Code   RO         4333    x$fpl$dcmpinf       fz_ws.l(dcmpi.o)
    0x08007768   0x08007768   0x000002b0   Code   RO         4039    x$fpl$ddiv          fz_ws.l(ddiv.o)
    0x08007a18   0x08007a18   0x00000078   Code   RO         4317    x$fpl$deqf          fz_ws.l(deqf.o)
    0x08007a90   0x08007a90   0x00000078   Code   RO         4335    x$fpl$dleqf         fz_ws.l(dleqf.o)
    0x08007b08   0x08007b08   0x00000154   Code   RO         4048    x$fpl$dmul          fz_ws.l(dmul.o)
    0x08007c5c   0x08007c5c   0x0000009c   Code   RO         4135    x$fpl$dnaninf       fz_ws.l(dnaninf.o)
    0x08007cf8   0x08007cf8   0x0000000c   Code   RO         4137    x$fpl$dretinf       fz_ws.l(dretinf.o)
    0x08007d04   0x08007d04   0x0000006c   Code   RO         4319    x$fpl$drleqf        fz_ws.l(drleqf.o)
    0x08007d70   0x08007d70   0x00000016   Code   RO         4033    x$fpl$drsb          fz_ws.l(daddsub_clz.o)
    0x08007d86   0x08007d86   0x00000002   PAD
    0x08007d88   0x08007d88   0x000001d4   Code   RO         4034    x$fpl$dsub          fz_ws.l(daddsub_clz.o)
    0x08007f5c   0x08007f5c   0x00000056   Code   RO         4050    x$fpl$f2d           fz_ws.l(f2d.o)
    0x08007fb2   0x08007fb2   0x00000002   PAD
    0x08007fb4   0x08007fb4   0x000000c4   Code   RO         4052    x$fpl$fadd          fz_ws.l(faddsub_clz.o)
    0x08008078   0x08008078   0x0000000c   Code   RO         4139    x$fpl$fcheck1       fz_ws.l(fcheck1.o)
    0x08008084   0x08008084   0x00000018   Code   RO         4141    x$fpl$fcmpinf       fz_ws.l(fcmpi.o)
    0x0800809c   0x0800809c   0x00000184   Code   RO         4059    x$fpl$fdiv          fz_ws.l(fdiv.o)
    0x08008220   0x08008220   0x00000036   Code   RO         4062    x$fpl$ffix          fz_ws.l(ffix.o)
    0x08008256   0x08008256   0x00000002   PAD
    0x08008258   0x08008258   0x00000030   Code   RO         4067    x$fpl$fflt          fz_ws.l(fflt_clz.o)
    0x08008288   0x08008288   0x00000026   Code   RO         4066    x$fpl$ffltu         fz_ws.l(fflt_clz.o)
    0x080082ae   0x080082ae   0x00000002   PAD
    0x080082b0   0x080082b0   0x00000068   Code   RO         4072    x$fpl$fleqf         fz_ws.l(fleqf.o)
    0x08008318   0x08008318   0x00000102   Code   RO         4074    x$fpl$fmul          fz_ws.l(fmul.o)
    0x0800841a   0x0800841a   0x0000008c   Code   RO         4143    x$fpl$fnaninf       fz_ws.l(fnaninf.o)
    0x080084a6   0x080084a6   0x0000000a   Code   RO         4145    x$fpl$fretinf       fz_ws.l(fretinf.o)
    0x080084b0   0x080084b0   0x00000062   Code   RO         4076    x$fpl$frleqf        fz_ws.l(frleqf.o)
    0x08008512   0x08008512   0x00000014   Code   RO         4053    x$fpl$frsb          fz_ws.l(faddsub_clz.o)
    0x08008526   0x08008526   0x00000002   PAD
    0x08008528   0x08008528   0x00000110   Code   RO         4147    x$fpl$fsqrt         fz_ws.l(fsqrt.o)
    0x08008638   0x08008638   0x000000ea   Code   RO         4054    x$fpl$fsub          fz_ws.l(faddsub_clz.o)
    0x08008722   0x08008722   0x00000006   Code   RO         4235    x$fpl$ieeestatus    fz_ws.l(istatus.o)
    0x08008728   0x08008728   0x00000004   Code   RO         4078    x$fpl$printf1       fz_ws.l(printf1.o)
    0x0800872c   0x0800872c   0x00000064   Code   RO         4237    x$fpl$retnan        fz_ws.l(retnan.o)
    0x08008790   0x08008790   0x0000005c   Code   RO         4339    x$fpl$scalbn        fz_ws.l(scalbn.o)
    0x080087ec   0x080087ec   0x0000004c   Code   RO         4080    x$fpl$scalbnf       fz_ws.l(scalbnf.o)
    0x08008838   0x08008838   0x00000004   Code   RO         4082    x$fpl$scanf1        fz_ws.l(scanf1.o)
    0x0800883c   0x0800883c   0x00000008   Code   RO         4239    x$fpl$scanf2        fz_ws.l(scanf2.o)
    0x08008844   0x08008844   0x00000030   Code   RO         4321    x$fpl$trapveneer    fz_ws.l(trapv.o)
    0x08008874   0x08008874   0x00000000   Code   RO         4149    x$fpl$usenofp       fz_ws.l(usenofp.o)
    0x08008874   0x08008874   0x00000018   Data   RO          344    .constdata          bluetooth.o
    0x0800888c   0x0800888c   0x00000010   Data   RO          507    .constdata          system_stm32f1xx.o
    0x0800889c   0x0800889c   0x00000008   Data   RO          508    .constdata          system_stm32f1xx.o
    0x080088a4   0x080088a4   0x00000012   Data   RO         1846    .constdata          stm32f1xx_hal_rcc.o
    0x080088b6   0x080088b6   0x00000002   PAD
    0x080088b8   0x080088b8   0x00000094   Data   RO         4204    .constdata          c_w.l(bigflt0.o)
    0x0800894c   0x0800894c   0x000000c6   Data   RO          345    .conststring        bluetooth.o
    0x08008a12   0x08008a12   0x00000002   PAD
    0x08008a14   0x08008a14   0x00000020   Data   RO         4445    Region$$Table       anon$$obj.o
    0x08008a34   0x08008a34   0x00000008   Data   RO         4231    c$$dinf             fz_ws.l(fpconst.o)
    0x08008a3c   0x08008a3c   0x00000008   Data   RO         4234    c$$dmax             fz_ws.l(fpconst.o)
    0x08008a44   0x08008a44   0x0000001c   Data   RO         4228    locale$$data        c_w.l(lc_numeric_c.o)
    0x08008a60   0x08008a60   0x00000110   Data   RO         4261    locale$$data        c_w.l(lc_ctype_c.o)


    Execution Region RW_IRAM1 (Exec base: 0x20000000, Load base: 0x08008b70, Size: 0x00000ce0, Max: 0x00005000, ABSOLUTE)

    Exec Addr    Load Addr    Size         Type   Attr      Idx    E Section Name        Object

    0x20000000   0x08008b70   0x00000008   Data   RW           23    .data               mpu6050.o
    0x20000008   0x08008b78   0x0000007c   Data   RW          205    .data               balance_control.o
    0x20000084   0x08008bf4   0x00000004   Data   RW          346    .data               bluetooth.o
    0x20000088   0x08008bf8   0x00000038   Data   RW          441    .data               motorencoder.o
    0x200000c0   0x08008c30   0x00000004   Data   RW          509    .data               system_stm32f1xx.o
    0x200000c4   0x08008c34   0x00000030   Data   RW          549    .data               tb6612.o
    0x200000f4   0x08008c64   0x00000004   Data   RW          685    .data               k230_vision.o
    0x200000f8   0x08008c68   0x0000001c   Data   RW          785    .data               main.o
    0x20000114   0x08008c84   0x0000000c   Data   RW         1683    .data               stm32f1xx_hal.o
    0x20000120        -       0x00000090   Zero   RW           22    .bss                mpu6050.o
    0x200001b0        -       0x00000030   Zero   RW          204    .bss                balance_control.o
    0x200001e0        -       0x000000ec   Zero   RW          343    .bss                bluetooth.o
    0x200002cc        -       0x00000038   Zero   RW          610    .bss                ultrasonic.o
    0x20000304        -       0x00000058   Zero   RW          684    .bss                k230_vision.o
    0x2000035c        -       0x0000000a   Zero   RW          782    .bss                main.o
    0x20000366   0x08008c90   0x00000002   PAD
    0x20000368        -       0x00000054   Zero   RW          884    .bss                i2c.o
    0x200003bc        -       0x00000120   Zero   RW          932    .bss                tim.o
    0x200004dc        -       0x000001a0   Zero   RW         1005    .bss                usart.o
    0x2000067c        -       0x00000060   Zero   RW         4167    .bss                c_w.l(libspace.o)
    0x200006dc   0x08008c90   0x00000004   PAD
    0x200006e0        -       0x00000200   Zero   RW            2    HEAP                startup_stm32f103xb.o
    0x200008e0        -       0x00000400   Zero   RW            1    STACK               startup_stm32f103xb.o


==============================================================================

Image component sizes


      Code (inc. data)   RO Data    RW Data    ZI Data      Debug   Object Name

       790         82          0        124         48      10033   balance_control.o
      1756        620        222          4        236       8176   bluetooth.o
        92          4          0          0          0        722   dma.o
       156         12          0          0          0        871   gpio.o
       176         30          0          0         84       1541   i2c.o
       516         52          0          4         88       4994   k230_vision.o
      1094        432          0         28         10       3854   main.o
       508         68          0         56          0       3634   motorencoder.o
      1352         66          0          8        144     440053   mpu6050.o
        64         26        236          0       1536        780   startup_stm32f103xb.o
       164         28          0         12          0       5665   stm32f1xx_hal.o
       198         14          0          0          0      28771   stm32f1xx_hal_cortex.o
       808         36          0          0          0       4778   stm32f1xx_hal_dma.o
       490         34          0          0          0       2796   stm32f1xx_hal_gpio.o
      2382         56          0          0          0      12650   stm32f1xx_hal_i2c.o
        60          8          0          0          0        814   stm32f1xx_hal_msp.o
      1240         84         18          0          0       4932   stm32f1xx_hal_rcc.o
      2752         68          0          0          0      22044   stm32f1xx_hal_tim.o
       108         12          0          0          0       2281   stm32f1xx_hal_tim_ex.o
      1864         24          0          0          0      14562   stm32f1xx_hal_uart.o
        92         36          0          0          0       6087   stm32f1xx_it.o
         2          0         24          4          0       1023   system_stm32f1xx.o
       390         34          0         48          0       4474   tb6612.o
       896         78          0          0        288       4921   tim.o
       492         70          0          0         56       4885   ultrasonic.o
       496         44          0          0        416       2579   usart.o

    ----------------------------------------------------------------------
     18966       2018        536        288       2908     597920   Object Totals
         0          0         32          0          0          0   (incl. Generated)
        28          0          4          0          2          0   (incl. Padding)

    ----------------------------------------------------------------------

      Code (inc. data)   RO Data    RW Data    ZI Data      Debug   Library Member Name

        60          8          0          0          0         84   __0sscanf.o
         8          0          0          0          0         68   __main.o
       284          0          0          0          0        156   __printf_wp.o
         0          0          0          0          0          0   __rtentry.o
        12          0          0          0          0          0   __rtentry2.o
         6          0          0          0          0          0   __rtentry4.o
        52          8          0          0          0          0   __scatter.o
        26          0          0          0          0          0   __scatter_copy.o
        28          0          0          0          0          0   __scatter_zi.o
        28          0          0          0          0         68   _chval.o
        44          0          0          0          0        108   _printf_char.o
        48          6          0          0          0         96   _printf_char_common.o
         6          0          0          0          0          0   _printf_d.o
       120         16          0          0          0         92   _printf_dec.o
         6          0          0          0          0          0   _printf_f.o
      1054          0          0          0          0        216   _printf_fp_dec.o
       128         16          0          0          0         84   _printf_fp_infnan.o
       178          0          0          0          0         88   _printf_intcommon.o
         0          0          0          0          0          0   _printf_percent.o
         4          0          0          0          0          0   _printf_percent_end.o
         6          0          0          0          0          0   _printf_s.o
        82          0          0          0          0         80   _printf_str.o
        22          0          0          0          0        100   _rserrno.o
       884          4          0          0          0        100   _scanf.o
        64          0          0          0          0         84   _sgetc.o
        16          0          0          0          0         68   _snputc.o
        10          0          0          0          0         68   _sputc.o
       158          0          0          0          0         92   _strtoul.o
        26          0          0          0          0         80   atoi.o
       228          4        148          0          0         96   bigflt0.o
      2152        136          0          0          0        960   btod.o
        18          0          0          0          0         80   exit.o
         6          0          0          0          0        152   heapauxi.o
         0          0          0          0          0          0   indicate_semi.o
        18          0          0          0          0         76   isspace.o
        44         10        272          0          0         76   lc_ctype_c.o
        44         10         28          0          0         76   lc_numeric_c.o
         2          0          0          0          0          0   libinit.o
        30          0          0          0          0          0   libinit2.o
         2          0          0          0          0          0   libshutdown.o
         2          0          0          0          0          0   libshutdown2.o
         8          4          0          0         96         68   libspace.o
        38          0          0          0          0         68   llshl.o
       138          0          0          0          0         80   lludiv10.o
        52          4          0          0          0         84   noretval__2snprintf.o
        40          6          0          0          0         84   noretval__2sprintf.o
        16          4          0          0          0         76   rt_ctype_table.o
         8          4          0          0          0         68   rt_errno_addr_intlibspace.o
         8          4          0          0          0         68   rt_locale_intlibspace.o
        78          0          0          0          0         80   rt_memclr_w.o
       100          0          0          0          0         80   rt_memcpy_w.o
         2          0          0          0          0          0   rtexit.o
        10          0          0          0          0          0   rtexit2.o
        44          8          0          0          0         84   scanf_char.o
      1272         16          0          0          0        168   scanf_fp.o
       800         14          0          0          0        100   scanf_hexfp.o
       308         16          0          0          0        100   scanf_infnan.o
        20          0          0          0          0         68   strchr.o
       128          0          0          0          0         68   strcmpv7m.o
        62          0          0          0          0         76   strlen.o
       150          0          0          0          0         80   strncmp.o
       164         14          0          0          0        120   strtod.o
       112          0          0          0          0         88   strtol.o
        12          4          0          0          0         68   sys_exit.o
        74          0          0          0          0         80   sys_stackheap_outer.o
         2          0          0          0          0         68   use_no_semi.o
        98          4          0          0          0         92   d2f.o
       826         16          0          0          0        348   daddsub_clz.o
        16          4          0          0          0         68   dcheck1.o
        24          0          0          0          0         68   dcmpi.o
       688        140          0          0          0        208   ddiv.o
       120          4          0          0          0         92   deqf.o
       120          4          0          0          0         92   dleqf.o
       340         12          0          0          0        104   dmul.o
       156          4          0          0          0         92   dnaninf.o
        12          0          0          0          0         68   dretinf.o
       108          0          0          0          0         80   drleqf.o
        86          4          0          0          0         84   f2d.o
       450          8          0          0          0        236   faddsub_clz.o
        12          4          0          0          0         68   fcheck1.o
        24          0          0          0          0         68   fcmpi.o
       388         76          0          0          0         96   fdiv.o
        54          4          0          0          0         84   ffix.o
        86          0          0          0          0        136   fflt_clz.o
       104          4          0          0          0         84   fleqf.o
       258          4          0          0          0         84   fmul.o
       140          4          0          0          0         84   fnaninf.o
         0          0         16          0          0          0   fpconst.o
        10          0          0          0          0         68   fretinf.o
        98          0          0          0          0         68   frleqf.o
       272        100          0          0          0         88   fsqrt.o
         6          0          0          0          0         68   istatus.o
         4          0          0          0          0         68   printf1.o
       100          0          0          0          0         68   retnan.o
        92          0          0          0          0         68   scalbn.o
        76          0          0          0          0         68   scalbnf.o
         4          0          0          0          0         68   scanf1.o
         8          0          0          0          0         84   scanf2.o
        48          0          0          0          0         68   trapv.o
         0          0          0          0          0          0   usenofp.o
       676         78          0          0          0        116   atan2f.o
        42          0          0          0          0         84   atof.o
        30          6          0          0          0        136   dunder.o
        40          0          0          0          0         68   fpclassify.o
        38          0          0          0          0         68   fpclassifyf.o
        88          8          0          0          0         76   frexp.o
        14          0          0          0          0        136   funder.o
       138          0          0          0          0        160   ldexp.o
       204          4          0          0          0        168   narrow.o
        44          0          0          0          0         80   sqrtf.o

    ----------------------------------------------------------------------
     15730        810        464          0        100       9384   Library Totals
        36          2          0          0          4          0   (incl. Padding)

    ----------------------------------------------------------------------

      Code (inc. data)   RO Data    RW Data    ZI Data      Debug   Library Name

      9552        316        448          0         96       5172   c_w.l
      4828        396         16          0          0       3120   fz_ws.l
      1314         96          0          0          0       1092   m_ws.l

    ----------------------------------------------------------------------
     15730        810        464          0        100       9384   Library Totals

    ----------------------------------------------------------------------

==============================================================================


      Code (inc. data)   RO Data    RW Data    ZI Data      Debug   

     34696       2828       1000        288       3008     593104   Grand Totals
     34696       2828       1000        288       3008     593104   ELF Image Totals
     34696       2828       1000        288          0          0   ROM Totals

==============================================================================

    Total RO  Size (Code + RO Data)                35696 (  34.86kB)
    Total RW  Size (RW Data + ZI Data)              3296 (   3.22kB)
    Total ROM Size (Code + RO Data + RW Data)      35984 (  35.14kB)

==============================================================================

