Component: ARM Compiler 5.06 update 7 (build 960) Tool: armlink [4d3601]

==============================================================================

Section Cross References

    startup_stm32f103xb.o(STACK) refers (Special) to heapauxi.o(.text) for __use_two_region_memory
    startup_stm32f103xb.o(HEAP) refers (Special) to heapauxi.o(.text) for __use_two_region_memory
    startup_stm32f103xb.o(RESET) refers (Special) to heapauxi.o(.text) for __use_two_region_memory
    startup_stm32f103xb.o(RESET) refers to startup_stm32f103xb.o(STACK) for __initial_sp
    startup_stm32f103xb.o(RESET) refers to startup_stm32f103xb.o(.text) for Reset_Handler
    startup_stm32f103xb.o(RESET) refers to stm32f1xx_it.o(i.NMI_Handler) for NMI_Handler
    startup_stm32f103xb.o(RESET) refers to stm32f1xx_it.o(i.HardFault_Handler) for HardFault_Handler
    startup_stm32f103xb.o(RESET) refers to stm32f1xx_it.o(i.MemManage_Handler) for MemManage_Handler
    startup_stm32f103xb.o(RESET) refers to stm32f1xx_it.o(i.BusFault_Handler) for BusFault_Handler
    startup_stm32f103xb.o(RESET) refers to stm32f1xx_it.o(i.UsageFault_Handler) for UsageFault_Handler
    startup_stm32f103xb.o(RESET) refers to stm32f1xx_it.o(i.SVC_Handler) for SVC_Handler
    startup_stm32f103xb.o(RESET) refers to stm32f1xx_it.o(i.DebugMon_Handler) for DebugMon_Handler
    startup_stm32f103xb.o(RESET) refers to stm32f1xx_it.o(i.PendSV_Handler) for PendSV_Handler
    startup_stm32f103xb.o(RESET) refers to stm32f1xx_it.o(i.SysTick_Handler) for SysTick_Handler
    startup_stm32f103xb.o(RESET) refers to stm32f1xx_it.o(i.DMA1_Channel2_IRQHandler) for DMA1_Channel2_IRQHandler
    startup_stm32f103xb.o(RESET) refers to stm32f1xx_it.o(i.DMA1_Channel3_IRQHandler) for DMA1_Channel3_IRQHandler
    startup_stm32f103xb.o(RESET) refers to stm32f1xx_it.o(i.USART3_IRQHandler) for USART3_IRQHandler
    startup_stm32f103xb.o(.text) refers (Special) to heapauxi.o(.text) for __use_two_region_memory
    startup_stm32f103xb.o(.text) refers to system_stm32f1xx.o(i.SystemInit) for SystemInit
    startup_stm32f103xb.o(.text) refers to __main.o(!!!main) for __main
    startup_stm32f103xb.o(.text) refers to startup_stm32f103xb.o(HEAP) for Heap_Mem
    startup_stm32f103xb.o(.text) refers to startup_stm32f103xb.o(STACK) for Stack_Mem
    main.o(i.HAL_UART_RxCpltCallback) refers to stm32f1xx_hal_uart.o(i.HAL_UART_DMAStop) for HAL_UART_DMAStop
    main.o(i.HAL_UART_RxCpltCallback) refers to main.o(.data) for .data
    main.o(i.HAL_UART_RxCpltCallback) refers to usart.o(.bss) for huart3
    main.o(i.SystemClock_Config) refers to rt_memclr_w.o(.text) for __aeabi_memclr4
    main.o(i.SystemClock_Config) refers to stm32f1xx_hal_rcc.o(i.HAL_RCC_OscConfig) for HAL_RCC_OscConfig
    main.o(i.SystemClock_Config) refers to stm32f1xx_hal_rcc.o(i.HAL_RCC_ClockConfig) for HAL_RCC_ClockConfig
    main.o(i.main) refers to _printf_percent.o(.ARM.Collect$$_printf_percent$$00000000) for _printf_percent
    main.o(i.main) refers to _printf_f.o(.ARM.Collect$$_printf_percent$$00000003) for _printf_f
    main.o(i.main) refers to printf1.o(x$fpl$printf1) for _printf_fp_dec
    main.o(i.main) refers to stm32f1xx_hal.o(i.HAL_Init) for HAL_Init
    main.o(i.main) refers to main.o(i.SystemClock_Config) for SystemClock_Config
    main.o(i.main) refers to gpio.o(i.MX_GPIO_Init) for MX_GPIO_Init
    main.o(i.main) refers to dma.o(i.MX_DMA_Init) for MX_DMA_Init
    main.o(i.main) refers to usart.o(i.MX_USART3_UART_Init) for MX_USART3_UART_Init
    main.o(i.main) refers to i2c.o(i.MX_I2C1_Init) for MX_I2C1_Init
    main.o(i.main) refers to stm32f1xx_hal_uart.o(i.HAL_UART_Receive_DMA) for HAL_UART_Receive_DMA
    main.o(i.main) refers to mpu6050.o(i.MPU6050_Init) for MPU6050_Init
    main.o(i.main) refers to noretval__2sprintf.o(.text) for __2sprintf
    main.o(i.main) refers to strlen.o(.text) for strlen
    main.o(i.main) refers to stm32f1xx_hal_uart.o(i.HAL_UART_Transmit_DMA) for HAL_UART_Transmit_DMA
    main.o(i.main) refers to mpu6050.o(i.Kalman_Init) for Kalman_Init
    main.o(i.main) refers to stm32f1xx_hal.o(i.HAL_GetTick) for HAL_GetTick
    main.o(i.main) refers to mpu6050.o(i.MPU_Get_Accelerometer) for MPU_Get_Accelerometer
    main.o(i.main) refers to mpu6050.o(i.MPU_Get_Gyroscope) for MPU_Get_Gyroscope
    main.o(i.main) refers to mpu6050.o(i.MPU_Get_Filtered_Angles) for MPU_Get_Filtered_Angles
    main.o(i.main) refers to f2d.o(x$fpl$f2d) for __aeabi_f2d
    main.o(i.main) refers to main.o(.bss) for .bss
    main.o(i.main) refers to usart.o(.bss) for huart3
    main.o(i.main) refers to i2c.o(.bss) for hi2c1
    dma.o(i.MX_DMA_Init) refers to stm32f1xx_hal_cortex.o(i.HAL_NVIC_SetPriority) for HAL_NVIC_SetPriority
    dma.o(i.MX_DMA_Init) refers to stm32f1xx_hal_cortex.o(i.HAL_NVIC_EnableIRQ) for HAL_NVIC_EnableIRQ
    i2c.o(i.HAL_I2C_MspDeInit) refers to stm32f1xx_hal_gpio.o(i.HAL_GPIO_DeInit) for HAL_GPIO_DeInit
    i2c.o(i.HAL_I2C_MspInit) refers to stm32f1xx_hal_gpio.o(i.HAL_GPIO_Init) for HAL_GPIO_Init
[...]
    !!!scatter                               0x080000f4   Section       52  __scatter.o(!!!scatter)
    !!handler_copy                           0x08000128   Section       26  __scatter_copy.o(!!handler_copy)
    !!handler_zi                             0x08000144   Section       28  __scatter_zi.o(!!handler_zi)
    .ARM.Collect$$_printf_percent$$00000000  0x08000160   Section        0  _printf_percent.o(.ARM.Collect$$_printf_percent$$00000000)
    .ARM.Collect$$_printf_percent$$00000003  0x08000160   Section        6  _printf_f.o(.ARM.Collect$$_printf_percent$$00000003)
    .ARM.Collect$$_printf_percent$$00000017  0x08000166   Section        4  _printf_percent_end.o(.ARM.Collect$$_printf_percent$$00000017)
    .ARM.Collect$$libinit$$00000000          0x0800016a   Section        2  libinit.o(.ARM.Collect$$libinit$$00000000)
    .ARM.Collect$$libinit$$00000002          0x0800016c   Section        0  libinit2.o(.ARM.Collect$$libinit$$00000002)
    .ARM.Collect$$libinit$$00000004          0x0800016c   Section        0  libinit2.o(.ARM.Collect$$libinit$$00000004)
    .ARM.Collect$$libinit$$0000000A          0x0800016c   Section        0  libinit2.o(.ARM.Collect$$libinit$$0000000A)
    .ARM.Collect$$libinit$$0000000C          0x0800016c   Section        0  libinit2.o(.ARM.Collect$$libinit$$0000000C)
    .ARM.Collect$$libinit$$0000000E          0x0800016c   Section        0  libinit2.o(.ARM.Collect$$libinit$$0000000E)
    .ARM.Collect$$libinit$$0000000F          0x0800016c   Section        6  libinit2.o(.ARM.Collect$$libinit$$0000000F)
    .ARM.Collect$$libinit$$00000011          0x08000172   Section        0  libinit2.o(.ARM.Collect$$libinit$$00000011)
    .ARM.Collect$$libinit$$00000013          0x08000172   Section        0  libinit2.o(.ARM.Collect$$libinit$$00000013)
    .ARM.Collect$$libinit$$00000015          0x08000172   Section        0  libinit2.o(.ARM.Collect$$libinit$$00000015)
    .ARM.Collect$$libinit$$00000016          0x08000172   Section       10  libinit2.o(.ARM.Collect$$libinit$$00000016)
    .ARM.Collect$$libinit$$00000017          0x0800017c   Section        0  libinit2.o(.ARM.Collect$$libinit$$00000017)
    .ARM.Collect$$libinit$$00000019          0x0800017c   Section        0  libinit2.o(.ARM.Collect$$libinit$$00000019)
    .ARM.Collect$$libinit$$0000001B          0x0800017c   Section        0  libinit2.o(.ARM.Collect$$libinit$$0000001B)
    .ARM.Collect$$libinit$$0000001D          0x0800017c   Section        0  libinit2.o(.ARM.Collect$$libinit$$0000001D)
    .ARM.Collect$$libinit$$0000001F          0x0800017c   Section        0  libinit2.o(.ARM.Collect$$libinit$$0000001F)
    .ARM.Collect$$libinit$$00000021          0x0800017c   Section        0  libinit2.o(.ARM.Collect$$libinit$$00000021)
    .ARM.Collect$$libinit$$00000023          0x0800017c   Section        0  libinit2.o(.ARM.Collect$$libinit$$00000023)
    .ARM.Collect$$libinit$$00000025          0x0800017c   Section        0  libinit2.o(.ARM.Collect$$libinit$$00000025)
    .ARM.Collect$$libinit$$0000002C          0x0800017c   Section        0  libinit2.o(.ARM.Collect$$libinit$$0000002C)
    .ARM.Collect$$libinit$$0000002E          0x0800017c   Section        0  libinit2.o(.ARM.Collect$$libinit$$0000002E)
    .ARM.Collect$$libinit$$00000030          0x0800017c   Section        0  libinit2.o(.ARM.Collect$$libinit$$00000030)
    .ARM.Collect$$libinit$$00000032          0x0800017c   Section        0  libinit2.o(.ARM.Collect$$libinit$$00000032)
    .ARM.Collect$$libinit$$00000033          0x0800017c   Section        2  libinit2.o(.ARM.Collect$$libinit$$00000033)
    .ARM.Collect$$libshutdown$$00000000      0x0800017e   Section        2  libshutdown.o(.ARM.Collect$$libshutdown$$00000000)
    .ARM.Collect$$libshutdown$$00000002      0x08000180   Section        0  libshutdown2.o(.ARM.Collect$$libshutdown$$00000002)
    .ARM.Collect$$libshutdown$$00000004      0x08000180   Section        0  libshutdown2.o(.ARM.Collect$$libshutdown$$00000004)
    .ARM.Collect$$libshutdown$$00000006      0x08000180   Section        0  libshutdown2.o(.ARM.Collect$$libshutdown$$00000006)
    .ARM.Collect$$libshutdown$$00000009      0x08000180   Section        0  libshutdown2.o(.ARM.Collect$$libshutdown$$00000009)
    .ARM.Collect$$libshutdown$$0000000C      0x08000180   Section        0  libshutdown2.o(.ARM.Collect$$libshutdown$$0000000C)
    .ARM.Collect$$libshutdown$$0000000E      0x08000180   Section        0  libshutdown2.o(.ARM.Collect$$libshutdown$$0000000E)
    .ARM.Collect$$libshutdown$$00000011      0x08000180   Section        0  libshutdown2.o(.ARM.Collect$$libshutdown$$00000011)
    .ARM.Collect$$libshutdown$$00000012      0x08000180   Section        2  libshutdown2.o(.ARM.Collect$$libshutdown$$00000012)
    .ARM.Collect$$rtentry$$00000000          0x08000182   Section        0  __rtentry.o(.ARM.Collect$$rtentry$$00000000)
    .ARM.Collect$$rtentry$$00000002          0x08000182   Section        0  __rtentry2.o(.ARM.Collect$$rtentry$$00000002)
    .ARM.Collect$$rtentry$$00000004          0x08000182   Section        6  __rtentry4.o(.ARM.Collect$$rtentry$$00000004)
    .ARM.Collect$$rtentry$$00000009          0x08000188   Section        0  __rtentry2.o(.ARM.Collect$$rtentry$$00000009)
    .ARM.Collect$$rtentry$$0000000A          0x08000188   Section        4  __rtentry2.o(.ARM.Collect$$rtentry$$0000000A)
    .ARM.Collect$$rtentry$$0000000C          0x0800018c   Section        0  __rtentry2.o(.ARM.Collect$$rtentry$$0000000C)
    .ARM.Collect$$rtentry$$0000000D          0x0800018c   Section        8  __rtentry2.o(.ARM.Collect$$rtentry$$0000000D)
    .ARM.Collect$$rtexit$$00000000           0x08000194   Section        2  rtexit.o(.ARM.Collect$$rtexit$$00000000)
    .ARM.Collect$$rtexit$$00000002           0x08000196   Section        0  rtexit2.o(.ARM.Collect$$rtexit$$00000002)
    .ARM.Collect$$rtexit$$00000003           0x08000196   Section        4  rtexit2.o(.ARM.Collect$$rtexit$$00000003)
    .ARM.Collect$$rtexit$$00000004           0x0800019a   Section        6  rtexit2.o(.ARM.Collect$$rtexit$$00000004)
    .text                                    0x080001a0   Section       64  startup_stm32f103xb.o(.text)
    .text                                    0x080001e0   Section        0  noretval__2sprintf.o(.text)
    .text                                    0x08000208   Section        0  __printf_wp.o(.text)
    .text                                    0x08000316   Section        0  strlen.o(.text)
    .text                                    0x08000354   Section       78  rt_memclr_w.o(.text)
    .text                                    0x080003a2   Section        0  heapauxi.o(.text)
    .text                                    0x080003a8   Section        0  _rserrno.o(.text)
    .text                                    0x080003be   Section        0  _printf_fp_dec.o(.text)
    _fp_digits                               0x080003c1   Thumb Code   432  _printf_fp_dec.o(.text)
    .text                                    0x080007dc   Section        0  _printf_char_common.o(.text)
    _printf_input_char                       0x080007dd   Thumb Code    10  _printf_char_common.o(.text)
    .text                                    0x0800080c   Section        0  _sputc.o(.text)
    .text                                    0x08000818   Section        8  rt_locale_intlibspace.o(.text)
    .text                                    0x08000820   Section        8  rt_errno_addr_intlibspace.o(.text)
    .text                                    0x08000828   Section      138  lludiv10.o(.text)
    .text                                    0x080008b4   Section        0  _printf_fp_infnan.o(.text)
    .text                                    0x08000934   Section        0  bigflt0.o(.text)
    .text                                    0x08000a18   Section        8  libspace.o(.text)
    .text                                    0x08000a20   Section       74  sys_stackheap_outer.o(.text)
    .text                                    0x08000a6a   Section        0  exit.o(.text)
    .text                                    0x08000a7c   Section      128  strcmpv7m.o(.text)
    .text                                    0x08000afc   Section        0  sys_exit.o(.text)
    .text                                    0x08000b08   Section        2  use_no_semi.o(.text)
    .text                                    0x08000b0a   Section        0  indicate_semi.o(.text)
    CL$$btod_d2e                             0x08000b0a   Section       62  btod.o(CL$$btod_d2e)
    CL$$btod_d2e_denorm_low                  0x08000b48   Section       70  btod.o(CL$$btod_d2e_denorm_low)
    CL$$btod_d2e_norm_op1                    0x08000b8e   Section       96  btod.o(CL$$btod_d2e_norm_op1)
    CL$$btod_div_common                      0x08000bee   Section      824  btod.o(CL$$btod_div_common)
    CL$$btod_e2e                             0x08000f26   Section      220  btod.o(CL$$btod_e2e)
    CL$$btod_ediv                            0x08001002   Section       42  btod.o(CL$$btod_ediv)
    CL$$btod_emul                            0x0800102c   Section       42  btod.o(CL$$btod_emul)
    CL$$btod_mult_common                     0x08001056   Section      580  btod.o(CL$$btod_mult_common)
    i.BusFault_Handler                       0x0800129a   Section        0  stm32f1xx_it.o(i.BusFault_Handler)
    i.DMA1_Channel2_IRQHandler               0x0800129c   Section        0  stm32f1xx_it.o(i.DMA1_Channel2_IRQHandler)
    i.DMA1_Channel3_IRQHandler               0x080012a8   Section        0  stm32f1xx_it.o(i.DMA1_Channel3_IRQHandler)
    i.DMA_SetConfig                          0x080012b4   Section        0  stm32f1xx_hal_dma.o(i.DMA_SetConfig)
    DMA_SetConfig                            0x080012b5   Thumb Code    42  stm32f1xx_hal_dma.o(i.DMA_SetConfig)
    i.DebugMon_Handler                       0x080012de   Section        0  stm32f1xx_it.o(i.DebugMon_Handler)
    i.Error_Handler                          0x080012e0   Section        0  main.o(i.Error_Handler)
    i.HAL_DMA_Abort                          0x080012e4   Section        0  stm32f1xx_hal_dma.o(i.HAL_DMA_Abort)
    i.HAL_DMA_Abort_IT                       0x0800132c   Section        0  stm32f1xx_hal_dma.o(i.HAL_DMA_Abort_IT)
    i.HAL_DMA_IRQHandler                     0x080013c4   Section        0  stm32f1xx_hal_dma.o(i.HAL_DMA_IRQHandler)
    i.HAL_DMA_Init                           0x08001518   Section        0  stm32f1xx_hal_dma.o(i.HAL_DMA_Init)
    i.HAL_DMA_Start_IT                       0x08001574   Section        0  stm32f1xx_hal_dma.o(i.HAL_DMA_Start_IT)
    i.HAL_GPIO_Init                          0x080015e4   Section        0  stm32f1xx_hal_gpio.o(i.HAL_GPIO_Init)
    i.HAL_GetTick                            0x080017c4   Section        0  stm32f1xx_hal.o(i.HAL_GetTick)
    i.HAL_I2C_Init                           0x080017d0   Section        0  stm32f1xx_hal_i2c.o(i.HAL_I2C_Init)
    i.HAL_I2C_Mem_Read                       0x08001958   Section        0  stm32f1xx_hal_i2c.o(i.HAL_I2C_Mem_Read)
    i.HAL_I2C_Mem_Write                      0x08001bb4   Section        0  stm32f1xx_hal_i2c.o(i.HAL_I2C_Mem_Write)
    i.HAL_I2C_MspInit                        0x08001ce4   Section        0  i2c.o(i.HAL_I2C_MspInit)
    i.HAL_IncTick                            0x08001d40   Section        0  stm32f1xx_hal.o(i.HAL_IncTick)
    i.HAL_Init                               0x08001d50   Section        0  stm32f1xx_hal.o(i.HAL_Init)
    i.HAL_InitTick                           0x08001d74   Section        0  stm32f1xx_hal.o(i.HAL_InitTick)
    i.HAL_MspInit                            0x08001db4   Section        0  stm32f1xx_hal_msp.o(i.HAL_MspInit)
    i.HAL_NVIC_EnableIRQ                     0x08001df0   Section        0  stm32f1xx_hal_cortex.o(i.HAL_NVIC_EnableIRQ)
    i.HAL_NVIC_SetPriority                   0x08001e0c   Section        0  stm32f1xx_hal_cortex.o(i.HAL_NVIC_SetPriority)
    i.HAL_NVIC_SetPriorityGrouping           0x08001e4c   Section        0  stm32f1xx_hal_cortex.o(i.HAL_NVIC_SetPriorityGrouping)
    i.HAL_RCC_ClockConfig                    0x08001e70   Section        0  stm32f1xx_hal_rcc.o(i.HAL_RCC_ClockConfig)
    i.HAL_RCC_GetPCLK1Freq                   0x08001f9c   Section        0  stm32f1xx_hal_rcc.o(i.HAL_RCC_GetPCLK1Freq)
    i.HAL_RCC_GetPCLK2Freq                   0x08001fbc   Section        0  stm32f1xx_hal_rcc.o(i.HAL_RCC_GetPCLK2Freq)
    i.HAL_RCC_GetSysClockFreq                0x08001fdc   Section        0  stm32f1xx_hal_rcc.o(i.HAL_RCC_GetSysClockFreq)
    i.HAL_RCC_OscConfig                      0x08002028   Section        0  stm32f1xx_hal_rcc.o(i.HAL_RCC_OscConfig)
    i.HAL_SYSTICK_Config                     0x08002348   Section        0  stm32f1xx_hal_cortex.o(i.HAL_SYSTICK_Config)
    i.HAL_UARTEx_RxEventCallback             0x08002370   Section        0  stm32f1xx_hal_uart.o(i.HAL_UARTEx_RxEventCallback)
    i.HAL_UART_DMAStop                       0x08002372   Section        0  stm32f1xx_hal_uart.o(i.HAL_UART_DMAStop)
    i.HAL_UART_ErrorCallback                 0x080023e2   Section        0  stm32f1xx_hal_uart.o(i.HAL_UART_ErrorCallback)
    i.HAL_UART_IRQHandler                    0x080023e4   Section        0  stm32f1xx_hal_uart.o(i.HAL_UART_IRQHandler)
    i.HAL_UART_Init                          0x08002650   Section        0  stm32f1xx_hal_uart.o(i.HAL_UART_Init)
    i.HAL_UART_MspInit                       0x080026b4   Section        0  usart.o(i.HAL_UART_MspInit)
    i.HAL_UART_Receive_DMA                   0x08002790   Section        0  stm32f1xx_hal_uart.o(i.HAL_UART_Receive_DMA)
    i.HAL_UART_RxCpltCallback                0x080027ac   Section        0  main.o(i.HAL_UART_RxCpltCallback)
    i.HAL_UART_RxHalfCpltCallback            0x080027d0   Section        0  stm32f1xx_hal_uart.o(i.HAL_UART_RxHalfCpltCallback)
    i.HAL_UART_Transmit_DMA                  0x080027d4   Section        0  stm32f1xx_hal_uart.o(i.HAL_UART_Transmit_DMA)
    i.HAL_UART_TxCpltCallback                0x0800284c   Section        0  stm32f1xx_hal_uart.o(i.HAL_UART_TxCpltCallback)
    i.HAL_UART_TxHalfCpltCallback            0x0800284e   Section        0  stm32f1xx_hal_uart.o(i.HAL_UART_TxHalfCpltCallback)
    i.HardFault_Handler                      0x08002850   Section        0  stm32f1xx_it.o(i.HardFault_Handler)
    i.I2C_IsAcknowledgeFailed                0x08002852   Section        0  stm32f1xx_hal_i2c.o(i.I2C_IsAcknowledgeFailed)
    I2C_IsAcknowledgeFailed                  0x08002853   Thumb Code    46  stm32f1xx_hal_i2c.o(i.I2C_IsAcknowledgeFailed)
    i.I2C_RequestMemoryRead                  0x08002880   Section        0  stm32f1xx_hal_i2c.o(i.I2C_RequestMemoryRead)
    I2C_RequestMemoryRead                    0x08002881   Thumb Code   246  stm32f1xx_hal_i2c.o(i.I2C_RequestMemoryRead)
    i.I2C_RequestMemoryWrite                 0x0800297c   Section        0  stm32f1xx_hal_i2c.o(i.I2C_RequestMemoryWrite)
    I2C_RequestMemoryWrite                   0x0800297d   Thumb Code   162  stm32f1xx_hal_i2c.o(i.I2C_RequestMemoryWrite)
    i.I2C_WaitOnBTFFlagUntilTimeout          0x08002a24   Section        0  stm32f1xx_hal_i2c.o(i.I2C_WaitOnBTFFlagUntilTimeout)
    I2C_WaitOnBTFFlagUntilTimeout            0x08002a25   Thumb Code    86  stm32f1xx_hal_i2c.o(i.I2C_WaitOnBTFFlagUntilTimeout)
    i.I2C_WaitOnFlagUntilTimeout             0x08002a7c   Section        0  stm32f1xx_hal_i2c.o(i.I2C_WaitOnFlagUntilTimeout)
    I2C_WaitOnFlagUntilTimeout               0x08002a7d   Thumb Code   144  stm32f1xx_hal_i2c.o(i.I2C_WaitOnFlagUntilTimeout)
    i.I2C_WaitOnMasterAddressFlagUntilTimeout 0x08002b0c   Section        0  stm32f1xx_hal_i2c.o(i.I2C_WaitOnMasterAddressFlagUntilTimeout)
    I2C_WaitOnMasterAddressFlagUntilTimeout  0x08002b0d   Thumb Code   188  stm32f1xx_hal_i2c.o(i.I2C_WaitOnMasterAddressFlagUntilTimeout)
    i.I2C_WaitOnRXNEFlagUntilTimeout         0x08002bc8   Section        0  stm32f1xx_hal_i2c.o(i.I2C_WaitOnRXNEFlagUntilTimeout)
    I2C_WaitOnRXNEFlagUntilTimeout           0x08002bc9   Thumb Code   112  stm32f1xx_hal_i2c.o(i.I2C_WaitOnRXNEFlagUntilTimeout)
    i.I2C_WaitOnTXEFlagUntilTimeout          0x08002c38   Section        0  stm32f1xx_hal_i2c.o(i.I2C_WaitOnTXEFlagUntilTimeout)
    I2C_WaitOnTXEFlagUntilTimeout            0x08002c39   Thumb Code    86  stm32f1xx_hal_i2c.o(i.I2C_WaitOnTXEFlagUntilTimeout)
    i.Kalman_Init                            0x08002c90   Section        0  mpu6050.o(i.Kalman_Init)
    i.Kalman_getAngle                        0x08002d1c   Section        0  mpu6050.o(i.Kalman_getAngle)
    i.MPU6050_Init                           0x08002ea8   Section        0  mpu6050.o(i.MPU6050_Init)
    i.MPU_Get_Accelerometer                  0x08002f48   Section        0  mpu6050.o(i.MPU_Get_Accelerometer)
    i.MPU_Get_Filtered_Angles                0x08002f9c   Section        0  mpu6050.o(i.MPU_Get_Filtered_Angles)
    i.MPU_Get_Gyroscope                      0x080030e8   Section        0  mpu6050.o(i.MPU_Get_Gyroscope)
    i.MPU_Get_RAW_Accelerometer              0x08003140   Section        0  mpu6050.o(i.MPU_Get_RAW_Accelerometer)
    i.MPU_Get_RAW_Gyroscope                  0x0800318c   Section        0  mpu6050.o(i.MPU_Get_RAW_Gyroscope)
    i.MX_DMA_Init                            0x080031d8   Section        0  dma.o(i.MX_DMA_Init)
    i.MX_GPIO_Init                           0x08003214   Section        0  gpio.o(i.MX_GPIO_Init)
    i.MX_I2C1_Init                           0x08003250   Section        0  i2c.o(i.MX_I2C1_Init)
    i.MX_USART3_UART_Init                    0x08003290   Section        0  usart.o(i.MX_USART3_UART_Init)
    i.MemManage_Handler                      0x080032c8   Section        0  stm32f1xx_it.o(i.MemManage_Handler)
    i.NMI_Handler                            0x080032ca   Section        0  stm32f1xx_it.o(i.NMI_Handler)
    i.PendSV_Handler                         0x080032cc   Section        0  stm32f1xx_it.o(i.PendSV_Handler)
    i.SVC_Handler                            0x080032ce   Section        0  stm32f1xx_it.o(i.SVC_Handler)
    i.SysTick_Handler                        0x080032d0   Section        0  stm32f1xx_it.o(i.SysTick_Handler)
    i.SystemClock_Config                     0x080032d4   Section        0  main.o(i.SystemClock_Config)
    i.SystemInit                             0x08003332   Section        0  system_stm32f1xx.o(i.SystemInit)
    i.UART_DMAAbortOnError                   0x08003334   Section        0  stm32f1xx_hal_uart.o(i.UART_DMAAbortOnError)
    UART_DMAAbortOnError                     0x08003335   Thumb Code    16  stm32f1xx_hal_uart.o(i.UART_DMAAbortOnError)
    i.UART_DMAError                          0x08003344   Section        0  stm32f1xx_hal_uart.o(i.UART_DMAError)
    UART_DMAError                            0x08003345   Thumb Code    74  stm32f1xx_hal_uart.o(i.UART_DMAError)
    i.UART_DMAReceiveCplt                    0x0800338e   Section        0  stm32f1xx_hal_uart.o(i.UART_DMAReceiveCplt)
    UART_DMAReceiveCplt                      0x0800338f   Thumb Code   134  stm32f1xx_hal_uart.o(i.UART_DMAReceiveCplt)
    i.UART_DMARxHalfCplt                     0x08003414   Section        0  stm32f1xx_hal_uart.o(i.UART_DMARxHalfCplt)
    UART_DMARxHalfCplt                       0x08003415   Thumb Code    30  stm32f1xx_hal_uart.o(i.UART_DMARxHalfCplt)
    i.UART_DMATransmitCplt                   0x08003432   Section        0  stm32f1xx_hal_uart.o(i.UART_DMATransmitCplt)
    UART_DMATransmitCplt                     0x08003433   Thumb Code    66  stm32f1xx_hal_uart.o(i.UART_DMATransmitCplt)
    i.UART_DMATxHalfCplt                     0x08003474   Section        0  stm32f1xx_hal_uart.o(i.UART_DMATxHalfCplt)
    UART_DMATxHalfCplt                       0x08003475   Thumb Code    10  stm32f1xx_hal_uart.o(i.UART_DMATxHalfCplt)
    i.UART_EndRxTransfer                     0x0800347e   Section        0  stm32f1xx_hal_uart.o(i.UART_EndRxTransfer)
    UART_EndRxTransfer                       0x0800347f   Thumb Code    78  stm32f1xx_hal_uart.o(i.UART_EndRxTransfer)
    i.UART_EndTxTransfer                     0x080034cc   Section        0  stm32f1xx_hal_uart.o(i.UART_EndTxTransfer)
    UART_EndTxTransfer                       0x080034cd   Thumb Code    28  stm32f1xx_hal_uart.o(i.UART_EndTxTransfer)
    i.UART_Receive_IT                        0x080034e8   Section        0  stm32f1xx_hal_uart.o(i.UART_Receive_IT)
    UART_Receive_IT                          0x080034e9   Thumb Code   194  stm32f1xx_hal_uart.o(i.UART_Receive_IT)
    i.UART_SetConfig                         0x080035ac   Section        0  stm32f1xx_hal_uart.o(i.UART_SetConfig)
    UART_SetConfig                           0x080035ad   Thumb Code   178  stm32f1xx_hal_uart.o(i.UART_SetConfig)
    i.UART_Start_Receive_DMA                 0x08003664   Section        0  stm32f1xx_hal_uart.o(i.UART_Start_Receive_DMA)
    i.USART3_IRQHandler                      0x080036f4   Section        0  stm32f1xx_it.o(i.USART3_IRQHandler)
    i.UsageFault_Handler                     0x08003700   Section        0  stm32f1xx_it.o(i.UsageFault_Handler)
    i.__ARM_fpclassify                       0x08003702   Section        0  fpclassify.o(i.__ARM_fpclassify)
    i.__ARM_fpclassifyf                      0x0800372a   Section        0  fpclassifyf.o(i.__ARM_fpclassifyf)
    i.__NVIC_SetPriority                     0x08003750   Section        0  stm32f1xx_hal_cortex.o(i.__NVIC_SetPriority)
    __NVIC_SetPriority                       0x08003751   Thumb Code    32  stm32f1xx_hal_cortex.o(i.__NVIC_SetPriority)
    i.__mathlib_flt_infnan2                  0x08003770   Section        0  funder.o(i.__mathlib_flt_infnan2)
    i.__mathlib_flt_underflow                0x08003774   Section        0  funder.o(i.__mathlib_flt_underflow)
    i._is_digit                              0x0800377e   Section        0  __printf_wp.o(i._is_digit)
    i.atan2f                                 0x0800378c   Section        0  atan2f.o(i.atan2f)
    i.main                                   0x08003a30   Section        0  main.o(i.main)
    i.sqrtf                                  0x08003b78   Section        0  sqrtf.o(i.sqrtf)
    locale$$code                             0x08003ba4   Section       44  lc_numeric_c.o(locale$$code)
    x$fpl$d2f                                0x08003bd0   Section       98  d2f.o(x$fpl$d2f)
    x$fpl$dadd                               0x08003c34   Section      336  daddsub_clz.o(x$fpl$dadd)
    _dadd1                                   0x08003c45   Thumb Code     0  daddsub_clz.o(x$fpl$dadd)
    x$fpl$ddiv                               0x08003d84   Section      688  ddiv.o(x$fpl$ddiv)
    ddiv_entry                               0x08003d8b   Thumb Code     0  ddiv.o(x$fpl$ddiv)
    x$fpl$dmul                               0x08004034   Section      340  dmul.o(x$fpl$dmul)
    x$fpl$dnaninf                            0x08004188   Section      156  dnaninf.o(x$fpl$dnaninf)
    x$fpl$dretinf                            0x08004224   Section       12  dretinf.o(x$fpl$dretinf)
    x$fpl$drsb                               0x08004230   Section       22  daddsub_clz.o(x$fpl$drsb)
    x$fpl$dsub                               0x08004248   Section      468  daddsub_clz.o(x$fpl$dsub)
    _dsub1                                   0x08004259   Thumb Code     0  daddsub_clz.o(x$fpl$dsub)
    x$fpl$f2d                                0x0800441c   Section       86  f2d.o(x$fpl$f2d)
    x$fpl$fadd                               0x08004474   Section      196  faddsub_clz.o(x$fpl$fadd)
    _fadd1                                   0x08004483   Thumb Code     0  faddsub_clz.o(x$fpl$fadd)
    x$fpl$fcheck1                            0x08004538   Section       12  fcheck1.o(x$fpl$fcheck1)
    x$fpl$fdiv                               0x08004544   Section      388  fdiv.o(x$fpl$fdiv)
    _fdiv1                                   0x08004545   Thumb Code     0  fdiv.o(x$fpl$fdiv)
    x$fpl$fflt                               0x080046c8   Section       48  fflt_clz.o(x$fpl$fflt)
    x$fpl$ffltu                              0x080046f8   Section       38  fflt_clz.o(x$fpl$ffltu)
    x$fpl$fmul                               0x08004720   Section      258  fmul.o(x$fpl$fmul)
    x$fpl$fnaninf                            0x08004822   Section      140  fnaninf.o(x$fpl$fnaninf)
    x$fpl$fretinf                            0x080048ae   Section       10  fretinf.o(x$fpl$fretinf)
    x$fpl$frsb                               0x080048b8   Section       20  faddsub_clz.o(x$fpl$frsb)
    x$fpl$fsqrt                              0x080048cc   Section      272  fsqrt.o(x$fpl$fsqrt)
    x$fpl$fsub                               0x080049dc   Section      234  faddsub_clz.o(x$fpl$fsub)
    _fsub1                                   0x080049eb   Thumb Code     0  faddsub_clz.o(x$fpl$fsub)
    x$fpl$printf1                            0x08004ac6   Section        4  printf1.o(x$fpl$printf1)
    x$fpl$retnan                             0x08004aca   Section      100  retnan.o(x$fpl$retnan)
    x$fpl$scalbnf                            0x08004b2e   Section       76  scalbnf.o(x$fpl$scalbnf)
    x$fpl$trapveneer                         0x08004b7a   Section       48  trapv.o(x$fpl$trapveneer)
    .constdata                               0x08004baa   Section       18  stm32f1xx_hal_rcc.o(.constdata)
    x$fpl$usenofp                            0x08004baa   Section        0  usenofp.o(x$fpl$usenofp)
    aPredivFactorTable                       0x08004baa   Data           2  stm32f1xx_hal_rcc.o(.constdata)
    aPLLMULFactorTable                       0x08004bac   Data          16  stm32f1xx_hal_rcc.o(.constdata)
    .constdata                               0x08004bbc   Section       16  system_stm32f1xx.o(.constdata)
    .constdata                               0x08004bcc   Section        8  system_stm32f1xx.o(.constdata)
    .constdata                               0x08004bd4   Section      148  bigflt0.o(.constdata)
    tenpwrs_x                                0x08004bd4   Data          60  bigflt0.o(.constdata)
    tenpwrs_i                                0x08004c10   Data          64  bigflt0.o(.constdata)
    locale$$data                             0x08004c88   Section       28  lc_numeric_c.o(locale$$data)
    __lcnum_c_name                           0x08004c8c   Data           2  lc_numeric_c.o(locale$$data)
    __lcnum_c_start                          0x08004c94   Data           0  lc_numeric_c.o(locale$$data)
    __lcnum_c_point                          0x08004ca0   Data           0  lc_numeric_c.o(locale$$data)
    __lcnum_c_thousands                      0x08004ca2   Data           0  lc_numeric_c.o(locale$$data)
    __lcnum_c_grouping                       0x08004ca3   Data           0  lc_numeric_c.o(locale$$data)
    __lcnum_c_end                            0x08004ca4   Data           0  lc_numeric_c.o(locale$$data)
    .data                                    0x20000000   Section        1  main.o(.data)
    .data                                    0x20000004   Section        8  mpu6050.o(.data)
    g_hi2c_mpu6050                           0x20000004   Data           4  mpu6050.o(.data)
    g_timer                                  0x20000008   Data           4  mpu6050.o(.data)
    .data                                    0x2000000c   Section       12  stm32f1xx_hal.o(.data)
    .data                                    0x20000018   Section        4  system_stm32f1xx.o(.data)
    .bss                                     0x2000001c   Section       10  main.o(.bss)
    .bss                                     0x20000028   Section       84  i2c.o(.bss)
    .bss                                     0x2000007c   Section      208  usart.o(.bss)
    .bss                                     0x20000150   Section      144  mpu6050.o(.bss)
    kalmanX                                  0x20000150   Data          72  mpu6050.o(.bss)
    kalmanY                                  0x20000198   Data          72  mpu6050.o(.bss)
    .bss                                     0x200001e0   Section       96  libspace.o(.bss)
    HEAP                                     0x20000240   Section      512  startup_stm32f103xb.o(HEAP)
    Heap_Mem                                 0x20000240   Data         512  startup_stm32f103xb.o(HEAP)
    STACK                                    0x20000440   Section     1024  startup_stm32f103xb.o(STACK)
    Stack_Mem                                0x20000440   Data        1024  startup_stm32f103xb.o(STACK)
    __initial_sp                             0x20000840   Data           0  startup_stm32f103xb.o(STACK)

    Global Symbols

    Symbol Name                              Value     Ov Type        Size  Object(Section)

    BuildAttributes$$THM_ISAv4$P$D$K$B$S$PE$A:L22UL41UL21$X:L11$S22US41US21$IEEE1$IW$USESV6$~STKCKD$USESV7$~SHL$OTIME$ROPI$IEEEX$EBA8$UX$STANDARDLIB$REQ8$PRES8$EABIv2 0x00000000   Number         0  anon$$obj.o ABSOLUTE
    __ARM_use_no_argv                        0x00000000   Number         0  main.o ABSOLUTE
    _printf_flags                            0x00000000   Number         0  printf_stubs.o ABSOLUTE
    _printf_return_value                     0x00000000   Number         0  printf_stubs.o ABSOLUTE
    _printf_sizespec                         0x00000000   Number         0  printf_stubs.o ABSOLUTE
    _printf_widthprec                        0x00000000   Number         0  printf_stubs.o ABSOLUTE
    __ARM_exceptions_init                     - Undefined Weak Reference
    __alloca_initialize                       - Undefined Weak Reference
    __arm_fini_                               - Undefined Weak Reference
    __arm_preinit_                            - Undefined Weak Reference
    __cpp_initialize__aeabi_                  - Undefined Weak Reference
    __cxa_finalize                            - Undefined Weak Reference
    __sigvec_lookup                           - Undefined Weak Reference
    _atexit_init                              - Undefined Weak Reference
    _call_atexit_fns                          - Undefined Weak Reference
    _clock_init                               - Undefined Weak Reference
    _fp_trap_init                             - Undefined Weak Reference
    _fp_trap_shutdown                         - Undefined Weak Reference
    _get_lc_collate                           - Undefined Weak Reference
    _get_lc_ctype                             - Undefined Weak Reference
    _get_lc_monetary                          - Undefined Weak Reference
    _get_lc_time                              - Undefined Weak Reference
    _getenv_init                              - Undefined Weak Reference
    _handle_redirection                       - Undefined Weak Reference
    _init_alloc                               - Undefined Weak Reference
    _init_user_alloc                          - Undefined Weak Reference
    _initio                                   - Undefined Weak Reference
    _printf_post_padding                      - Undefined Weak Reference
    _printf_pre_padding                       - Undefined Weak Reference
    _rand_init                                - Undefined Weak Reference
    _signal_finish                            - Undefined Weak Reference
    _signal_init                              - Undefined Weak Reference
    _terminate_alloc                          - Undefined Weak Reference
    _terminate_user_alloc                     - Undefined Weak Reference
    _terminateio                              - Undefined Weak Reference
    __Vectors_Size                           0x000000ec   Number         0  startup_stm32f103xb.o ABSOLUTE
    __Vectors                                0x08000000   Data           4  startup_stm32f103xb.o(RESET)
    __Vectors_End                            0x080000ec   Data           0  startup_stm32f103xb.o(RESET)
    __main                                   0x080000ed   Thumb Code     8  __main.o(!!!main)
    __scatterload                            0x080000f5   Thumb Code     0  __scatter.o(!!!scatter)
    __scatterload_rt2                        0x080000f5   Thumb Code    44  __scatter.o(!!!scatter)
    __scatterload_rt2_thumb_only             0x080000f5   Thumb Code     0  __scatter.o(!!!scatter)
    __scatterload_null                       0x08000103   Thumb Code     0  __scatter.o(!!!scatter)
    __scatterload_copy                       0x08000129   Thumb Code    26  __scatter_copy.o(!!handler_copy)
    __scatterload_zeroinit                   0x08000145   Thumb Code    28  __scatter_zi.o(!!handler_zi)
    _printf_f                                0x08000161   Thumb Code     0  _printf_f.o(.ARM.Collect$$_printf_percent$$00000003)
    _printf_percent                          0x08000161   Thumb Code     0  _printf_percent.o(.ARM.Collect$$_printf_percent$$00000000)
    _printf_percent_end                      0x08000167   Thumb Code     0  _printf_percent_end.o(.ARM.Collect$$_printf_percent$$00000017)
    __rt_lib_init                            0x0800016b   Thumb Code     0  libinit.o(.ARM.Collect$$libinit$$00000000)
    __rt_lib_init_fp_1                       0x0800016d   Thumb Code     0  libinit2.o(.ARM.Collect$$libinit$$00000002)
    __rt_lib_init_heap_1                     0x0800016d   Thumb Code     0  libinit2.o(.ARM.Collect$$libinit$$0000000A)
    __rt_lib_init_lc_common                  0x0800016d   Thumb Code     0  libinit2.o(.ARM.Collect$$libinit$$0000000F)
    __rt_lib_init_preinit_1                  0x0800016d   Thumb Code     0  libinit2.o(.ARM.Collect$$libinit$$00000004)
    __rt_lib_init_rand_1                     0x0800016d   Thumb Code     0  libinit2.o(.ARM.Collect$$libinit$$0000000E)
    __rt_lib_init_user_alloc_1               0x0800016d   Thumb Code     0  libinit2.o(.ARM.Collect$$libinit$$0000000C)
    __rt_lib_init_lc_collate_1               0x08000173   Thumb Code     0  libinit2.o(.ARM.Collect$$libinit$$00000011)
    __rt_lib_init_lc_ctype_1                 0x08000173   Thumb Code     0  libinit2.o(.ARM.Collect$$libinit$$00000013)
    __rt_lib_init_lc_monetary_1              0x08000173   Thumb Code     0  libinit2.o(.ARM.Collect$$libinit$$00000015)
    __rt_lib_init_lc_numeric_2               0x08000173   Thumb Code     0  libinit2.o(.ARM.Collect$$libinit$$00000016)
    __rt_lib_init_alloca_1                   0x0800017d   Thumb Code     0  libinit2.o(.ARM.Collect$$libinit$$0000002E)
    __rt_lib_init_argv_1                     0x0800017d   Thumb Code     0  libinit2.o(.ARM.Collect$$libinit$$0000002C)
    __rt_lib_init_atexit_1                   0x0800017d   Thumb Code     0  libinit2.o(.ARM.Collect$$libinit$$0000001B)
    __rt_lib_init_clock_1                    0x0800017d   Thumb Code     0  libinit2.o(.ARM.Collect$$libinit$$00000021)
    __rt_lib_init_cpp_1                      0x0800017d   Thumb Code     0  libinit2.o(.ARM.Collect$$libinit$$00000032)
    __rt_lib_init_exceptions_1               0x0800017d   Thumb Code     0  libinit2.o(.ARM.Collect$$libinit$$00000030)
    __rt_lib_init_fp_trap_1                  0x0800017d   Thumb Code     0  libinit2.o(.ARM.Collect$$libinit$$0000001F)
    __rt_lib_init_getenv_1                   0x0800017d   Thumb Code     0  libinit2.o(.ARM.Collect$$libinit$$00000023)
    __rt_lib_init_lc_numeric_1               0x0800017d   Thumb Code     0  libinit2.o(.ARM.Collect$$libinit$$00000017)
    __rt_lib_init_lc_time_1                  0x0800017d   Thumb Code     0  libinit2.o(.ARM.Collect$$libinit$$00000019)
    __rt_lib_init_return                     0x0800017d   Thumb Code     0  libinit2.o(.ARM.Collect$$libinit$$00000033)
    __rt_lib_init_signal_1                   0x0800017d   Thumb Code     0  libinit2.o(.ARM.Collect$$libinit$$0000001D)
    __rt_lib_init_stdio_1                    0x0800017d   Thumb Code     0  libinit2.o(.ARM.Collect$$libinit$$00000025)
    __rt_lib_shutdown                        0x0800017f   Thumb Code     0  libshutdown.o(.ARM.Collect$$libshutdown$$00000000)
    __rt_lib_shutdown_cpp_1                  0x08000181   Thumb Code     0  libshutdown2.o(.ARM.Collect$$libshutdown$$00000004)
    __rt_lib_shutdown_fini_1                 0x08000181   Thumb Code     0  libshutdown2.o(.ARM.Collect$$libshutdown$$00000002)
    __rt_lib_shutdown_fp_trap_1              0x08000181   Thumb Code     0  libshutdown2.o(.ARM.Collect$$libshutdown$$00000009)
    __rt_lib_shutdown_heap_1                 0x08000181   Thumb Code     0  libshutdown2.o(.ARM.Collect$$libshutdown$$00000011)
    __rt_lib_shutdown_return                 0x08000181   Thumb Code     0  libshutdown2.o(.ARM.Collect$$libshutdown$$00000012)
    __rt_lib_shutdown_signal_1               0x08000181   Thumb Code     0  libshutdown2.o(.ARM.Collect$$libshutdown$$0000000C)
    __rt_lib_shutdown_stdio_1                0x08000181   Thumb Code     0  libshutdown2.o(.ARM.Collect$$libshutdown$$00000006)
    __rt_lib_shutdown_user_alloc_1           0x08000181   Thumb Code     0  libshutdown2.o(.ARM.Collect$$libshutdown$$0000000E)
    __rt_entry                               0x08000183   Thumb Code     0  __rtentry.o(.ARM.Collect$$rtentry$$00000000)
    __rt_entry_presh_1                       0x08000183   Thumb Code     0  __rtentry2.o(.ARM.Collect$$rtentry$$00000002)
    __rt_entry_sh                            0x08000183   Thumb Code     0  __rtentry4.o(.ARM.Collect$$rtentry$$00000004)
    __rt_entry_li                            0x08000189   Thumb Code     0  __rtentry2.o(.ARM.Collect$$rtentry$$0000000A)
    __rt_entry_postsh_1                      0x08000189   Thumb Code     0  __rtentry2.o(.ARM.Collect$$rtentry$$00000009)
    __rt_entry_main                          0x0800018d   Thumb Code     0  __rtentry2.o(.ARM.Collect$$rtentry$$0000000D)
    __rt_entry_postli_1                      0x0800018d   Thumb Code     0  __rtentry2.o(.ARM.Collect$$rtentry$$0000000C)
    __rt_exit                                0x08000195   Thumb Code     0  rtexit.o(.ARM.Collect$$rtexit$$00000000)
    __rt_exit_ls                             0x08000197   Thumb Code     0  rtexit2.o(.ARM.Collect$$rtexit$$00000003)
    __rt_exit_prels_1                        0x08000197   Thumb Code     0  rtexit2.o(.ARM.Collect$$rtexit$$00000002)
    __rt_exit_exit                           0x0800019b   Thumb Code     0  rtexit2.o(.ARM.Collect$$rtexit$$00000004)
    Reset_Handler                            0x080001a1   Thumb Code     8  startup_stm32f103xb.o(.text)
    ADC1_2_IRQHandler                        0x080001bb   Thumb Code     0  startup_stm32f103xb.o(.text)
    CAN1_RX1_IRQHandler                      0x080001bb   Thumb Code     0  startup_stm32f103xb.o(.text)
    CAN1_SCE_IRQHandler                      0x080001bb   Thumb Code     0  startup_stm32f103xb.o(.text)
    DMA1_Channel1_IRQHandler                 0x080001bb   Thumb Code     0  startup_stm32f103xb.o(.text)
    DMA1_Channel4_IRQHandler                 0x080001bb   Thumb Code     0  startup_stm32f103xb.o(.text)
    DMA1_Channel5_IRQHandler                 0x080001bb   Thumb Code     0  startup_stm32f103xb.o(.text)
    DMA1_Channel6_IRQHandler                 0x080001bb   Thumb Code     0  startup_stm32f103xb.o(.text)
    DMA1_Channel7_IRQHandler                 0x080001bb   Thumb Code     0  startup_stm32f103xb.o(.text)
    EXTI0_IRQHandler                         0x080001bb   Thumb Code     0  startup_stm32f103xb.o(.text)
    EXTI15_10_IRQHandler                     0x080001bb   Thumb Code     0  startup_stm32f103xb.o(.text)
    EXTI1_IRQHandler                         0x080001bb   Thumb Code     0  startup_stm32f103xb.o(.text)
    EXTI2_IRQHandler                         0x080001bb   Thumb Code     0  startup_stm32f103xb.o(.text)
    EXTI3_IRQHandler                         0x080001bb   Thumb Code     0  startup_stm32f103xb.o(.text)
    EXTI4_IRQHandler                         0x080001bb   Thumb Code     0  startup_stm32f103xb.o(.text)
    EXTI9_5_IRQHandler                       0x080001bb   Thumb Code     0  startup_stm32f103xb.o(.text)
    FLASH_IRQHandler                         0x080001bb   Thumb Code     0  startup_stm32f103xb.o(.text)
    I2C1_ER_IRQHandler                       0x080001bb   Thumb Code     0  startup_stm32f103xb.o(.text)
    I2C1_EV_IRQHandler                       0x080001bb   Thumb Code     0  startup_stm32f103xb.o(.text)
    I2C2_ER_IRQHandler                       0x080001bb   Thumb Code     0  startup_stm32f103xb.o(.text)
    I2C2_EV_IRQHandler                       0x080001bb   Thumb Code     0  startup_stm32f103xb.o(.text)
    PVD_IRQHandler                           0x080001bb   Thumb Code     0  startup_stm32f103xb.o(.text)
    RCC_IRQHandler                           0x080001bb   Thumb Code     0  startup_stm32f103xb.o(.text)
    RTC_Alarm_IRQHandler                     0x080001bb   Thumb Code     0  startup_stm32f103xb.o(.text)
    RTC_IRQHandler                           0x080001bb   Thumb Code     0  startup_stm32f103xb.o(.text)
    SPI1_IRQHandler                          0x080001bb   Thumb Code     0  startup_stm32f103xb.o(.text)
    SPI2_IRQHandler                          0x080001bb   Thumb Code     0  startup_stm32f103xb.o(.text)
    TAMPER_IRQHandler                        0x080001bb   Thumb Code     0  startup_stm32f103xb.o(.text)
    TIM1_BRK_IRQHandler                      0x080001bb   Thumb Code     0  startup_stm32f103xb.o(.text)
    TIM1_CC_IRQHandler                       0x080001bb   Thumb Code     0  startup_stm32f103xb.o(.text)
    TIM1_TRG_COM_IRQHandler                  0x080001bb   Thumb Code     0  startup_stm32f103xb.o(.text)
    TIM1_UP_IRQHandler                       0x080001bb   Thumb Code     0  startup_stm32f103xb.o(.text)
    TIM2_IRQHandler                          0x080001bb   Thumb Code     0  startup_stm32f103xb.o(.text)
    TIM3_IRQHandler                          0x080001bb   Thumb Code     0  startup_stm32f103xb.o(.text)
    TIM4_IRQHandler                          0x080001bb   Thumb Code     0  startup_stm32f103xb.o(.text)
    USART1_IRQHandler                        0x080001bb   Thumb Code     0  startup_stm32f103xb.o(.text)
    USART2_IRQHandler                        0x080001bb   Thumb Code     0  startup_stm32f103xb.o(.text)
    USBWakeUp_IRQHandler                     0x080001bb   Thumb Code     0  startup_stm32f103xb.o(.text)
    USB_HP_CAN1_TX_IRQHandler                0x080001bb   Thumb Code     0  startup_stm32f103xb.o(.text)
    USB_LP_CAN1_RX0_IRQHandler               0x080001bb   Thumb Code     0  startup_stm32f103xb.o(.text)
    WWDG_IRQHandler                          0x080001bb   Thumb Code     0  startup_stm32f103xb.o(.text)
    __user_initial_stackheap                 0x080001bd   Thumb Code     0  startup_stm32f103xb.o(.text)
    __2sprintf                               0x080001e1   Thumb Code    34  noretval__2sprintf.o(.text)
    __printf                                 0x08000209   Thumb Code   270  __printf_wp.o(.text)
    strlen                                   0x08000317   Thumb Code    62  strlen.o(.text)
    __aeabi_memclr4                          0x08000355   Thumb Code     0  rt_memclr_w.o(.text)
    __aeabi_memclr8                          0x08000355   Thumb Code     0  rt_memclr_w.o(.text)
    __rt_memclr_w                            0x08000355   Thumb Code    78  rt_memclr_w.o(.text)
    _memset_w                                0x08000359   Thumb Code     0  rt_memclr_w.o(.text)
    __use_two_region_memory                  0x080003a3   Thumb Code     2  heapauxi.o(.text)
    __rt_heap_escrow$2region                 0x080003a5   Thumb Code     2  heapauxi.o(.text)
    __rt_heap_expand$2region                 0x080003a7   Thumb Code     2  heapauxi.o(.text)
    __read_errno                             0x080003a9   Thumb Code    10  _rserrno.o(.text)
    __set_errno                              0x080003b3   Thumb Code    12  _rserrno.o(.text)
    __lib_sel_fp_printf                      0x080003bf   Thumb Code     2  _printf_fp_dec.o(.text)
    _printf_fp_dec_real                      0x08000571   Thumb Code   620  _printf_fp_dec.o(.text)
    _printf_char_common                      0x080007e7   Thumb Code    32  _printf_char_common.o(.text)
    _sputc                                   0x0800080d   Thumb Code    10  _sputc.o(.text)
    __rt_locale                              0x08000819   Thumb Code     8  rt_locale_intlibspace.o(.text)
    __aeabi_errno_addr                       0x08000821   Thumb Code     8  rt_errno_addr_intlibspace.o(.text)
    __errno$intlibspace                      0x08000821   Thumb Code     0  rt_errno_addr_intlibspace.o(.text)
    __rt_errno_addr$intlibspace              0x08000821   Thumb Code     0  rt_errno_addr_intlibspace.o(.text)
    _ll_udiv10                               0x08000829   Thumb Code   138  lludiv10.o(.text)
    _printf_fp_infnan                        0x080008b5   Thumb Code   112  _printf_fp_infnan.o(.text)
    _btod_etento                             0x08000935   Thumb Code   224  bigflt0.o(.text)
    __user_libspace                          0x08000a19   Thumb Code     8  libspace.o(.text)
    __user_perproc_libspace                  0x08000a19   Thumb Code     0  libspace.o(.text)
    __user_perthread_libspace                0x08000a19   Thumb Code     0  libspace.o(.text)
    __user_setup_stackheap                   0x08000a21   Thumb Code    74  sys_stackheap_outer.o(.text)
    exit                                     0x08000a6b   Thumb Code    18  exit.o(.text)
    strcmp                                   0x08000a7d   Thumb Code   128  strcmpv7m.o(.text)
    _sys_exit                                0x08000afd   Thumb Code     8  sys_exit.o(.text)
    __I$use$semihosting                      0x08000b09   Thumb Code     0  use_no_semi.o(.text)
    __use_no_semihosting_swi                 0x08000b09   Thumb Code     2  use_no_semi.o(.text)
    __semihosting_library_function           0x08000b0b   Thumb Code     0  indicate_semi.o(.text)
    _btod_d2e                                0x08000b0b   Thumb Code    62  btod.o(CL$$btod_d2e)
    _d2e_denorm_low                          0x08000b49   Thumb Code    70  btod.o(CL$$btod_d2e_denorm_low)
    _d2e_norm_op1                            0x08000b8f   Thumb Code    96  btod.o(CL$$btod_d2e_norm_op1)
    __btod_div_common                        0x08000bef   Thumb Code   696  btod.o(CL$$btod_div_common)
    _e2e                                     0x08000f27   Thumb Code   220  btod.o(CL$$btod_e2e)
    _btod_ediv                               0x08001003   Thumb Code    42  btod.o(CL$$btod_ediv)
    _btod_emul                               0x0800102d   Thumb Code    42  btod.o(CL$$btod_emul)
    __btod_mult_common                       0x08001057   Thumb Code   580  btod.o(CL$$btod_mult_common)
    BusFault_Handler                         0x0800129b   Thumb Code     2  stm32f1xx_it.o(i.BusFault_Handler)
    DMA1_Channel2_IRQHandler                 0x0800129d   Thumb Code     6  stm32f1xx_it.o(i.DMA1_Channel2_IRQHandler)
    DMA1_Channel3_IRQHandler                 0x080012a9   Thumb Code     6  stm32f1xx_it.o(i.DMA1_Channel3_IRQHandler)
    DebugMon_Handler                         0x080012df   Thumb Code     2  stm32f1xx_it.o(i.DebugMon_Handler)
    Error_Handler                            0x080012e1   Thumb Code     4  main.o(i.Error_Handler)
    HAL_DMA_Abort                            0x080012e5   Thumb Code    70  stm32f1xx_hal_dma.o(i.HAL_DMA_Abort)
    HAL_DMA_Abort_IT                         0x0800132d   Thumb Code   148  stm32f1xx_hal_dma.o(i.HAL_DMA_Abort_IT)
    HAL_DMA_IRQHandler                       0x080013c5   Thumb Code   316  stm32f1xx_hal_dma.o(i.HAL_DMA_IRQHandler)
    HAL_DMA_Init                             0x08001519   Thumb Code    84  stm32f1xx_hal_dma.o(i.HAL_DMA_Init)
    HAL_DMA_Start_IT                         0x08001575   Thumb Code   112  stm32f1xx_hal_dma.o(i.HAL_DMA_Start_IT)
    HAL_GPIO_Init                            0x080015e5   Thumb Code   446  stm32f1xx_hal_gpio.o(i.HAL_GPIO_Init)
    HAL_GetTick                              0x080017c5   Thumb Code     6  stm32f1xx_hal.o(i.HAL_GetTick)
    HAL_I2C_Init                             0x080017d1   Thumb Code   376  stm32f1xx_hal_i2c.o(i.HAL_I2C_Init)
    HAL_I2C_Mem_Read                         0x08001959   Thumb Code   586  stm32f1xx_hal_i2c.o(i.HAL_I2C_Mem_Read)
    HAL_I2C_Mem_Write                        0x08001bb5   Thumb Code   294  stm32f1xx_hal_i2c.o(i.HAL_I2C_Mem_Write)
    HAL_I2C_MspInit                          0x08001ce5   Thumb Code    80  i2c.o(i.HAL_I2C_MspInit)
    HAL_IncTick                              0x08001d41   Thumb Code    12  stm32f1xx_hal.o(i.HAL_IncTick)
    HAL_Init                                 0x08001d51   Thumb Code    32  stm32f1xx_hal.o(i.HAL_Init)
    HAL_InitTick                             0x08001d75   Thumb Code    54  stm32f1xx_hal.o(i.HAL_InitTick)
    HAL_MspInit                              0x08001db5   Thumb Code    52  stm32f1xx_hal_msp.o(i.HAL_MspInit)
    HAL_NVIC_EnableIRQ                       0x08001df1   Thumb Code    26  stm32f1xx_hal_cortex.o(i.HAL_NVIC_EnableIRQ)
    HAL_NVIC_SetPriority                     0x08001e0d   Thumb Code    60  stm32f1xx_hal_cortex.o(i.HAL_NVIC_SetPriority)
    HAL_NVIC_SetPriorityGrouping             0x08001e4d   Thumb Code    26  stm32f1xx_hal_cortex.o(i.HAL_NVIC_SetPriorityGrouping)
    HAL_RCC_ClockConfig                      0x08001e71   Thumb Code   280  stm32f1xx_hal_rcc.o(i.HAL_RCC_ClockConfig)
    HAL_RCC_GetPCLK1Freq                     0x08001f9d   Thumb Code    20  stm32f1xx_hal_rcc.o(i.HAL_RCC_GetPCLK1Freq)
    HAL_RCC_GetPCLK2Freq                     0x08001fbd   Thumb Code    20  stm32f1xx_hal_rcc.o(i.HAL_RCC_GetPCLK2Freq)
    HAL_RCC_GetSysClockFreq                  0x08001fdd   Thumb Code    58  stm32f1xx_hal_rcc.o(i.HAL_RCC_GetSysClockFreq)
    HAL_RCC_OscConfig                        0x08002029   Thumb Code   778  stm32f1xx_hal_rcc.o(i.HAL_RCC_OscConfig)
    HAL_SYSTICK_Config                       0x08002349   Thumb Code    40  stm32f1xx_hal_cortex.o(i.HAL_SYSTICK_Config)
    HAL_UARTEx_RxEventCallback               0x08002371   Thumb Code     2  stm32f1xx_hal_uart.o(i.HAL_UARTEx_RxEventCallback)
    HAL_UART_DMAStop                         0x08002373   Thumb Code   112  stm32f1xx_hal_uart.o(i.HAL_UART_DMAStop)
    HAL_UART_ErrorCallback                   0x080023e3   Thumb Code     2  stm32f1xx_hal_uart.o(i.HAL_UART_ErrorCallback)
    HAL_UART_IRQHandler                      0x080023e5   Thumb Code   616  stm32f1xx_hal_uart.o(i.HAL_UART_IRQHandler)
    HAL_UART_Init                            0x08002651   Thumb Code   100  stm32f1xx_hal_uart.o(i.HAL_UART_Init)
    HAL_UART_MspInit                         0x080026b5   Thumb Code   198  usart.o(i.HAL_UART_MspInit)
    HAL_UART_Receive_DMA                     0x08002791   Thumb Code    28  stm32f1xx_hal_uart.o(i.HAL_UART_Receive_DMA)
    HAL_UART_RxCpltCallback                  0x080027ad   Thumb Code    22  main.o(i.HAL_UART_RxCpltCallback)
    HAL_UART_RxHalfCpltCallback              0x080027d1   Thumb Code     2  stm32f1xx_hal_uart.o(i.HAL_UART_RxHalfCpltCallback)
    HAL_UART_Transmit_DMA                    0x080027d5   Thumb Code   106  stm32f1xx_hal_uart.o(i.HAL_UART_Transmit_DMA)
    HAL_UART_TxCpltCallback                  0x0800284d   Thumb Code     2  stm32f1xx_hal_uart.o(i.HAL_UART_TxCpltCallback)
    HAL_UART_TxHalfCpltCallback              0x0800284f   Thumb Code     2  stm32f1xx_hal_uart.o(i.HAL_UART_TxHalfCpltCallback)
    HardFault_Handler                        0x08002851   Thumb Code     2  stm32f1xx_it.o(i.HardFault_Handler)
    Kalman_Init                              0x08002c91   Thumb Code   120  mpu6050.o(i.Kalman_Init)
    Kalman_getAngle                          0x08002d1d   Thumb Code   396  mpu6050.o(i.Kalman_getAngle)
    MPU6050_Init                             0x08002ea9   Thumb Code   156  mpu6050.o(i.MPU6050_Init)
    MPU_Get_Accelerometer                    0x08002f49   Thumb Code    84  mpu6050.o(i.MPU_Get_Accelerometer)
    MPU_Get_Filtered_Angles                  0x08002f9d   Thumb Code   304  mpu6050.o(i.MPU_Get_Filtered_Angles)
    MPU_Get_Gyroscope                        0x080030e9   Thumb Code    82  mpu6050.o(i.MPU_Get_Gyroscope)
    MPU_Get_RAW_Accelerometer                0x08003141   Thumb Code    72  mpu6050.o(i.MPU_Get_RAW_Accelerometer)
    MPU_Get_RAW_Gyroscope                    0x0800318d   Thumb Code    72  mpu6050.o(i.MPU_Get_RAW_Gyroscope)
    MX_DMA_Init                              0x080031d9   Thumb Code    56  dma.o(i.MX_DMA_Init)
    MX_GPIO_Init                             0x08003215   Thumb Code    54  gpio.o(i.MX_GPIO_Init)
    MX_I2C1_Init                             0x08003251   Thumb Code    50  i2c.o(i.MX_I2C1_Init)
    MX_USART3_UART_Init                      0x08003291   Thumb Code    48  usart.o(i.MX_USART3_UART_Init)
    MemManage_Handler                        0x080032c9   Thumb Code     2  stm32f1xx_it.o(i.MemManage_Handler)
    NMI_Handler                              0x080032cb   Thumb Code     2  stm32f1xx_it.o(i.NMI_Handler)
    PendSV_Handler                           0x080032cd   Thumb Code     2  stm32f1xx_it.o(i.PendSV_Handler)
    SVC_Handler                              0x080032cf   Thumb Code     2  stm32f1xx_it.o(i.SVC_Handler)
    SysTick_Handler                          0x080032d1   Thumb Code     4  stm32f1xx_it.o(i.SysTick_Handler)
    SystemClock_Config                       0x080032d5   Thumb Code    94  main.o(i.SystemClock_Config)
    SystemInit                               0x08003333   Thumb Code     2  system_stm32f1xx.o(i.SystemInit)
    UART_Start_Receive_DMA                   0x08003665   Thumb Code   130  stm32f1xx_hal_uart.o(i.UART_Start_Receive_DMA)
    USART3_IRQHandler                        0x080036f5   Thumb Code     6  stm32f1xx_it.o(i.USART3_IRQHandler)
    UsageFault_Handler                       0x08003701   Thumb Code     2  stm32f1xx_it.o(i.UsageFault_Handler)
    __ARM_fpclassify                         0x08003703   Thumb Code    40  fpclassify.o(i.__ARM_fpclassify)
    __ARM_fpclassifyf                        0x0800372b   Thumb Code    38  fpclassifyf.o(i.__ARM_fpclassifyf)
    __mathlib_flt_infnan2                    0x08003771   Thumb Code     4  funder.o(i.__mathlib_flt_infnan2)
    __mathlib_flt_underflow                  0x08003775   Thumb Code    10  funder.o(i.__mathlib_flt_underflow)
    _is_digit                                0x0800377f   Thumb Code    14  __printf_wp.o(i._is_digit)
    atan2f                                   0x0800378d   Thumb Code   598  atan2f.o(i.atan2f)
    main                                     0x08003a31   Thumb Code   212  main.o(i.main)
    sqrtf                                    0x08003b79   Thumb Code    44  sqrtf.o(i.sqrtf)
    _get_lc_numeric                          0x08003ba5   Thumb Code    44  lc_numeric_c.o(locale$$code)
    __aeabi_d2f                              0x08003bd1   Thumb Code     0  d2f.o(x$fpl$d2f)
    _d2f                                     0x08003bd1   Thumb Code    98  d2f.o(x$fpl$d2f)
    __aeabi_dadd                             0x08003c35   Thumb Code     0  daddsub_clz.o(x$fpl$dadd)
    _dadd                                    0x08003c35   Thumb Code   332  daddsub_clz.o(x$fpl$dadd)
    __aeabi_ddiv                             0x08003d85   Thumb Code     0  ddiv.o(x$fpl$ddiv)
    _ddiv                                    0x08003d85   Thumb Code   552  ddiv.o(x$fpl$ddiv)
    __aeabi_dmul                             0x08004035   Thumb Code     0  dmul.o(x$fpl$dmul)
    _dmul                                    0x08004035   Thumb Code   332  dmul.o(x$fpl$dmul)
    __fpl_dnaninf                            0x08004189   Thumb Code   156  dnaninf.o(x$fpl$dnaninf)
    __fpl_dretinf                            0x08004225   Thumb Code    12  dretinf.o(x$fpl$dretinf)
    __aeabi_drsub                            0x08004231   Thumb Code     0  daddsub_clz.o(x$fpl$drsb)
    _drsb                                    0x08004231   Thumb Code    22  daddsub_clz.o(x$fpl$drsb)
    __aeabi_dsub                             0x08004249   Thumb Code     0  daddsub_clz.o(x$fpl$dsub)
    _dsub                                    0x08004249   Thumb Code   464  daddsub_clz.o(x$fpl$dsub)
    __aeabi_f2d                              0x0800441d   Thumb Code     0  f2d.o(x$fpl$f2d)
    _f2d                                     0x0800441d   Thumb Code    86  f2d.o(x$fpl$f2d)
    __aeabi_fadd                             0x08004475   Thumb Code     0  faddsub_clz.o(x$fpl$fadd)
    _fadd                                    0x08004475   Thumb Code   196  faddsub_clz.o(x$fpl$fadd)
    __fpl_fcheck_NaN1                        0x08004539   Thumb Code     6  fcheck1.o(x$fpl$fcheck1)
    __aeabi_fdiv                             0x08004545   Thumb Code     0  fdiv.o(x$fpl$fdiv)
    _fdiv                                    0x08004545   Thumb Code   384  fdiv.o(x$fpl$fdiv)
    __aeabi_i2f                              0x080046c9   Thumb Code     0  fflt_clz.o(x$fpl$fflt)
    _fflt                                    0x080046c9   Thumb Code    48  fflt_clz.o(x$fpl$fflt)
    __aeabi_ui2f                             0x080046f9   Thumb Code     0  fflt_clz.o(x$fpl$ffltu)
    _ffltu                                   0x080046f9   Thumb Code    38  fflt_clz.o(x$fpl$ffltu)
    __aeabi_fmul                             0x08004721   Thumb Code     0  fmul.o(x$fpl$fmul)
    _fmul                                    0x08004721   Thumb Code   258  fmul.o(x$fpl$fmul)
    __fpl_fnaninf                            0x08004823   Thumb Code   140  fnaninf.o(x$fpl$fnaninf)
    __fpl_fretinf                            0x080048af   Thumb Code    10  fretinf.o(x$fpl$fretinf)
    __aeabi_frsub                            0x080048b9   Thumb Code     0  faddsub_clz.o(x$fpl$frsb)
    _frsb                                    0x080048b9   Thumb Code    20  faddsub_clz.o(x$fpl$frsb)
    _fsqrt                                   0x080048cd   Thumb Code   272  fsqrt.o(x$fpl$fsqrt)
    __aeabi_fsub                             0x080049dd   Thumb Code     0  faddsub_clz.o(x$fpl$fsub)
    _fsub                                    0x080049dd   Thumb Code   234  faddsub_clz.o(x$fpl$fsub)
    _printf_fp_dec                           0x08004ac7   Thumb Code     4  printf1.o(x$fpl$printf1)
    __fpl_return_NaN                         0x08004acb   Thumb Code   100  retnan.o(x$fpl$retnan)
    __ARM_scalbnf                            0x08004b2f   Thumb Code    76  scalbnf.o(x$fpl$scalbnf)
    __fpl_cmpreturn                          0x08004b7b   Thumb Code    48  trapv.o(x$fpl$trapveneer)
    __I$use$fp                               0x08004baa   Number         0  usenofp.o(x$fpl$usenofp)
    AHBPrescTable                            0x08004bbc   Data          16  system_stm32f1xx.o(.constdata)
    APBPrescTable                            0x08004bcc   Data           8  system_stm32f1xx.o(.constdata)
    Region$$Table$$Base                      0x08004c68   Number         0  anon$$obj.o(Region$$Table)
    Region$$Table$$Limit                     0x08004c88   Number         0  anon$$obj.o(Region$$Table)
    rx_data_ready                            0x20000000   Data           1  main.o(.data)
    uwTickFreq                               0x2000000c   Data           1  stm32f1xx_hal.o(.data)
    uwTickPrio                               0x20000010   Data           4  stm32f1xx_hal.o(.data)
    uwTick                                   0x20000014   Data           4  stm32f1xx_hal.o(.data)
    SystemCoreClock                          0x20000018   Data           4  system_stm32f1xx.o(.data)
    rx_buffer                                0x2000001c   Data          10  main.o(.bss)
    hi2c1                                    0x20000028   Data          84  i2c.o(.bss)
    huart3                                   0x2000007c   Data          72  usart.o(.bss)
    hdma_usart3_rx                           0x200000c4   Data          68  usart.o(.bss)
    hdma_usart3_tx                           0x20000108   Data          68  usart.o(.bss)
    __libspace_start                         0x200001e0   Data          96  libspace.o(.bss)
    __temporary_stack_top$libspace           0x20000240   Data           0  libspace.o(.bss)



==============================================================================

Memory Map of the image

  Image Entry point : 0x080000ed

  Load Region LR_IROM1 (Base: 0x08000000, Size: 0x00004cc0, Max: 0x00010000, ABSOLUTE)

    Execution Region ER_IROM1 (Exec base: 0x08000000, Load base: 0x08000000, Size: 0x00004ca4, Max: 0x00010000, ABSOLUTE)

    Exec Addr    Load Addr    Size         Type   Attr      Idx    E Section Name        Object

    0x08000000   0x08000000   0x000000ec   Data   RO            3    RESET               startup_stm32f103xb.o
    0x080000ec   0x080000ec   0x00000008   Code   RO         2387  * !!!main             c_w.l(__main.o)
    0x080000f4   0x080000f4   0x00000034   Code   RO         2698    !!!scatter          c_w.l(__scatter.o)
    0x08000128   0x08000128   0x0000001a   Code   RO         2700    !!handler_copy      c_w.l(__scatter_copy.o)
    0x08000142   0x08000142   0x00000002   PAD
    0x08000144   0x08000144   0x0000001c   Code   RO         2702    !!handler_zi        c_w.l(__scatter_zi.o)
    0x08000160   0x08000160   0x00000000   Code   RO         2380    .ARM.Collect$$_printf_percent$$00000000  c_w.l(_printf_percent.o)
    0x08000160   0x08000160   0x00000006   Code   RO         2379    .ARM.Collect$$_printf_percent$$00000003  c_w.l(_printf_f.o)
    0x08000166   0x08000166   0x00000004   Code   RO         2458    .ARM.Collect$$_printf_percent$$00000017  c_w.l(_printf_percent_end.o)
    0x0800016a   0x0800016a   0x00000002   Code   RO         2567    .ARM.Collect$$libinit$$00000000  c_w.l(libinit.o)
    0x0800016c   0x0800016c   0x00000000   Code   RO         2569    .ARM.Collect$$libinit$$00000002  c_w.l(libinit2.o)
    0x0800016c   0x0800016c   0x00000000   Code   RO         2571    .ARM.Collect$$libinit$$00000004  c_w.l(libinit2.o)
    0x0800016c   0x0800016c   0x00000000   Code   RO         2574    .ARM.Collect$$libinit$$0000000A  c_w.l(libinit2.o)
    0x0800016c   0x0800016c   0x00000000   Code   RO         2576    .ARM.Collect$$libinit$$0000000C  c_w.l(libinit2.o)
    0x0800016c   0x0800016c   0x00000000   Code   RO         2578    .ARM.Collect$$libinit$$0000000E  c_w.l(libinit2.o)
    0x0800016c   0x0800016c   0x00000006   Code   RO         2579    .ARM.Collect$$libinit$$0000000F  c_w.l(libinit2.o)
    0x08000172   0x08000172   0x00000000   Code   RO         2581    .ARM.Collect$$libinit$$00000011  c_w.l(libinit2.o)
    0x08000172   0x08000172   0x00000000   Code   RO         2583    .ARM.Collect$$libinit$$00000013  c_w.l(libinit2.o)
    0x08000172   0x08000172   0x00000000   Code   RO         2585    .ARM.Collect$$libinit$$00000015  c_w.l(libinit2.o)
    0x08000172   0x08000172   0x0000000a   Code   RO         2586    .ARM.Collect$$libinit$$00000016  c_w.l(libinit2.o)
    0x0800017c   0x0800017c   0x00000000   Code   RO         2587    .ARM.Collect$$libinit$$00000017  c_w.l(libinit2.o)
    0x0800017c   0x0800017c   0x00000000   Code   RO         2589    .ARM.Collect$$libinit$$00000019  c_w.l(libinit2.o)
    0x0800017c   0x0800017c   0x00000000   Code   RO         2591    .ARM.Collect$$libinit$$0000001B  c_w.l(libinit2.o)
    0x0800017c   0x0800017c   0x00000000   Code   RO         2593    .ARM.Collect$$libinit$$0000001D  c_w.l(libinit2.o)
    0x0800017c   0x0800017c   0x00000000   Code   RO         2595    .ARM.Collect$$libinit$$0000001F  c_w.l(libinit2.o)
    0x0800017c   0x0800017c   0x00000000   Code   RO         2597    .ARM.Collect$$libinit$$00000021  c_w.l(libinit2.o)
    0x0800017c   0x0800017c   0x00000000   Code   RO         2599    .ARM.Collect$$libinit$$00000023  c_w.l(libinit2.o)
    0x0800017c   0x0800017c   0x00000000   Code   RO         2601    .ARM.Collect$$libinit$$00000025  c_w.l(libinit2.o)
    0x0800017c   0x0800017c   0x00000000   Code   RO         2605    .ARM.Collect$$libinit$$0000002C  c_w.l(libinit2.o)
    0x0800017c   0x0800017c   0x00000000   Code   RO         2607    .ARM.Collect$$libinit$$0000002E  c_w.l(libinit2.o)
    0x0800017c   0x0800017c   0x00000000   Code   RO         2609    .ARM.Collect$$libinit$$00000030  c_w.l(libinit2.o)
    0x0800017c   0x0800017c   0x00000000   Code   RO         2611    .ARM.Collect$$libinit$$00000032  c_w.l(libinit2.o)
    0x0800017c   0x0800017c   0x00000002   Code   RO         2612    .ARM.Collect$$libinit$$00000033  c_w.l(libinit2.o)
    0x0800017e   0x0800017e   0x00000002   Code   RO         2644    .ARM.Collect$$libshutdown$$00000000  c_w.l(libshutdown.o)
    0x08000180   0x08000180   0x00000000   Code   RO         2655    .ARM.Collect$$libshutdown$$00000002  c_w.l(libshutdown2.o)
    0x08000180   0x08000180   0x00000000   Code   RO         2657    .ARM.Collect$$libshutdown$$00000004  c_w.l(libshutdown2.o)
    0x08000180   0x08000180   0x00000000   Code   RO         2659    .ARM.Collect$$libshutdown$$00000006  c_w.l(libshutdown2.o)
    0x08000180   0x08000180   0x00000000   Code   RO         2662    .ARM.Collect$$libshutdown$$00000009  c_w.l(libshutdown2.o)
    0x08000180   0x08000180   0x00000000   Code   RO         2665    .ARM.Collect$$libshutdown$$0000000C  c_w.l(libshutdown2.o)
    0x08000180   0x08000180   0x00000000   Code   RO         2667    .ARM.Collect$$libshutdown$$0000000E  c_w.l(libshutdown2.o)
    0x08000180   0x08000180   0x00000000   Code   RO         2670    .ARM.Collect$$libshutdown$$00000011  c_w.l(libshutdown2.o)
    0x08000180   0x08000180   0x00000002   Code   RO         2671    .ARM.Collect$$libshutdown$$00000012  c_w.l(libshutdown2.o)
    0x08000182   0x08000182   0x00000000   Code   RO         2449    .ARM.Collect$$rtentry$$00000000  c_w.l(__rtentry.o)
    0x08000182   0x08000182   0x00000000   Code   RO         2489    .ARM.Collect$$rtentry$$00000002  c_w.l(__rtentry2.o)
    0x08000182   0x08000182   0x00000006   Code   RO         2501    .ARM.Collect$$rtentry$$00000004  c_w.l(__rtentry4.o)
    0x08000188   0x08000188   0x00000000   Code   RO         2491    .ARM.Collect$$rtentry$$00000009  c_w.l(__rtentry2.o)
    0x08000188   0x08000188   0x00000004   Code   RO         2492    .ARM.Collect$$rtentry$$0000000A  c_w.l(__rtentry2.o)
    0x0800018c   0x0800018c   0x00000000   Code   RO         2494    .ARM.Collect$$rtentry$$0000000C  c_w.l(__rtentry2.o)
    0x0800018c   0x0800018c   0x00000008   Code   RO         2495    .ARM.Collect$$rtentry$$0000000D  c_w.l(__rtentry2.o)
    0x08000194   0x08000194   0x00000002   Code   RO         2615    .ARM.Collect$$rtexit$$00000000  c_w.l(rtexit.o)
    0x08000196   0x08000196   0x00000000   Code   RO         2622    .ARM.Collect$$rtexit$$00000002  c_w.l(rtexit2.o)
    0x08000196   0x08000196   0x00000004   Code   RO         2623    .ARM.Collect$$rtexit$$00000003  c_w.l(rtexit2.o)
    0x0800019a   0x0800019a   0x00000006   Code   RO         2624    .ARM.Collect$$rtexit$$00000004  c_w.l(rtexit2.o)
    0x080001a0   0x080001a0   0x00000040   Code   RO            4    .text               startup_stm32f103xb.o
    0x080001e0   0x080001e0   0x00000028   Code   RO         2355    .text               c_w.l(noretval__2sprintf.o)
    0x08000208   0x08000208   0x0000010e   Code   RO         2367    .text               c_w.l(__printf_wp.o)
    0x08000316   0x08000316   0x0000003e   Code   RO         2381    .text               c_w.l(strlen.o)
    0x08000354   0x08000354   0x0000004e   Code   RO         2383    .text               c_w.l(rt_memclr_w.o)
    0x080003a2   0x080003a2   0x00000006   Code   RO         2385    .text               c_w.l(heapauxi.o)
    0x080003a8   0x080003a8   0x00000016   Code   RO         2450    .text               c_w.l(_rserrno.o)
    0x080003be   0x080003be   0x0000041e   Code   RO         2452    .text               c_w.l(_printf_fp_dec.o)
    0x080007dc   0x080007dc   0x00000030   Code   RO         2454    .text               c_w.l(_printf_char_common.o)
    0x0800080c   0x0800080c   0x0000000a   Code   RO         2456    .text               c_w.l(_sputc.o)
    0x08000816   0x08000816   0x00000002   PAD
    0x08000818   0x08000818   0x00000008   Code   RO         2506    .text               c_w.l(rt_locale_intlibspace.o)
    0x08000820   0x08000820   0x00000008   Code   RO         2511    .text               c_w.l(rt_errno_addr_intlibspace.o)
    0x08000828   0x08000828   0x0000008a   Code   RO         2513    .text               c_w.l(lludiv10.o)
    0x080008b2   0x080008b2   0x00000002   PAD
    0x080008b4   0x080008b4   0x00000080   Code   RO         2515    .text               c_w.l(_printf_fp_infnan.o)
    0x08000934   0x08000934   0x000000e4   Code   RO         2519    .text               c_w.l(bigflt0.o)
    0x08000a18   0x08000a18   0x00000008   Code   RO         2553    .text               c_w.l(libspace.o)
    0x08000a20   0x08000a20   0x0000004a   Code   RO         2556    .text               c_w.l(sys_stackheap_outer.o)
    0x08000a6a   0x08000a6a   0x00000012   Code   RO         2558    .text               c_w.l(exit.o)
    0x08000a7c   0x08000a7c   0x00000080   Code   RO         2560    .text               c_w.l(strcmpv7m.o)
    0x08000afc   0x08000afc   0x0000000c   Code   RO         2634    .text               c_w.l(sys_exit.o)
    0x08000b08   0x08000b08   0x00000002   Code   RO         2645    .text               c_w.l(use_no_semi.o)
    0x08000b0a   0x08000b0a   0x00000000   Code   RO         2647    .text               c_w.l(indicate_semi.o)
    0x08000b0a   0x08000b0a   0x0000003e   Code   RO         2522    CL$$btod_d2e        c_w.l(btod.o)
    0x08000b48   0x08000b48   0x00000046   Code   RO         2524    CL$$btod_d2e_denorm_low  c_w.l(btod.o)
    0x08000b8e   0x08000b8e   0x00000060   Code   RO         2523    CL$$btod_d2e_norm_op1  c_w.l(btod.o)
    0x08000bee   0x08000bee   0x00000338   Code   RO         2532    CL$$btod_div_common  c_w.l(btod.o)
    0x08000f26   0x08000f26   0x000000dc   Code   RO         2529    CL$$btod_e2e        c_w.l(btod.o)
    0x08001002   0x08001002   0x0000002a   Code   RO         2526    CL$$btod_ediv       c_w.l(btod.o)
    0x0800102c   0x0800102c   0x0000002a   Code   RO         2525    CL$$btod_emul       c_w.l(btod.o)
    0x08001056   0x08001056   0x00000244   Code   RO         2531    CL$$btod_mult_common  c_w.l(btod.o)
    0x0800129a   0x0800129a   0x00000002   Code   RO          304    i.BusFault_Handler  stm32f1xx_it.o
    0x0800129c   0x0800129c   0x0000000c   Code   RO          305    i.DMA1_Channel2_IRQHandler  stm32f1xx_it.o
    0x080012a8   0x080012a8   0x0000000c   Code   RO          306    i.DMA1_Channel3_IRQHandler  stm32f1xx_it.o
    0x080012b4   0x080012b4   0x0000002a   Code   RO         1354    i.DMA_SetConfig     stm32f1xx_hal_dma.o
    0x080012de   0x080012de   0x00000002   Code   RO          307    i.DebugMon_Handler  stm32f1xx_it.o
    0x080012e0   0x080012e0   0x00000004   Code   RO           13    i.Error_Handler     main.o
    0x080012e4   0x080012e4   0x00000046   Code   RO         1355    i.HAL_DMA_Abort     stm32f1xx_hal_dma.o
    0x0800132a   0x0800132a   0x00000002   PAD
    0x0800132c   0x0800132c   0x00000098   Code   RO         1356    i.HAL_DMA_Abort_IT  stm32f1xx_hal_dma.o
    0x080013c4   0x080013c4   0x00000154   Code   RO         1360    i.HAL_DMA_IRQHandler  stm32f1xx_hal_dma.o
    0x08001518   0x08001518   0x0000005c   Code   RO         1361    i.HAL_DMA_Init      stm32f1xx_hal_dma.o
    0x08001574   0x08001574   0x00000070   Code   RO         1365    i.HAL_DMA_Start_IT  stm32f1xx_hal_dma.o
    0x080015e4   0x080015e4   0x000001e0   Code   RO         1291    i.HAL_GPIO_Init     stm32f1xx_hal_gpio.o
    0x080017c4   0x080017c4   0x0000000c   Code   RO          985    i.HAL_GetTick       stm32f1xx_hal.o
    0x080017d0   0x080017d0   0x00000188   Code   RO          548    i.HAL_I2C_Init      stm32f1xx_hal_i2c.o
    0x08001958   0x08001958   0x0000025c   Code   RO          566    i.HAL_I2C_Mem_Read  stm32f1xx_hal_i2c.o
    0x08001bb4   0x08001bb4   0x00000130   Code   RO          569    i.HAL_I2C_Mem_Write  stm32f1xx_hal_i2c.o
    0x08001ce4   0x08001ce4   0x0000005c   Code   RO          221    i.HAL_I2C_MspInit   i2c.o
    0x08001d40   0x08001d40   0x00000010   Code   RO          991    i.HAL_IncTick       stm32f1xx_hal.o
    0x08001d50   0x08001d50   0x00000024   Code   RO          992    i.HAL_Init          stm32f1xx_hal.o
    0x08001d74   0x08001d74   0x00000040   Code   RO          993    i.HAL_InitTick      stm32f1xx_hal.o
    0x08001db4   0x08001db4   0x0000003c   Code   RO          398    i.HAL_MspInit       stm32f1xx_hal_msp.o
    0x08001df0   0x08001df0   0x0000001a   Code   RO         1451    i.HAL_NVIC_EnableIRQ  stm32f1xx_hal_cortex.o
    0x08001e0a   0x08001e0a   0x00000002   PAD
    0x08001e0c   0x08001e0c   0x00000040   Code   RO         1457    i.HAL_NVIC_SetPriority  stm32f1xx_hal_cortex.o
    0x08001e4c   0x08001e4c   0x00000024   Code   RO         1458    i.HAL_NVIC_SetPriorityGrouping  stm32f1xx_hal_cortex.o
    0x08001e70   0x08001e70   0x0000012c   Code   RO         1149    i.HAL_RCC_ClockConfig  stm32f1xx_hal_rcc.o
    0x08001f9c   0x08001f9c   0x00000020   Code   RO         1156    i.HAL_RCC_GetPCLK1Freq  stm32f1xx_hal_rcc.o
    0x08001fbc   0x08001fbc   0x00000020   Code   RO         1157    i.HAL_RCC_GetPCLK2Freq  stm32f1xx_hal_rcc.o
    0x08001fdc   0x08001fdc   0x0000004c   Code   RO         1158    i.HAL_RCC_GetSysClockFreq  stm32f1xx_hal_rcc.o
    0x08002028   0x08002028   0x00000320   Code   RO         1161    i.HAL_RCC_OscConfig  stm32f1xx_hal_rcc.o
    0x08002348   0x08002348   0x00000028   Code   RO         1462    i.HAL_SYSTICK_Config  stm32f1xx_hal_cortex.o
    0x08002370   0x08002370   0x00000002   Code   RO         1963    i.HAL_UARTEx_RxEventCallback  stm32f1xx_hal_uart.o
    0x08002372   0x08002372   0x00000070   Code   RO         1975    i.HAL_UART_DMAStop  stm32f1xx_hal_uart.o
    0x080023e2   0x080023e2   0x00000002   Code   RO         1977    i.HAL_UART_ErrorCallback  stm32f1xx_hal_uart.o
    0x080023e4   0x080023e4   0x0000026c   Code   RO         1980    i.HAL_UART_IRQHandler  stm32f1xx_hal_uart.o
    0x08002650   0x08002650   0x00000064   Code   RO         1981    i.HAL_UART_Init     stm32f1xx_hal_uart.o
    0x080026b4   0x080026b4   0x000000dc   Code   RO          263    i.HAL_UART_MspInit  usart.o
    0x08002790   0x08002790   0x0000001c   Code   RO         1985    i.HAL_UART_Receive_DMA  stm32f1xx_hal_uart.o
    0x080027ac   0x080027ac   0x00000024   Code   RO           14    i.HAL_UART_RxCpltCallback  main.o
    0x080027d0   0x080027d0   0x00000002   Code   RO         1988    i.HAL_UART_RxHalfCpltCallback  stm32f1xx_hal_uart.o
    0x080027d2   0x080027d2   0x00000002   PAD
    0x080027d4   0x080027d4   0x00000078   Code   RO         1990    i.HAL_UART_Transmit_DMA  stm32f1xx_hal_uart.o
    0x0800284c   0x0800284c   0x00000002   Code   RO         1992    i.HAL_UART_TxCpltCallback  stm32f1xx_hal_uart.o
    0x0800284e   0x0800284e   0x00000002   Code   RO         1993    i.HAL_UART_TxHalfCpltCallback  stm32f1xx_hal_uart.o
    0x08002850   0x08002850   0x00000002   Code   RO          308    i.HardFault_Handler  stm32f1xx_it.o
    0x08002852   0x08002852   0x0000002e   Code   RO          591    i.I2C_IsAcknowledgeFailed  stm32f1xx_hal_i2c.o
    0x08002880   0x08002880   0x000000fc   Code   RO          601    i.I2C_RequestMemoryRead  stm32f1xx_hal_i2c.o
    0x0800297c   0x0800297c   0x000000a8   Code   RO          602    i.I2C_RequestMemoryWrite  stm32f1xx_hal_i2c.o
    0x08002a24   0x08002a24   0x00000056   Code   RO          606    i.I2C_WaitOnBTFFlagUntilTimeout  stm32f1xx_hal_i2c.o
    0x08002a7a   0x08002a7a   0x00000002   PAD
    0x08002a7c   0x08002a7c   0x00000090   Code   RO          607    i.I2C_WaitOnFlagUntilTimeout  stm32f1xx_hal_i2c.o
    0x08002b0c   0x08002b0c   0x000000bc   Code   RO          608    i.I2C_WaitOnMasterAddressFlagUntilTimeout  stm32f1xx_hal_i2c.o
    0x08002bc8   0x08002bc8   0x00000070   Code   RO          609    i.I2C_WaitOnRXNEFlagUntilTimeout  stm32f1xx_hal_i2c.o
    0x08002c38   0x08002c38   0x00000056   Code   RO          610    i.I2C_WaitOnTXEFlagUntilTimeout  stm32f1xx_hal_i2c.o
    0x08002c8e   0x08002c8e   0x00000002   PAD
    0x08002c90   0x08002c90   0x0000008c   Code   RO          422    i.Kalman_Init       mpu6050.o
    0x08002d1c   0x08002d1c   0x0000018c   Code   RO          423    i.Kalman_getAngle   mpu6050.o
    0x08002ea8   0x08002ea8   0x000000a0   Code   RO          424    i.MPU6050_Init      mpu6050.o
    0x08002f48   0x08002f48   0x00000054   Code   RO          425    i.MPU_Get_Accelerometer  mpu6050.o
    0x08002f9c   0x08002f9c   0x0000014c   Code   RO          426    i.MPU_Get_Filtered_Angles  mpu6050.o
    0x080030e8   0x080030e8   0x00000058   Code   RO          427    i.MPU_Get_Gyroscope  mpu6050.o
    0x08003140   0x08003140   0x0000004c   Code   RO          428    i.MPU_Get_RAW_Accelerometer  mpu6050.o
    0x0800318c   0x0800318c   0x0000004c   Code   RO          429    i.MPU_Get_RAW_Gyroscope  mpu6050.o
    0x080031d8   0x080031d8   0x0000003c   Code   RO          196    i.MX_DMA_Init       dma.o
    0x08003214   0x08003214   0x0000003c   Code   RO          172    i.MX_GPIO_Init      gpio.o
    0x08003250   0x08003250   0x00000040   Code   RO          222    i.MX_I2C1_Init      i2c.o
    0x08003290   0x08003290   0x00000038   Code   RO          264    i.MX_USART3_UART_Init  usart.o
    0x080032c8   0x080032c8   0x00000002   Code   RO          309    i.MemManage_Handler  stm32f1xx_it.o
    0x080032ca   0x080032ca   0x00000002   Code   RO          310    i.NMI_Handler       stm32f1xx_it.o
    0x080032cc   0x080032cc   0x00000002   Code   RO          311    i.PendSV_Handler    stm32f1xx_it.o
    0x080032ce   0x080032ce   0x00000002   Code   RO          312    i.SVC_Handler       stm32f1xx_it.o
    0x080032d0   0x080032d0   0x00000004   Code   RO          313    i.SysTick_Handler   stm32f1xx_it.o
    0x080032d4   0x080032d4   0x0000005e   Code   RO           15    i.SystemClock_Config  main.o
    0x08003332   0x08003332   0x00000002   Code   RO         2315    i.SystemInit        system_stm32f1xx.o
    0x08003334   0x08003334   0x00000010   Code   RO         1994    i.UART_DMAAbortOnError  stm32f1xx_hal_uart.o
    0x08003344   0x08003344   0x0000004a   Code   RO         1995    i.UART_DMAError     stm32f1xx_hal_uart.o
    0x0800338e   0x0800338e   0x00000086   Code   RO         1996    i.UART_DMAReceiveCplt  stm32f1xx_hal_uart.o
    0x08003414   0x08003414   0x0000001e   Code   RO         1998    i.UART_DMARxHalfCplt  stm32f1xx_hal_uart.o
    0x08003432   0x08003432   0x00000042   Code   RO         2000    i.UART_DMATransmitCplt  stm32f1xx_hal_uart.o
    0x08003474   0x08003474   0x0000000a   Code   RO         2002    i.UART_DMATxHalfCplt  stm32f1xx_hal_uart.o
    0x0800347e   0x0800347e   0x0000004e   Code   RO         2004    i.UART_EndRxTransfer  stm32f1xx_hal_uart.o
    0x080034cc   0x080034cc   0x0000001c   Code   RO         2005    i.UART_EndTxTransfer  stm32f1xx_hal_uart.o
    0x080034e8   0x080034e8   0x000000c2   Code   RO         2006    i.UART_Receive_IT   stm32f1xx_hal_uart.o
    0x080035aa   0x080035aa   0x00000002   PAD
    0x080035ac   0x080035ac   0x000000b8   Code   RO         2007    i.UART_SetConfig    stm32f1xx_hal_uart.o
    0x08003664   0x08003664   0x00000090   Code   RO         2008    i.UART_Start_Receive_DMA  stm32f1xx_hal_uart.o
    0x080036f4   0x080036f4   0x0000000c   Code   RO          314    i.USART3_IRQHandler  stm32f1xx_it.o
    0x08003700   0x08003700   0x00000002   Code   RO          315    i.UsageFault_Handler  stm32f1xx_it.o
    0x08003702   0x08003702   0x00000028   Code   RO         2551    i.__ARM_fpclassify  m_ws.l(fpclassify.o)
    0x0800372a   0x0800372a   0x00000026   Code   RO         2472    i.__ARM_fpclassifyf  m_ws.l(fpclassifyf.o)
    0x08003750   0x08003750   0x00000020   Code   RO         1464    i.__NVIC_SetPriority  stm32f1xx_hal_cortex.o
    0x08003770   0x08003770   0x00000004   Code   RO         2476    i.__mathlib_flt_infnan2  m_ws.l(funder.o)
    0x08003774   0x08003774   0x0000000a   Code   RO         2480    i.__mathlib_flt_underflow  m_ws.l(funder.o)
    0x0800377e   0x0800377e   0x0000000e   Code   RO         2369    i._is_digit         c_w.l(__printf_wp.o)
    0x0800378c   0x0800378c   0x000002a4   Code   RO         2434    i.atan2f            m_ws.l(atan2f.o)
    0x08003a30   0x08003a30   0x00000148   Code   RO           16    i.main              main.o
    0x08003b78   0x08003b78   0x0000002c   Code   RO         2442    i.sqrtf             m_ws.l(sqrtf.o)
    0x08003ba4   0x08003ba4   0x0000002c   Code   RO         2545    locale$$code        c_w.l(lc_numeric_c.o)
    0x08003bd0   0x08003bd0   0x00000062   Code   RO         2389    x$fpl$d2f           fz_ws.l(d2f.o)
    0x08003c32   0x08003c32   0x00000002   PAD
    0x08003c34   0x08003c34   0x00000150   Code   RO         2391    x$fpl$dadd          fz_ws.l(daddsub_clz.o)
    0x08003d84   0x08003d84   0x000002b0   Code   RO         2398    x$fpl$ddiv          fz_ws.l(ddiv.o)
    0x08004034   0x08004034   0x00000154   Code   RO         2407    x$fpl$dmul          fz_ws.l(dmul.o)
    0x08004188   0x08004188   0x0000009c   Code   RO         2459    x$fpl$dnaninf       fz_ws.l(dnaninf.o)
    0x08004224   0x08004224   0x0000000c   Code   RO         2461    x$fpl$dretinf       fz_ws.l(dretinf.o)
    0x08004230   0x08004230   0x00000016   Code   RO         2392    x$fpl$drsb          fz_ws.l(daddsub_clz.o)
    0x08004246   0x08004246   0x00000002   PAD
    0x08004248   0x08004248   0x000001d4   Code   RO         2393    x$fpl$dsub          fz_ws.l(daddsub_clz.o)
    0x0800441c   0x0800441c   0x00000056   Code   RO         2409    x$fpl$f2d           fz_ws.l(f2d.o)
    0x08004472   0x08004472   0x00000002   PAD
    0x08004474   0x08004474   0x000000c4   Code   RO         2411    x$fpl$fadd          fz_ws.l(faddsub_clz.o)
    0x08004538   0x08004538   0x0000000c   Code   RO         2463    x$fpl$fcheck1       fz_ws.l(fcheck1.o)
    0x08004544   0x08004544   0x00000184   Code   RO         2418    x$fpl$fdiv          fz_ws.l(fdiv.o)
    0x080046c8   0x080046c8   0x00000030   Code   RO         2422    x$fpl$fflt          fz_ws.l(fflt_clz.o)
    0x080046f8   0x080046f8   0x00000026   Code   RO         2421    x$fpl$ffltu         fz_ws.l(fflt_clz.o)
    0x0800471e   0x0800471e   0x00000002   PAD
    0x08004720   0x08004720   0x00000102   Code   RO         2427    x$fpl$fmul          fz_ws.l(fmul.o)
    0x08004822   0x08004822   0x0000008c   Code   RO         2465    x$fpl$fnaninf       fz_ws.l(fnaninf.o)
    0x080048ae   0x080048ae   0x0000000a   Code   RO         2467    x$fpl$fretinf       fz_ws.l(fretinf.o)
    0x080048b8   0x080048b8   0x00000014   Code   RO         2412    x$fpl$frsb          fz_ws.l(faddsub_clz.o)
    0x080048cc   0x080048cc   0x00000110   Code   RO         2469    x$fpl$fsqrt         fz_ws.l(fsqrt.o)
    0x080049dc   0x080049dc   0x000000ea   Code   RO         2413    x$fpl$fsub          fz_ws.l(faddsub_clz.o)
    0x08004ac6   0x08004ac6   0x00000004   Code   RO         2429    x$fpl$printf1       fz_ws.l(printf1.o)
    0x08004aca   0x08004aca   0x00000064   Code   RO         2549    x$fpl$retnan        fz_ws.l(retnan.o)
    0x08004b2e   0x08004b2e   0x0000004c   Code   RO         2431    x$fpl$scalbnf       fz_ws.l(scalbnf.o)
    0x08004b7a   0x08004b7a   0x00000030   Code   RO         2613    x$fpl$trapveneer    fz_ws.l(trapv.o)
    0x08004baa   0x08004baa   0x00000000   Code   RO         2471    x$fpl$usenofp       fz_ws.l(usenofp.o)
    0x08004baa   0x08004baa   0x00000012   Data   RO         1162    .constdata          stm32f1xx_hal_rcc.o
    0x08004bbc   0x08004bbc   0x00000010   Data   RO         2316    .constdata          system_stm32f1xx.o
    0x08004bcc   0x08004bcc   0x00000008   Data   RO         2317    .constdata          system_stm32f1xx.o
    0x08004bd4   0x08004bd4   0x00000094   Data   RO         2520    .constdata          c_w.l(bigflt0.o)
    0x08004c68   0x08004c68   0x00000020   Data   RO         2696    Region$$Table       anon$$obj.o
    0x08004c88   0x08004c88   0x0000001c   Data   RO         2544    locale$$data        c_w.l(lc_numeric_c.o)


    Execution Region RW_IRAM1 (Exec base: 0x20000000, Load base: 0x08004ca4, Size: 0x00000840, Max: 0x00005000, ABSOLUTE)

    Exec Addr    Load Addr    Size         Type   Attr      Idx    E Section Name        Object

    0x20000000   0x08004ca4   0x00000001   Data   RW           19    .data               main.o
    0x20000001   0x08004ca5   0x00000003   PAD
    0x20000004   0x08004ca8   0x00000008   Data   RW          432    .data               mpu6050.o
    0x2000000c   0x08004cb0   0x0000000c   Data   RW          999    .data               stm32f1xx_hal.o
    0x20000018   0x08004cbc   0x00000004   Data   RW         2318    .data               system_stm32f1xx.o
    0x2000001c        -       0x0000000a   Zero   RW           17    .bss                main.o
    0x20000026   0x08004cc0   0x00000002   PAD
    0x20000028        -       0x00000054   Zero   RW          223    .bss                i2c.o
    0x2000007c        -       0x000000d0   Zero   RW          265    .bss                usart.o
    0x2000014c   0x08004cc0   0x00000004   PAD
    0x20000150        -       0x00000090   Zero   RW          431    .bss                mpu6050.o
    0x200001e0        -       0x00000060   Zero   RW         2554    .bss                c_w.l(libspace.o)
    0x20000240        -       0x00000200   Zero   RW            2    HEAP                startup_stm32f103xb.o
    0x20000440        -       0x00000400   Zero   RW            1    STACK               startup_stm32f103xb.o


==============================================================================

Image component sizes


      Code (inc. data)   RO Data    RW Data    ZI Data      Debug   Object Name

        60          4          0          0          0        706   dma.o
        60          6          0          0          0        759   gpio.o
       156         26          0          0         84       1505   i2c.o
       462        130          0          1         10     404838   main.o
      1352         66          0          8        144       6129   mpu6050.o
        64         26        236          0       1536        780   startup_stm32f103xb.o
       128         24          0         12          0       5089   stm32f1xx_hal.o
       198         14          0          0          0      28771   stm32f1xx_hal_cortex.o
       808         36          0          0          0       4778   stm32f1xx_hal_dma.o
       480         34          0          0          0       2200   stm32f1xx_hal_gpio.o
      2382         56          0          0          0      12650   stm32f1xx_hal_i2c.o
        60          8          0          0          0        814   stm32f1xx_hal_msp.o
      1240         84         18          0          0       4932   stm32f1xx_hal_rcc.o
      1948         38          0          0          0      14593   stm32f1xx_hal_uart.o
        56         18          0          0          0       4844   stm32f1xx_it.o
         2          0         24          4          0       1023   system_stm32f1xx.o
       276         30          0          0        208       1764   usart.o

    ----------------------------------------------------------------------
      9744        600        310         28       1988     496175   Object Totals
         0          0         32          0          0          0   (incl. Generated)
        12          0          0          3          6          0   (incl. Padding)

    ----------------------------------------------------------------------

      Code (inc. data)   RO Data    RW Data    ZI Data      Debug   Library Member Name

         8          0          0          0          0         68   __main.o
       284          0          0          0          0        156   __printf_wp.o
         0          0          0          0          0          0   __rtentry.o
        12          0          0          0          0          0   __rtentry2.o
         6          0          0          0          0          0   __rtentry4.o
        52          8          0          0          0          0   __scatter.o
        26          0          0          0          0          0   __scatter_copy.o
        28          0          0          0          0          0   __scatter_zi.o
        48          6          0          0          0         96   _printf_char_common.o
         6          0          0          0          0          0   _printf_f.o
      1054          0          0          0          0        216   _printf_fp_dec.o
       128         16          0          0          0         84   _printf_fp_infnan.o
         0          0          0          0          0          0   _printf_percent.o
         4          0          0          0          0          0   _printf_percent_end.o
        22          0          0          0          0        100   _rserrno.o
        10          0          0          0          0         68   _sputc.o
       228          4        148          0          0         96   bigflt0.o
      1936        128          0          0          0        672   btod.o
        18          0          0          0          0         80   exit.o
         6          0          0          0          0        152   heapauxi.o
         0          0          0          0          0          0   indicate_semi.o
        44         10         28          0          0         76   lc_numeric_c.o
         2          0          0          0          0          0   libinit.o
        18          0          0          0          0          0   libinit2.o
         2          0          0          0          0          0   libshutdown.o
         2          0          0          0          0          0   libshutdown2.o
         8          4          0          0         96         68   libspace.o
       138          0          0          0          0         80   lludiv10.o
        40          6          0          0          0         84   noretval__2sprintf.o
         8          4          0          0          0         68   rt_errno_addr_intlibspace.o
         8          4          0          0          0         68   rt_locale_intlibspace.o
        78          0          0          0          0         80   rt_memclr_w.o
         2          0          0          0          0          0   rtexit.o
        10          0          0          0          0          0   rtexit2.o
       128          0          0          0          0         68   strcmpv7m.o
        62          0          0          0          0         76   strlen.o
        12          4          0          0          0         68   sys_exit.o
        74          0          0          0          0         80   sys_stackheap_outer.o
         2          0          0          0          0         68   use_no_semi.o
        98          4          0          0          0         92   d2f.o
       826         16          0          0          0        348   daddsub_clz.o
       688        140          0          0          0        208   ddiv.o
       340         12          0          0          0        104   dmul.o
       156          4          0          0          0         92   dnaninf.o
        12          0          0          0          0         68   dretinf.o
        86          4          0          0          0         84   f2d.o
       450          8          0          0          0        236   faddsub_clz.o
        12          4          0          0          0         68   fcheck1.o
       388         76          0          0          0         96   fdiv.o
        86          0          0          0          0        136   fflt_clz.o
       258          4          0          0          0         84   fmul.o
       140          4          0          0          0         84   fnaninf.o
        10          0          0          0          0         68   fretinf.o
       272        100          0          0          0         88   fsqrt.o
         4          0          0          0          0         68   printf1.o
       100          0          0          0          0         68   retnan.o
        76          0          0          0          0         68   scalbnf.o
        48          0          0          0          0         68   trapv.o
         0          0          0          0          0          0   usenofp.o
       676         78          0          0          0        116   atan2f.o
        40          0          0          0          0         68   fpclassify.o
        38          0          0          0          0         68   fpclassifyf.o
        14          0          0          0          0        136   funder.o
        44          0          0          0          0         80   sqrtf.o

    ----------------------------------------------------------------------
      9390        648        176          0         96       5268   Library Totals
        14          0          0          0          0          0   (incl. Padding)

    ----------------------------------------------------------------------

      Code (inc. data)   RO Data    RW Data    ZI Data      Debug   Library Name

      4514        194        176          0         96       2672   c_w.l
      4050        376          0          0          0       2128   fz_ws.l
       812         78          0          0          0        468   m_ws.l

    ----------------------------------------------------------------------
      9390        648        176          0         96       5268   Library Totals

    ----------------------------------------------------------------------

==============================================================================


      Code (inc. data)   RO Data    RW Data    ZI Data      Debug   

     19134       1248        486         28       2084     494211   Grand Totals
     19134       1248        486         28       2084     494211   ELF Image Totals
     19134       1248        486         28          0          0   ROM Totals

==============================================================================

    Total RO  Size (Code + RO Data)                19620 (  19.16kB)
    Total RW  Size (RW Data + ZI Data)              2112 (   2.06kB)
    Total ROM Size (Code + RO Data + RW Data)      19648 (  19.19kB)

==============================================================================

